datasets/sales.csv
date,product_id,product_name,brand,category,selling_price,units_sold,revenue,promotion_discount_pct
2025-11-20,SKU_1001,Coca Cola 200ml Regular,Coca Cola,Beverages,19.31,266,5136.46,10
2025-11-21,SKU_1001,Coca Cola 200ml Regular,Coca Cola,Beverages,20.97,250,5242.5,0
2025-11-22,SKU_1001,Coca Cola 200ml Regular,Coca Cola,Beverages,19.93,253,5042.29,0
2025-11-23,SKU_1001,Coca Cola 200ml Regular,Coca Cola,Beverages,21.05,250,5262.5,0
2025-11-24,SKU_1001,Coca Cola 200ml Regular,Coca Cola,Beverages,19.73,275,5425.75,5
2025-11-25,SKU_1001,Coca Cola 200ml Regular,Coca Cola,Beverages,21.14,250,5285.0,0
2025-11-26,SKU_1001,Coca Cola 200ml Regular,Coca Cola,Beverages,20.39,287,5851.93,5
2025-11-27,SKU_1001,Coca Cola 200ml Regular,Coca Cola,Beverages,21.07,250,5267.5,0
2025-11-28,SKU_1001,Coca Cola 200ml Regular,Coca Cola,Beverages,19.77,253,5001.81,0
2025-11-29,SKU_1001,Coca Cola 200ml Regular,Coca Cola,Beverages,21.49,264,5673.36,10
2025-11-30,SKU_1001,Coca Cola 200ml Regular,Coca Cola,Beverages,19.32,276,5332.32,10
2025-12-01,SKU_1001,Coca Cola 200ml Regular,Coca Cola,Beverages,20.4,218,4447.2,0
2025-12-02,SKU_1001,Coca Cola 200ml Regular,Coca Cola,Beverages,19.55,221,4320.55,0
2025-12-03,SKU_1001,Coca Cola 200ml Regular,Coca Cola,Beverages,19.55,235,4594.25,10
2025-12-04,SKU_1001,Coca Cola 200ml Regular,Coca Cola,Beverages,19.42,221,4291.82,0
2025-12-05,SKU_1001,Coca Cola 200ml Regular,Coca Cola,Beverages,19.51,257,5014.07,10
2025-12-06,SKU_1001,Coca Cola 200ml Regular,Coca Cola,Beverages,19.14,246,4708.44,10
2025-12-07,SKU_1001,Coca Cola 200ml Regular,Coca Cola,Beverages,20.68,218,4508.24,0
2025-12-08,SKU_1001,Coca Cola 200ml Regular,Coca Cola,Beverages,19.65,245,4814.25,10
2025-12-09,SKU_1001,Coca Cola 200ml Regular,Coca Cola,Beverages,21.47,217,4658.99,0
2025-12-10,SKU_1001,Coca Cola 200ml Regular,Coca Cola,Beverages,19.26,221,4256.46,0
2025-12-11,SKU_1001,Coca Cola 200ml Regular,Coca Cola,Beverages,19.83,251,4977.33,10
2025-12-12,SKU_1001,Coca Cola 200ml Regular,Coca Cola,Beverages,19.79,248,4907.92,10
2025-12-13,SKU_1001,Coca Cola 200ml Regular,Coca Cola,Beverages,19.95,235,4688.25,5
2025-12-14,SKU_1001,Coca Cola 200ml Regular,Coca Cola,Beverages,19.01,221,4201.21,0
2025-12-15,SKU_1001,Coca Cola 200ml Regular,Coca Cola,Beverages,20.85,217,4524.45,0
2025-12-16,SKU_1001,Coca Cola 200ml Regular,Coca Cola,Beverages,21.18,217,4596.06,0
2025-12-17,SKU_1001,Coca Cola 200ml Regular,Coca Cola,Beverages,21.28,217,4617.76,0
2025-12-18,SKU_1001,Coca Cola 200ml Regular,Coca Cola,Beverages,21.01,217,4559.17,0
2025-12-19,SKU_1001,Coca Cola 200ml Regular,Coca Cola,Beverages,19.46,221,4300.66,0
2025-12-20,SKU_1001,Coca Cola 200ml Regular,Coca Cola,Beverages,21.23,233,4946.59,10
2025-12-21,SKU_1001,Coca Cola 200ml Regular,Coca Cola,Beverages,19.68,220,4329.6,0
2025-12-22,SKU_1001,Coca Cola 200ml Regular,Coca Cola,Beverages,20.89,247,5159.83,10
2025-12-23,SKU_1001,Coca Cola 200ml Regular,Coca Cola,Beverages,19.08,256,4884.48,5
2025-12-24,SKU_1001,Coca Cola 200ml Regular,Coca Cola,Beverages,20.53,236,4845.08,10
2025-12-25,SKU_1001,Coca Cola 200ml Regular,Coca Cola,Beverages,20.41,248,5061.68,5
2025-12-26,SKU_1001,Coca Cola 200ml Regular,Coca Cola,Beverages,21.02,217,4561.34,0
2025-12-27,SKU_1001,Coca Cola 200ml Regular,Coca Cola,Beverages,21.32,216,4605.12,0
2025-12-28,SKU_1001,Coca Cola 200ml Regular,Coca Cola,Beverages,19.35,221,4276.35,0
2025-12-29,SKU_1001,Coca Cola 200ml Regular,Coca Cola,Beverages,20.03,219,4386.57,0
2025-12-30,SKU_1001,Coca Cola 200ml Regular,Coca Cola,Beverages,21.2,247,5236.4,10
2025-12-31,SKU_1001,Coca Cola 200ml Regular,Coca Cola,Beverages,19.43,236,4585.48,5
2026-01-01,SKU_1001,Coca Cola 200ml Regular,Coca Cola,Beverages,19.47,221,4302.87,0
2026-01-02,SKU_1001,Coca Cola 200ml Regular,Coca Cola,Beverages,20.91,217,4537.47,0
2026-01-03,SKU_1001,Coca Cola 200ml Regular,Coca Cola,Beverages,19.11,222,4242.42,0
2026-01-04,SKU_1001,Coca Cola 200ml Regular,Coca Cola,Beverages,19.16,221,4234.36,0
2026-01-05,SKU_1001,Coca Cola 200ml Regular,Coca Cola,Beverages,20.74,218,4521.32,0
2026-01-06,SKU_1001,Coca Cola 200ml Regular,Coca Cola,Beverages,20.01,219,4382.19,0
2026-01-07,SKU_1001,Coca Cola 200ml Regular,Coca Cola,Beverages,19.1,222,4240.2,0
2026-01-08,SKU_1001,Coca Cola 200ml Regular,Coca Cola,Beverages,20.83,218,4540.94,0
2026-01-09,SKU_1001,Coca Cola 200ml Regular,Coca Cola,Beverages,21.17,245,5186.65,10
2026-01-10,SKU_1001,Coca Cola 200ml Regular,Coca Cola,Beverages,19.45,221,4298.45,0
2026-01-11,SKU_1001,Coca Cola 200ml Regular,Coca Cola,Beverages,20.53,218,4475.54,0
2026-01-12,SKU_1001,Coca Cola 200ml Regular,Coca Cola,Beverages,20.34,219,4454.46,0
2026-01-13,SKU_1001,Coca Cola 200ml Regular,Coca Cola,Beverages,20.34,219,4454.46,0
2026-01-14,SKU_1001,Coca Cola 200ml Regular,Coca Cola,Beverages,20.27,229,4641.83,10
2026-01-15,SKU_1001,Coca Cola 200ml Regular,Coca Cola,Beverages,20.3,219,4445.7,0
2026-01-16,SKU_1001,Coca Cola 200ml Regular,Coca Cola,Beverages,19.6,220,4312.0,0
2026-01-17,SKU_1001,Coca Cola 200ml Regular,Coca Cola,Beverages,19.55,220,4301.0,0
2026-01-18,SKU_1001,Coca Cola 200ml Regular,Coca Cola,Beverages,20.57,218,4484.26,0
2026-01-19,SKU_1001,Coca Cola 200ml Regular,Coca Cola,Beverages,20.08,219,4397.52,0
2026-01-20,SKU_1001,Coca Cola 200ml Regular,Coca Cola,Beverages,20.25,219,4434.75,0
2026-01-21,SKU_1001,Coca Cola 200ml Regular,Coca Cola,Beverages,20.54,228,4683.12,5
2026-01-22,SKU_1001,Coca Cola 200ml Regular,Coca Cola,Beverages,19.63,235,4613.05,10
2026-01-23,SKU_1001,Coca Cola 200ml Regular,Coca Cola,Beverages,19.35,235,4547.25,10
2026-01-24,SKU_1001,Coca Cola 200ml Regular,Coca Cola,Beverages,19.15,221,4232.15,0
2026-01-25,SKU_1001,Coca Cola 200ml Regular,Coca Cola,Beverages,20.34,249,5064.66,10
2026-01-26,SKU_1001,Coca Cola 200ml Regular,Coca Cola,Beverages,19.05,222,4229.1,0
2026-01-27,SKU_1001,Coca Cola 200ml Regular,Coca Cola,Beverages,21.46,242,5193.32,10
2026-01-28,SKU_1001,Coca Cola 200ml Regular,Coca Cola,Beverages,21.25,246,5227.5,5
2026-01-29,SKU_1001,Coca Cola 200ml Regular,Coca Cola,Beverages,19.37,221,4280.77,0
2026-01-30,SKU_1001,Coca Cola 200ml Regular,Coca Cola,Beverages,20.62,218,4495.16,0
2026-01-31,SKU_1001,Coca Cola 200ml Regular,Coca Cola,Beverages,20.88,247,5157.36,5
2026-02-01,SKU_1001,Coca Cola 200ml Regular,Coca Cola,Beverages,20.54,233,4785.82,5
2026-02-02,SKU_1001,Coca Cola 200ml Regular,Coca Cola,Beverages,19.28,252,4858.56,10
2026-02-03,SKU_1001,Coca Cola 200ml Regular,Coca Cola,Beverages,20.09,219,4399.71,0
2026-02-04,SKU_1001,Coca Cola 200ml Regular,Coca Cola,Beverages,19.46,232,4514.72,10
2026-02-05,SKU_1001,Coca Cola 200ml Regular,Coca Cola,Beverages,21.28,217,4617.76,0
2026-02-06,SKU_1001,Coca Cola 200ml Regular,Coca Cola,Beverages,19.24,248,4771.52,10
2026-02-07,SKU_1001,Coca Cola 200ml Regular,Coca Cola,Beverages,21.15,242,5118.3,5
2026-02-08,SKU_1001,Coca Cola 200ml Regular,Coca Cola,Beverages,20.09,242,4861.78,10
2026-02-09,SKU_1001,Coca Cola 200ml Regular,Coca Cola,Beverages,19.6,242,4743.2,5
2026-02-10,SKU_1001,Coca Cola 200ml Regular,Coca Cola,Beverages,20.53,231,4742.43,10
2026-02-11,SKU_1001,Coca Cola 200ml Regular,Coca Cola,Beverages,20.11,219,4404.09,0
2026-02-12,SKU_1001,Coca Cola 200ml Regular,Coca Cola,Beverages,21.37,255,5449.35,10
2026-02-13,SKU_1001,Coca Cola 200ml Regular,Coca Cola,Beverages,20.41,219,4469.79,0
2026-02-14,SKU_1001,Coca Cola 200ml Regular,Coca Cola,Beverages,20.84,243,5064.12,10
2026-02-15,SKU_1001,Coca Cola 200ml Regular,Coca Cola,Beverages,19.31,221,4267.51,0
2026-02-16,SKU_1001,Coca Cola 200ml Regular,Coca Cola,Beverages,20.79,218,4532.22,0
2026-02-17,SKU_1001,Coca Cola 200ml Regular,Coca Cola,Beverages,19.28,239,4607.92,10
2026-02-18,SKU_1001,Coca Cola 200ml Regular,Coca Cola,Beverages,19.68,241,4742.88,10
2026-02-19,SKU_1001,Coca Cola 200ml Regular,Coca Cola,Beverages,20.59,252,5188.68,5
2026-02-20,SKU_1001,Coca Cola 200ml Regular,Coca Cola,Beverages,19.53,246,4804.38,10
2026-02-21,SKU_1001,Coca Cola 200ml Regular,Coca Cola,Beverages,19.46,239,4650.94,5
2026-02-22,SKU_1001,Coca Cola 200ml Regular,Coca Cola,Beverages,21.57,249,5370.93,5
2026-02-23,SKU_1001,Coca Cola 200ml Regular,Coca Cola,Beverages,19.36,221,4278.56,0
2026-02-24,SKU_1001,Coca Cola 200ml Regular,Coca Cola,Beverages,20.94,217,4543.98,0
2026-02-25,SKU_1001,Coca Cola 200ml Regular,Coca Cola,Beverages,19.26,221,4256.46,0
2026-02-26,SKU_1001,Coca Cola 200ml Regular,Coca Cola,Beverages,21.08,217,4574.36,0
2026-02-27,SKU_1001,Coca Cola 200ml Regular,Coca Cola,Beverages,19.42,221,4291.82,0
2026-02-28,SKU_1001,Coca Cola 200ml Regular,Coca Cola,Beverages,21.09,256,5399.04,5
2026-03-01,SKU_1001,Coca Cola 200ml Regular,Coca Cola,Beverages,20.56,219,4502.64,0
2026-03-02,SKU_1001,Coca Cola 200ml Regular,Coca Cola,Beverages,19.58,220,4307.6,0
2026-03-03,SKU_1001,Coca Cola 200ml Regular,Coca Cola,Beverages,20.88,246,5136.48,5
2026-03-04,SKU_1001,Coca Cola 200ml Regular,Coca Cola,Beverages,20.71,229,4742.59,10
2026-03-05,SKU_1001,Coca Cola 200ml Regular,Coca Cola,Beverages,21.46,240,5150.4,5
2026-03-06,SKU_1001,Coca Cola 200ml Regular,Coca Cola,Beverages,19.03,241,4586.23,10
2026-03-07,SKU_1001,Coca Cola 200ml Regular,Coca Cola,Beverages,19.51,247,4818.97,10
2026-03-08,SKU_1001,Coca Cola 200ml Regular,Coca Cola,Beverages,20.82,218,4538.76,0
2026-03-09,SKU_1001,Coca Cola 200ml Regular,Coca Cola,Beverages,19.94,220,4386.8,0
2026-03-10,SKU_1001,Coca Cola 200ml Regular,Coca Cola,Beverages,19.23,242,4653.66,5
2026-03-11,SKU_1001,Coca Cola 200ml Regular,Coca Cola,Beverages,20.74,218,4521.32,0
2026-03-12,SKU_1001,Coca Cola 200ml Regular,Coca Cola,Beverages,20.35,219,4456.65,0
2026-03-13,SKU_1001,Coca Cola 200ml Regular,Coca Cola,Beverages,21.39,255,5454.45,10
2026-03-14,SKU_1001,Coca Cola 200ml Regular,Coca Cola,Beverages,20.52,218,4473.36,0
2026-03-15,SKU_1001,Coca Cola 200ml Regular,Coca Cola,Beverages,19.59,260,5093.4,5
2026-03-16,SKU_1001,Coca Cola 200ml Regular,Coca Cola,Beverages,20.05,219,4390.95,0
2026-03-17,SKU_1001,Coca Cola 200ml Regular,Coca Cola,Beverages,20.06,219,4393.14,0
2026-03-18,SKU_1001,Coca Cola 200ml Regular,Coca Cola,Beverages,20.31,219,4447.89,0
2026-03-19,SKU_1001,Coca Cola 200ml Regular,Coca Cola,Beverages,21.09,252,5314.68,10
2026-03-20,SKU_1001,Coca Cola 200ml Regular,Coca Cola,Beverages,21.06,258,5433.48,5
2026-03-21,SKU_1001,Coca Cola 200ml Regular,Coca Cola,Beverages,19.98,220,4395.6,0
2026-03-22,SKU_1001,Coca Cola 200ml Regular,Coca Cola,Beverages,20.97,248,5200.56,5
2026-03-23,SKU_1001,Coca Cola 200ml Regular,Coca Cola,Beverages,20.2,219,4423.8,0
2026-03-24,SKU_1001,Coca Cola 200ml Regular,Coca Cola,Beverages,20.25,249,5042.25,5
2026-03-25,SKU_1001,Coca Cola 200ml Regular,Coca Cola,Beverages,21.05,218,4588.9,0
2026-03-26,SKU_1001,Coca Cola 200ml Regular,Coca Cola,Beverages,21.08,217,4574.36,0
2026-03-27,SKU_1001,Coca Cola 200ml Regular,Coca Cola,Beverages,20.34,219,4454.46,0
2026-03-28,SKU_1001,Coca Cola 200ml Regular,Coca Cola,Beverages,19.65,220,4323.0,0
2026-03-29,SKU_1001,Coca Cola 200ml Regular,Coca Cola,Beverages,19.2,242,4646.4,5
2026-03-30,SKU_1001,Coca Cola 200ml Regular,Coca Cola,Beverages,19.92,220,4382.4,0
2026-03-31,SKU_1001,Coca Cola 200ml Regular,Coca Cola,Beverages,19.48,221,4305.08,0
2026-04-01,SKU_1001,Coca Cola 200ml Regular,Coca Cola,Beverages,20.3,274,5562.2,0
2026-04-02,SKU_1001,Coca Cola 200ml Regular,Coca Cola,Beverages,21.27,272,5785.44,0
2026-04-03,SKU_1001,Coca Cola 200ml Regular,Coca Cola,Beverages,21.17,270,5715.9,0
2026-04-04,SKU_1001,Coca Cola 200ml Regular,Coca Cola,Beverages,19.41,276,5357.16,0
2026-04-05,SKU_1001,Coca Cola 200ml Regular,Coca Cola,Beverages,20.76,282,5854.32,10
2026-04-06,SKU_1001,Coca Cola 200ml Regular,Coca Cola,Beverages,20.99,272,5709.28,0
2026-04-07,SKU_1001,Coca Cola 200ml Regular,Coca Cola,Beverages,21.2,271,5745.2,0
2026-04-08,SKU_1001,Coca Cola 200ml Regular,Coca Cola,Beverages,20.28,310,6286.8,10
2026-04-09,SKU_1001,Coca Cola 200ml Regular,Coca Cola,Beverages,19.71,293,5775.03,10
2026-04-10,SKU_1001,Coca Cola 200ml Regular,Coca Cola,Beverages,20.03,274,5488.22,0
2026-04-11,SKU_1001,Coca Cola 200ml Regular,Coca Cola,Beverages,19.14,317,6067.38,5
2026-04-12,SKU_1001,Coca Cola 200ml Regular,Coca Cola,Beverages,20.41,310,6327.1,5
2026-04-13,SKU_1001,Coca Cola 200ml Regular,Coca Cola,Beverages,20.78,273,5672.94,0
2026-04-14,SKU_1001,Coca Cola 200ml Regular,Coca Cola,Beverages,20.82,272,5663.04,0
2026-04-15,SKU_1001,Coca Cola 200ml Regular,Coca Cola,Beverages,19.03,290,5518.7,10
2026-04-16,SKU_1001,Coca Cola 200ml Regular,Coca Cola,Beverages,19.85,275,5458.75,0
2026-04-17,SKU_1001,Coca Cola 200ml Regular,Coca Cola,Beverages,19.49,276,5379.24,0
2026-04-18,SKU_1001,Coca Cola 200ml Regular,Coca Cola,Beverages,20.23,274,5543.02,0
2026-04-19,SKU_1001,Coca Cola 200ml Regular,Coca Cola,Beverages,19.48,308,5999.84,5
2026-04-20,SKU_1001,Coca Cola 200ml Regular,Coca Cola,Beverages,20.96,290,6078.4,5
2026-04-21,SKU_1001,Coca Cola 200ml Regular,Coca Cola,Beverages,20.17,305,6151.85,10
2026-04-22,SKU_1001,Coca Cola 200ml Regular,Coca Cola,Beverages,19.59,275,5387.25,0
2026-04-23,SKU_1001,Coca Cola 200ml Regular,Coca Cola,Beverages,21.09,287,6052.83,5
2026-04-24,SKU_1001,Coca Cola 200ml Regular,Coca Cola,Beverages,19.38,277,5368.26,0
2026-04-25,SKU_1001,Coca Cola 200ml Regular,Coca Cola,Beverages,20.23,299,6048.77,5
2026-04-26,SKU_1001,Coca Cola 200ml Regular,Coca Cola,Beverages,19.35,304,5882.4,10
2026-04-27,SKU_1001,Coca Cola 200ml Regular,Coca Cola,Beverages,20.87,272,5676.64,0
2026-04-28,SKU_1001,Coca Cola 200ml Regular,Coca Cola,Beverages,19.65,276,5423.4,0
2026-04-29,SKU_1001,Coca Cola 200ml Regular,Coca Cola,Beverages,20.04,274,5490.96,0
2026-04-30,SKU_1001,Coca Cola 200ml Regular,Coca Cola,Beverages,19.56,276,5398.56,0
2026-05-01,SKU_1001,Coca Cola 200ml Regular,Coca Cola,Beverages,20.17,274,5526.58,0
2026-05-02,SKU_1001,Coca Cola 200ml Regular,Coca Cola,Beverages,19.94,275,5483.5,0
2026-05-03,SKU_1001,Coca Cola 200ml Regular,Coca Cola,Beverages,19.89,275,5469.75,0
2026-05-04,SKU_1001,Coca Cola 200ml Regular,Coca Cola,Beverages,21.26,270,5740.2,0
2026-05-05,SKU_1001,Coca Cola 200ml Regular,Coca Cola,Beverages,20.5,288,5904.0,10
2026-05-06,SKU_1001,Coca Cola 200ml Regular,Coca Cola,Beverages,21.55,271,5840.05,0
2026-05-07,SKU_1001,Coca Cola 200ml Regular,Coca Cola,Beverages,20.75,310,6432.5,5
2026-05-08,SKU_1001,Coca Cola 200ml Regular,Coca Cola,Beverages,19.2,307,5894.4,5
2026-05-09,SKU_1001,Coca Cola 200ml Regular,Coca Cola,Beverages,21.49,269,5780.81,0
2026-05-10,SKU_1001,Coca Cola 200ml Regular,Coca Cola,Beverages,20.1,311,6251.1,5
2026-05-11,SKU_1001,Coca Cola 200ml Regular,Coca Cola,Beverages,21.36,272,5809.92,0
2026-05-12,SKU_1001,Coca Cola 200ml Regular,Coca Cola,Beverages,19.59,276,5406.84,0
2026-05-13,SKU_1001,Coca Cola 200ml Regular,Coca Cola,Beverages,20.85,290,6046.5,5
2026-05-14,SKU_1001,Coca Cola 200ml Regular,Coca Cola,Beverages,21.31,270,5753.7,0
2026-05-15,SKU_1001,Coca Cola 200ml Regular,Coca Cola,Beverages,20.94,295,6177.3,5
2026-05-16,SKU_1001,Coca Cola 200ml Regular,Coca Cola,Beverages,19.44,276,5365.44,0
2026-05-17,SKU_1001,Coca Cola 200ml Regular,Coca Cola,Beverages,20.89,272,5682.08,0
2026-05-18,SKU_1001,Coca Cola 200ml Regular,Coca Cola,Beverages,19.55,276,5395.8,0
