datasets/sales.csv
date,product_id,product_name,brand,category,selling_price,units_sold,revenue,promotion_discount_pct
2025-11-20,SKU_1003,Coca Cola 200ml Family,Coca Cola,Beverages,29.46,254,7482.84,0
2025-11-21,SKU_1003,Coca Cola 200ml Family,Coca Cola,Beverages,30.87,250,7717.5,0
2025-11-22,SKU_1003,Coca Cola 200ml Family,Coca Cola,Beverages,30.04,281,8441.24,10
2025-11-23,SKU_1003,Coca Cola 200ml Family,Coca Cola,Beverages,30.59,251,7678.09,0
2025-11-24,SKU_1003,Coca Cola 200ml Family,Coca Cola,Beverages,30.53,251,7663.03,0
2025-11-25,SKU_1003,Coca Cola 200ml Family,Coca Cola,Beverages,31.92,270,8618.4,10
2025-11-26,SKU_1003,Coca Cola 200ml Family,Coca Cola,Beverages,32.34,274,8861.16,5
2025-11-27,SKU_1003,Coca Cola 200ml Family,Coca Cola,Beverages,31.48,247,7775.56,0
2025-11-28,SKU_1003,Coca Cola 200ml Family,Coca Cola,Beverages,29.64,253,7498.92,0
2025-11-29,SKU_1003,Coca Cola 200ml Family,Coca Cola,Beverages,31.52,249,7848.48,0
2025-11-30,SKU_1003,Coca Cola 200ml Family,Coca Cola,Beverages,30.15,252,7597.8,0
2025-12-01,SKU_1003,Coca Cola 200ml Family,Coca Cola,Beverages,31.19,252,7859.88,5
2025-12-02,SKU_1003,Coca Cola 200ml Family,Coca Cola,Beverages,31.02,231,7165.62,10
2025-12-03,SKU_1003,Coca Cola 200ml Family,Coca Cola,Beverages,29.2,235,6862.0,10
2025-12-04,SKU_1003,Coca Cola 200ml Family,Coca Cola,Beverages,30.03,219,6576.57,0
2025-12-05,SKU_1003,Coca Cola 200ml Family,Coca Cola,Beverages,29.2,221,6453.2,0
2025-12-06,SKU_1003,Coca Cola 200ml Family,Coca Cola,Beverages,31.94,216,6899.04,0
2025-12-07,SKU_1003,Coca Cola 200ml Family,Coca Cola,Beverages,31.2,216,6739.2,0
2025-12-08,SKU_1003,Coca Cola 200ml Family,Coca Cola,Beverages,31.3,217,6792.1,0
2025-12-09,SKU_1003,Coca Cola 200ml Family,Coca Cola,Beverages,31.25,216,6750.0,0
2025-12-10,SKU_1003,Coca Cola 200ml Family,Coca Cola,Beverages,30.54,247,7543.38,10
2025-12-11,SKU_1003,Coca Cola 200ml Family,Coca Cola,Beverages,32.2,226,7277.2,5
2025-12-12,SKU_1003,Coca Cola 200ml Family,Coca Cola,Beverages,31.5,252,7938.0,10
2025-12-13,SKU_1003,Coca Cola 200ml Family,Coca Cola,Beverages,31.07,218,6773.26,0
2025-12-14,SKU_1003,Coca Cola 200ml Family,Coca Cola,Beverages,29.2,241,7037.2,5
2025-12-15,SKU_1003,Coca Cola 200ml Family,Coca Cola,Beverages,29.71,239,7100.69,5
2025-12-16,SKU_1003,Coca Cola 200ml Family,Coca Cola,Beverages,30.94,218,6744.92,0
2025-12-17,SKU_1003,Coca Cola 200ml Family,Coca Cola,Beverages,32.25,216,6966.0,0
2025-12-18,SKU_1003,Coca Cola 200ml Family,Coca Cola,Beverages,28.55,250,7137.5,5
2025-12-19,SKU_1003,Coca Cola 200ml Family,Coca Cola,Beverages,31.65,233,7374.45,5
2025-12-20,SKU_1003,Coca Cola 200ml Family,Coca Cola,Beverages,29.35,244,7161.4,5
2025-12-21,SKU_1003,Coca Cola 200ml Family,Coca Cola,Beverages,30.22,219,6618.18,0
2025-12-22,SKU_1003,Coca Cola 200ml Family,Coca Cola,Beverages,29.45,251,7391.95,10
2025-12-23,SKU_1003,Coca Cola 200ml Family,Coca Cola,Beverages,30.67,218,6686.06,0
2025-12-24,SKU_1003,Coca Cola 200ml Family,Coca Cola,Beverages,29.22,221,6457.62,0
2025-12-25,SKU_1003,Coca Cola 200ml Family,Coca Cola,Beverages,28.64,259,7417.76,10
2025-12-26,SKU_1003,Coca Cola 200ml Family,Coca Cola,Beverages,30.85,218,6725.3,0
2025-12-27,SKU_1003,Coca Cola 200ml Family,Coca Cola,Beverages,28.69,222,6369.18,0
2025-12-28,SKU_1003,Coca Cola 200ml Family,Coca Cola,Beverages,29.13,249,7253.37,10
2025-12-29,SKU_1003,Coca Cola 200ml Family,Coca Cola,Beverages,31.57,250,7892.5,5
2025-12-30,SKU_1003,Coca Cola 200ml Family,Coca Cola,Beverages,30.76,217,6674.92,0
2025-12-31,SKU_1003,Coca Cola 200ml Family,Coca Cola,Beverages,31.5,253,7969.5,5
2026-01-01,SKU_1003,Coca Cola 200ml Family,Coca Cola,Beverages,28.76,234,6729.84,10
2026-01-02,SKU_1003,Coca Cola 200ml Family,Coca Cola,Beverages,29.64,220,6520.8,0
2026-01-03,SKU_1003,Coca Cola 200ml Family,Coca Cola,Beverages,29.78,220,6551.6,0
2026-01-04,SKU_1003,Coca Cola 200ml Family,Coca Cola,Beverages,31.21,217,6772.57,0
2026-01-05,SKU_1003,Coca Cola 200ml Family,Coca Cola,Beverages,30.73,229,7037.17,10
2026-01-06,SKU_1003,Coca Cola 200ml Family,Coca Cola,Beverages,30.39,219,6655.41,0
2026-01-07,SKU_1003,Coca Cola 200ml Family,Coca Cola,Beverages,30.17,219,6607.23,0
2026-01-08,SKU_1003,Coca Cola 200ml Family,Coca Cola,Beverages,30.55,218,6659.9,0
2026-01-09,SKU_1003,Coca Cola 200ml Family,Coca Cola,Beverages,32.12,240,7708.8,5
2026-01-10,SKU_1003,Coca Cola 200ml Family,Coca Cola,Beverages,31.34,216,6769.44,0
2026-01-11,SKU_1003,Coca Cola 200ml Family,Coca Cola,Beverages,31.95,216,6901.2,0
2026-01-12,SKU_1003,Coca Cola 200ml Family,Coca Cola,Beverages,32.32,216,6981.12,0
2026-01-13,SKU_1003,Coca Cola 200ml Family,Coca Cola,Beverages,30.31,219,6637.89,0
2026-01-14,SKU_1003,Coca Cola 200ml Family,Coca Cola,Beverages,31.62,226,7146.12,5
2026-01-15,SKU_1003,Coca Cola 200ml Family,Coca Cola,Beverages,29.8,220,6556.0,0
2026-01-16,SKU_1003,Coca Cola 200ml Family,Coca Cola,Beverages,28.54,222,6335.88,0
2026-01-17,SKU_1003,Coca Cola 200ml Family,Coca Cola,Beverages,29.49,220,6487.8,0
2026-01-18,SKU_1003,Coca Cola 200ml Family,Coca Cola,Beverages,30.48,219,6675.12,0
2026-01-19,SKU_1003,Coca Cola 200ml Family,Coca Cola,Beverages,28.94,255,7379.7,5
2026-01-20,SKU_1003,Coca Cola 200ml Family,Coca Cola,Beverages,30.72,217,6666.24,0
2026-01-21,SKU_1003,Coca Cola 200ml Family,Coca Cola,Beverages,29.26,261,7636.86,5
2026-01-22,SKU_1003,Coca Cola 200ml Family,Coca Cola,Beverages,30.35,219,6646.65,0
2026-01-23,SKU_1003,Coca Cola 200ml Family,Coca Cola,Beverages,30.38,257,7807.66,10
2026-01-24,SKU_1003,Coca Cola 200ml Family,Coca Cola,Beverages,29.81,259,7720.79,5
2026-01-25,SKU_1003,Coca Cola 200ml Family,Coca Cola,Beverages,31.4,216,6782.4,0
2026-01-26,SKU_1003,Coca Cola 200ml Family,Coca Cola,Beverages,30.7,245,7521.5,10
2026-01-27,SKU_1003,Coca Cola 200ml Family,Coca Cola,Beverages,28.57,223,6371.11,0
2026-01-28,SKU_1003,Coca Cola 200ml Family,Coca Cola,Beverages,31.62,215,6798.3,0
2026-01-29,SKU_1003,Coca Cola 200ml Family,Coca Cola,Beverages,28.76,222,6384.72,0
2026-01-30,SKU_1003,Coca Cola 200ml Family,Coca Cola,Beverages,29.82,256,7633.92,10
2026-01-31,SKU_1003,Coca Cola 200ml Family,Coca Cola,Beverages,29.15,222,6471.3,0
2026-02-01,SKU_1003,Coca Cola 200ml Family,Coca Cola,Beverages,30.82,217,6687.94,0
2026-02-02,SKU_1003,Coca Cola 200ml Family,Coca Cola,Beverages,31.25,217,6781.25,0
2026-02-03,SKU_1003,Coca Cola 200ml Family,Coca Cola,Beverages,29.56,220,6503.2,0
2026-02-04,SKU_1003,Coca Cola 200ml Family,Coca Cola,Beverages,29.95,220,6589.0,0
2026-02-05,SKU_1003,Coca Cola 200ml Family,Coca Cola,Beverages,29.34,221,6484.14,0
2026-02-06,SKU_1003,Coca Cola 200ml Family,Coca Cola,Beverages,29.96,220,6591.2,0
2026-02-07,SKU_1003,Coca Cola 200ml Family,Coca Cola,Beverages,32.06,215,6892.9,0
2026-02-08,SKU_1003,Coca Cola 200ml Family,Coca Cola,Beverages,31.62,215,6798.3,0
2026-02-09,SKU_1003,Coca Cola 200ml Family,Coca Cola,Beverages,29.24,241,7046.84,10
2026-02-10,SKU_1003,Coca Cola 200ml Family,Coca Cola,Beverages,31.52,217,6839.84,0
2026-02-11,SKU_1003,Coca Cola 200ml Family,Coca Cola,Beverages,31.71,215,6817.65,0
2026-02-12,SKU_1003,Coca Cola 200ml Family,Coca Cola,Beverages,29.3,253,7412.9,5
2026-02-13,SKU_1003,Coca Cola 200ml Family,Coca Cola,Beverages,31.87,216,6883.92,0
2026-02-14,SKU_1003,Coca Cola 200ml Family,Coca Cola,Beverages,32.14,251,8067.14,10
2026-02-15,SKU_1003,Coca Cola 200ml Family,Coca Cola,Beverages,28.84,222,6402.48,0
2026-02-16,SKU_1003,Coca Cola 200ml Family,Coca Cola,Beverages,28.9,222,6415.8,0
2026-02-17,SKU_1003,Coca Cola 200ml Family,Coca Cola,Beverages,28.59,223,6375.57,0
2026-02-18,SKU_1003,Coca Cola 200ml Family,Coca Cola,Beverages,29.75,220,6545.0,0
2026-02-19,SKU_1003,Coca Cola 200ml Family,Coca Cola,Beverages,30.58,218,6666.44,0
2026-02-20,SKU_1003,Coca Cola 200ml Family,Coca Cola,Beverages,29.56,220,6503.2,0
2026-02-21,SKU_1003,Coca Cola 200ml Family,Coca Cola,Beverages,28.56,236,6740.16,10
2026-02-22,SKU_1003,Coca Cola 200ml Family,Coca Cola,Beverages,29.31,221,6477.51,0
2026-02-23,SKU_1003,Coca Cola 200ml Family,Coca Cola,Beverages,29.56,221,6532.76,0
2026-02-24,SKU_1003,Coca Cola 200ml Family,Coca Cola,Beverages,30.74,218,6701.32,0
2026-02-25,SKU_1003,Coca Cola 200ml Family,Coca Cola,Beverages,30.89,229,7073.81,5
2026-02-26,SKU_1003,Coca Cola 200ml Family,Coca Cola,Beverages,29.01,222,6440.22,0
2026-02-27,SKU_1003,Coca Cola 200ml Family,Coca Cola,Beverages,28.91,243,7025.13,5
2026-02-28,SKU_1003,Coca Cola 200ml Family,Coca Cola,Beverages,29.2,251,7329.2,10
2026-03-01,SKU_1003,Coca Cola 200ml Family,Coca Cola,Beverages,31.76,236,7495.36,10
2026-03-02,SKU_1003,Coca Cola 200ml Family,Coca Cola,Beverages,29.72,232,6895.04,10
2026-03-03,SKU_1003,Coca Cola 200ml Family,Coca Cola,Beverages,32.3,241,7784.3,5
2026-03-04,SKU_1003,Coca Cola 200ml Family,Coca Cola,Beverages,29.01,235,6817.35,5
2026-03-05,SKU_1003,Coca Cola 200ml Family,Coca Cola,Beverages,30.28,244,7388.32,5
2026-03-06,SKU_1003,Coca Cola 200ml Family,Coca Cola,Beverages,29.4,239,7026.6,10
2026-03-07,SKU_1003,Coca Cola 200ml Family,Coca Cola,Beverages,32.06,215,6892.9,0
2026-03-08,SKU_1003,Coca Cola 200ml Family,Coca Cola,Beverages,31.58,240,7579.2,5
2026-03-09,SKU_1003,Coca Cola 200ml Family,Coca Cola,Beverages,28.62,223,6382.26,0
2026-03-10,SKU_1003,Coca Cola 200ml Family,Coca Cola,Beverages,30.37,218,6620.66,0
2026-03-11,SKU_1003,Coca Cola 200ml Family,Coca Cola,Beverages,31.49,216,6801.84,0
2026-03-12,SKU_1003,Coca Cola 200ml Family,Coca Cola,Beverages,30.48,218,6644.64,0
2026-03-13,SKU_1003,Coca Cola 200ml Family,Coca Cola,Beverages,29.77,220,6549.4,0
2026-03-14,SKU_1003,Coca Cola 200ml Family,Coca Cola,Beverages,30.58,235,7186.3,5
2026-03-15,SKU_1003,Coca Cola 200ml Family,Coca Cola,Beverages,30.92,239,7389.88,5
2026-03-16,SKU_1003,Coca Cola 200ml Family,Coca Cola,Beverages,28.76,245,7046.2,10
2026-03-17,SKU_1003,Coca Cola 200ml Family,Coca Cola,Beverages,31.56,216,6816.96,0
2026-03-18,SKU_1003,Coca Cola 200ml Family,Coca Cola,Beverages,30.62,218,6675.16,0
2026-03-19,SKU_1003,Coca Cola 200ml Family,Coca Cola,Beverages,31.38,229,7186.02,5
2026-03-20,SKU_1003,Coca Cola 200ml Family,Coca Cola,Beverages,30.81,231,7117.11,10
2026-03-21,SKU_1003,Coca Cola 200ml Family,Coca Cola,Beverages,31.71,228,7229.88,5
2026-03-22,SKU_1003,Coca Cola 200ml Family,Coca Cola,Beverages,30.83,251,7738.33,10
2026-03-23,SKU_1003,Coca Cola 200ml Family,Coca Cola,Beverages,31.7,216,6847.2,0
2026-03-24,SKU_1003,Coca Cola 200ml Family,Coca Cola,Beverages,28.85,261,7529.85,10
2026-03-25,SKU_1003,Coca Cola 200ml Family,Coca Cola,Beverages,31.44,216,6791.04,0
2026-03-26,SKU_1003,Coca Cola 200ml Family,Coca Cola,Beverages,31.08,217,6744.36,0
2026-03-27,SKU_1003,Coca Cola 200ml Family,Coca Cola,Beverages,30.02,219,6574.38,0
2026-03-28,SKU_1003,Coca Cola 200ml Family,Coca Cola,Beverages,29.3,221,6475.3,0
2026-03-29,SKU_1003,Coca Cola 200ml Family,Coca Cola,Beverages,30.72,217,6666.24,0
2026-03-30,SKU_1003,Coca Cola 200ml Family,Coca Cola,Beverages,32.08,213,6833.04,0
2026-03-31,SKU_1003,Coca Cola 200ml Family,Coca Cola,Beverages,32.36,240,7766.4,10
2026-04-01,SKU_1003,Coca Cola 200ml Family,Coca Cola,Beverages,30.08,274,8241.92,0
2026-04-02,SKU_1003,Coca Cola 200ml Family,Coca Cola,Beverages,28.74,279,8018.46,0
2026-04-03,SKU_1003,Coca Cola 200ml Family,Coca Cola,Beverages,28.5,279,7951.5,0
2026-04-04,SKU_1003,Coca Cola 200ml Family,Coca Cola,Beverages,28.93,277,8013.61,0
2026-04-05,SKU_1003,Coca Cola 200ml Family,Coca Cola,Beverages,29.42,306,9002.52,5
2026-04-06,SKU_1003,Coca Cola 200ml Family,Coca Cola,Beverages,29.74,298,8862.52,5
2026-04-07,SKU_1003,Coca Cola 200ml Family,Coca Cola,Beverages,30.63,287,8790.81,5
2026-04-08,SKU_1003,Coca Cola 200ml Family,Coca Cola,Beverages,29.23,276,8067.48,0
2026-04-09,SKU_1003,Coca Cola 200ml Family,Coca Cola,Beverages,31.78,271,8612.38,0
2026-04-10,SKU_1003,Coca Cola 200ml Family,Coca Cola,Beverages,29.02,276,8009.52,0
2026-04-11,SKU_1003,Coca Cola 200ml Family,Coca Cola,Beverages,29.06,292,8485.52,5
2026-04-12,SKU_1003,Coca Cola 200ml Family,Coca Cola,Beverages,28.83,315,9081.45,5
2026-04-13,SKU_1003,Coca Cola 200ml Family,Coca Cola,Beverages,30.28,313,9477.64,10
2026-04-14,SKU_1003,Coca Cola 200ml Family,Coca Cola,Beverages,30.16,297,8957.52,10
2026-04-15,SKU_1003,Coca Cola 200ml Family,Coca Cola,Beverages,30.65,273,8367.45,0
2026-04-16,SKU_1003,Coca Cola 200ml Family,Coca Cola,Beverages,29.38,276,8108.88,0
2026-04-17,SKU_1003,Coca Cola 200ml Family,Coca Cola,Beverages,30.75,272,8364.0,0
2026-04-18,SKU_1003,Coca Cola 200ml Family,Coca Cola,Beverages,31.28,299,9352.72,10
2026-04-19,SKU_1003,Coca Cola 200ml Family,Coca Cola,Beverages,29.93,300,8979.0,10
2026-04-20,SKU_1003,Coca Cola 200ml Family,Coca Cola,Beverages,31.25,312,9750.0,5
2026-04-21,SKU_1003,Coca Cola 200ml Family,Coca Cola,Beverages,31.19,309,9637.71,10
2026-04-22,SKU_1003,Coca Cola 200ml Family,Coca Cola,Beverages,32.34,293,9475.62,5
2026-04-23,SKU_1003,Coca Cola 200ml Family,Coca Cola,Beverages,28.81,279,8037.99,0
2026-04-24,SKU_1003,Coca Cola 200ml Family,Coca Cola,Beverages,29.46,276,8130.96,0
2026-04-25,SKU_1003,Coca Cola 200ml Family,Coca Cola,Beverages,31.17,290,9039.3,10
2026-04-26,SKU_1003,Coca Cola 200ml Family,Coca Cola,Beverages,30.89,305,9421.45,10
2026-04-27,SKU_1003,Coca Cola 200ml Family,Coca Cola,Beverages,28.54,306,8733.24,5
2026-04-28,SKU_1003,Coca Cola 200ml Family,Coca Cola,Beverages,31.36,271,8498.56,0
2026-04-29,SKU_1003,Coca Cola 200ml Family,Coca Cola,Beverages,29.63,308,9126.04,10
2026-04-30,SKU_1003,Coca Cola 200ml Family,Coca Cola,Beverages,29.69,276,8194.44,0
2026-05-01,SKU_1003,Coca Cola 200ml Family,Coca Cola,Beverages,28.74,278,7989.72,0
2026-05-02,SKU_1003,Coca Cola 200ml Family,Coca Cola,Beverages,30.73,272,8358.56,0
2026-05-03,SKU_1003,Coca Cola 200ml Family,Coca Cola,Beverages,31.65,269,8513.85,0
2026-05-04,SKU_1003,Coca Cola 200ml Family,Coca Cola,Beverages,30.39,274,8326.86,0
2026-05-05,SKU_1003,Coca Cola 200ml Family,Coca Cola,Beverages,31.82,270,8591.4,0
2026-05-06,SKU_1003,Coca Cola 200ml Family,Coca Cola,Beverages,30.9,272,8404.8,0
2026-05-07,SKU_1003,Coca Cola 200ml Family,Coca Cola,Beverages,28.56,278,7939.68,0
2026-05-08,SKU_1003,Coca Cola 200ml Family,Coca Cola,Beverages,32.05,289,9262.45,5
2026-05-09,SKU_1003,Coca Cola 200ml Family,Coca Cola,Beverages,31.65,271,8577.15,0
2026-05-10,SKU_1003,Coca Cola 200ml Family,Coca Cola,Beverages,30.39,273,8296.47,0
2026-05-11,SKU_1003,Coca Cola 200ml Family,Coca Cola,Beverages,29.84,275,8206.0,0
2026-05-12,SKU_1003,Coca Cola 200ml Family,Coca Cola,Beverages,30.82,306,9430.92,5
2026-05-13,SKU_1003,Coca Cola 200ml Family,Coca Cola,Beverages,32.37,267,8642.79,0
2026-05-14,SKU_1003,Coca Cola 200ml Family,Coca Cola,Beverages,31.08,271,8422.68,0
2026-05-15,SKU_1003,Coca Cola 200ml Family,Coca Cola,Beverages,29.32,277,8121.64,0
2026-05-16,SKU_1003,Coca Cola 200ml Family,Coca Cola,Beverages,28.71,278,7981.38,0
2026-05-17,SKU_1003,Coca Cola 200ml Family,Coca Cola,Beverages,28.7,297,8523.9,5
2026-05-18,SKU_1003,Coca Cola 200ml Family,Coca Cola,Beverages,30.36,290,8804.4,10
