datasets/sales.csv
date,product_id,product_name,brand,category,selling_price,units_sold,revenue,promotion_discount_pct
2025-11-20,SKU_1004,Coca Cola 750ml Mini,Coca Cola,Beverages,27.98,271,7582.58,5
2025-11-21,SKU_1004,Coca Cola 750ml Mini,Coca Cola,Beverages,27.13,255,6918.15,0
2025-11-22,SKU_1004,Coca Cola 750ml Mini,Coca Cola,Beverages,27.65,285,7880.25,5
2025-11-23,SKU_1004,Coca Cola 750ml Mini,Coca Cola,Beverages,27.75,253,7020.75,0
2025-11-24,SKU_1004,Coca Cola 750ml Mini,Coca Cola,Beverages,26.95,255,6872.25,0
2025-11-25,SKU_1004,Coca Cola 750ml Mini,Coca Cola,Beverages,30.08,247,7429.76,0
2025-11-26,SKU_1004,Coca Cola 750ml Mini,Coca Cola,Beverages,27.82,253,7038.46,0
2025-11-27,SKU_1004,Coca Cola 750ml Mini,Coca Cola,Beverages,27.53,288,7928.64,5
2025-11-28,SKU_1004,Coca Cola 750ml Mini,Coca Cola,Beverages,29.06,284,8253.04,10
2025-11-29,SKU_1004,Coca Cola 750ml Mini,Coca Cola,Beverages,27.31,254,6936.74,0
2025-11-30,SKU_1004,Coca Cola 750ml Mini,Coca Cola,Beverages,27.74,253,7018.22,0
2025-12-01,SKU_1004,Coca Cola 750ml Mini,Coca Cola,Beverages,29.63,217,6429.71,0
2025-12-02,SKU_1004,Coca Cola 750ml Mini,Coca Cola,Beverages,28.51,218,6215.18,0
2025-12-03,SKU_1004,Coca Cola 750ml Mini,Coca Cola,Beverages,27.4,221,6055.4,0
2025-12-04,SKU_1004,Coca Cola 750ml Mini,Coca Cola,Beverages,26.72,223,5958.56,0
2025-12-05,SKU_1004,Coca Cola 750ml Mini,Coca Cola,Beverages,30.02,214,6424.28,0
2025-12-06,SKU_1004,Coca Cola 750ml Mini,Coca Cola,Beverages,30.06,214,6432.84,0
2025-12-07,SKU_1004,Coca Cola 750ml Mini,Coca Cola,Beverages,26.91,253,6808.23,5
2025-12-08,SKU_1004,Coca Cola 750ml Mini,Coca Cola,Beverages,29.38,216,6346.08,0
2025-12-09,SKU_1004,Coca Cola 750ml Mini,Coca Cola,Beverages,29.86,215,6419.9,0
2025-12-10,SKU_1004,Coca Cola 750ml Mini,Coca Cola,Beverages,27.67,220,6087.4,0
2025-12-11,SKU_1004,Coca Cola 750ml Mini,Coca Cola,Beverages,28.93,217,6277.81,0
2025-12-12,SKU_1004,Coca Cola 750ml Mini,Coca Cola,Beverages,29.4,216,6350.4,0
2025-12-13,SKU_1004,Coca Cola 750ml Mini,Coca Cola,Beverages,27.54,221,6086.34,0
2025-12-14,SKU_1004,Coca Cola 750ml Mini,Coca Cola,Beverages,29.43,217,6386.31,0
2025-12-15,SKU_1004,Coca Cola 750ml Mini,Coca Cola,Beverages,30.23,215,6499.45,0
2025-12-16,SKU_1004,Coca Cola 750ml Mini,Coca Cola,Beverages,27.25,221,6022.25,0
2025-12-17,SKU_1004,Coca Cola 750ml Mini,Coca Cola,Beverages,28.82,231,6657.42,5
2025-12-18,SKU_1004,Coca Cola 750ml Mini,Coca Cola,Beverages,27.12,222,6020.64,0
2025-12-19,SKU_1004,Coca Cola 750ml Mini,Coca Cola,Beverages,28.83,250,7207.5,5
2025-12-20,SKU_1004,Coca Cola 750ml Mini,Coca Cola,Beverages,27.54,220,6058.8,0
2025-12-21,SKU_1004,Coca Cola 750ml Mini,Coca Cola,Beverages,28.68,228,6539.04,5
2025-12-22,SKU_1004,Coca Cola 750ml Mini,Coca Cola,Beverages,29.86,216,6449.76,0
2025-12-23,SKU_1004,Coca Cola 750ml Mini,Coca Cola,Beverages,30.0,215,6450.0,0
2025-12-24,SKU_1004,Coca Cola 750ml Mini,Coca Cola,Beverages,27.15,249,6760.35,5
2025-12-25,SKU_1004,Coca Cola 750ml Mini,Coca Cola,Beverages,26.61,248,6599.28,5
2025-12-26,SKU_1004,Coca Cola 750ml Mini,Coca Cola,Beverages,28.19,219,6173.61,0
2025-12-27,SKU_1004,Coca Cola 750ml Mini,Coca Cola,Beverages,28.57,232,6628.24,5
2025-12-28,SKU_1004,Coca Cola 750ml Mini,Coca Cola,Beverages,28.66,218,6247.88,0
2025-12-29,SKU_1004,Coca Cola 750ml Mini,Coca Cola,Beverages,27.81,220,6118.2,0
2025-12-30,SKU_1004,Coca Cola 750ml Mini,Coca Cola,Beverages,28.9,217,6271.3,0
2025-12-31,SKU_1004,Coca Cola 750ml Mini,Coca Cola,Beverages,27.93,220,6144.6,0
2026-01-01,SKU_1004,Coca Cola 750ml Mini,Coca Cola,Beverages,26.89,222,5969.58,0
2026-01-02,SKU_1004,Coca Cola 750ml Mini,Coca Cola,Beverages,28.96,218,6313.28,0
2026-01-03,SKU_1004,Coca Cola 750ml Mini,Coca Cola,Beverages,30.12,214,6445.68,0
2026-01-04,SKU_1004,Coca Cola 750ml Mini,Coca Cola,Beverages,29.13,216,6292.08,0
2026-01-05,SKU_1004,Coca Cola 750ml Mini,Coca Cola,Beverages,28.37,251,7120.87,5
2026-01-06,SKU_1004,Coca Cola 750ml Mini,Coca Cola,Beverages,27.29,221,6031.09,0
2026-01-07,SKU_1004,Coca Cola 750ml Mini,Coca Cola,Beverages,29.22,239,6983.58,5
2026-01-08,SKU_1004,Coca Cola 750ml Mini,Coca Cola,Beverages,26.83,222,5956.26,0
2026-01-09,SKU_1004,Coca Cola 750ml Mini,Coca Cola,Beverages,28.42,258,7332.36,5
2026-01-10,SKU_1004,Coca Cola 750ml Mini,Coca Cola,Beverages,30.22,216,6527.52,0
2026-01-11,SKU_1004,Coca Cola 750ml Mini,Coca Cola,Beverages,27.83,233,6484.39,5
2026-01-12,SKU_1004,Coca Cola 750ml Mini,Coca Cola,Beverages,27.37,245,6705.65,10
2026-01-13,SKU_1004,Coca Cola 750ml Mini,Coca Cola,Beverages,30.02,228,6844.56,10
2026-01-14,SKU_1004,Coca Cola 750ml Mini,Coca Cola,Beverages,29.3,217,6358.1,0
2026-01-15,SKU_1004,Coca Cola 750ml Mini,Coca Cola,Beverages,26.73,222,5934.06,0
2026-01-16,SKU_1004,Coca Cola 750ml Mini,Coca Cola,Beverages,28.32,219,6202.08,0
2026-01-17,SKU_1004,Coca Cola 750ml Mini,Coca Cola,Beverages,27.48,221,6073.08,0
2026-01-18,SKU_1004,Coca Cola 750ml Mini,Coca Cola,Beverages,27.23,221,6017.83,0
2026-01-19,SKU_1004,Coca Cola 750ml Mini,Coca Cola,Beverages,29.59,232,6864.88,10
2026-01-20,SKU_1004,Coca Cola 750ml Mini,Coca Cola,Beverages,29.64,217,6431.88,0
2026-01-21,SKU_1004,Coca Cola 750ml Mini,Coca Cola,Beverages,27.02,239,6457.78,10
2026-01-22,SKU_1004,Coca Cola 750ml Mini,Coca Cola,Beverages,26.83,222,5956.26,0
2026-01-23,SKU_1004,Coca Cola 750ml Mini,Coca Cola,Beverages,29.55,235,6944.25,5
2026-01-24,SKU_1004,Coca Cola 750ml Mini,Coca Cola,Beverages,27.04,236,6381.44,10
2026-01-25,SKU_1004,Coca Cola 750ml Mini,Coca Cola,Beverages,27.77,220,6109.4,0
2026-01-26,SKU_1004,Coca Cola 750ml Mini,Coca Cola,Beverages,29.38,216,6346.08,0
2026-01-27,SKU_1004,Coca Cola 750ml Mini,Coca Cola,Beverages,26.83,237,6358.71,5
2026-01-28,SKU_1004,Coca Cola 750ml Mini,Coca Cola,Beverages,29.13,234,6816.42,5
2026-01-29,SKU_1004,Coca Cola 750ml Mini,Coca Cola,Beverages,29.97,216,6473.52,0
2026-01-30,SKU_1004,Coca Cola 750ml Mini,Coca Cola,Beverages,29.48,250,7370.0,5
2026-01-31,SKU_1004,Coca Cola 750ml Mini,Coca Cola,Beverages,27.17,222,6031.74,0
2026-02-01,SKU_1004,Coca Cola 750ml Mini,Coca Cola,Beverages,26.62,222,5909.64,0
2026-02-02,SKU_1004,Coca Cola 750ml Mini,Coca Cola,Beverages,29.17,217,6329.89,0
2026-02-03,SKU_1004,Coca Cola 750ml Mini,Coca Cola,Beverages,28.12,251,7058.12,5
2026-02-04,SKU_1004,Coca Cola 750ml Mini,Coca Cola,Beverages,27.06,221,5980.26,0
2026-02-05,SKU_1004,Coca Cola 750ml Mini,Coca Cola,Beverages,28.5,218,6213.0,0
2026-02-06,SKU_1004,Coca Cola 750ml Mini,Coca Cola,Beverages,28.82,218,6282.76,0
2026-02-07,SKU_1004,Coca Cola 750ml Mini,Coca Cola,Beverages,29.21,217,6338.57,0
2026-02-08,SKU_1004,Coca Cola 750ml Mini,Coca Cola,Beverages,28.88,217,6266.96,0
2026-02-09,SKU_1004,Coca Cola 750ml Mini,Coca Cola,Beverages,28.12,219,6158.28,0
2026-02-10,SKU_1004,Coca Cola 750ml Mini,Coca Cola,Beverages,27.03,222,6000.66,0
2026-02-11,SKU_1004,Coca Cola 750ml Mini,Coca Cola,Beverages,28.85,243,7010.55,10
2026-02-12,SKU_1004,Coca Cola 750ml Mini,Coca Cola,Beverages,27.4,221,6055.4,0
2026-02-13,SKU_1004,Coca Cola 750ml Mini,Coca Cola,Beverages,27.61,220,6074.2,0
2026-02-14,SKU_1004,Coca Cola 750ml Mini,Coca Cola,Beverages,29.09,241,7010.69,5
2026-02-15,SKU_1004,Coca Cola 750ml Mini,Coca Cola,Beverages,27.24,221,6020.04,0
2026-02-16,SKU_1004,Coca Cola 750ml Mini,Coca Cola,Beverages,26.8,222,5949.6,0
2026-02-17,SKU_1004,Coca Cola 750ml Mini,Coca Cola,Beverages,28.18,230,6481.4,5
2026-02-18,SKU_1004,Coca Cola 750ml Mini,Coca Cola,Beverages,26.98,236,6367.28,10
2026-02-19,SKU_1004,Coca Cola 750ml Mini,Coca Cola,Beverages,27.18,234,6360.12,10
2026-02-20,SKU_1004,Coca Cola 750ml Mini,Coca Cola,Beverages,26.86,250,6715.0,5
2026-02-21,SKU_1004,Coca Cola 750ml Mini,Coca Cola,Beverages,28.71,218,6258.78,0
2026-02-22,SKU_1004,Coca Cola 750ml Mini,Coca Cola,Beverages,27.44,220,6036.8,0
2026-02-23,SKU_1004,Coca Cola 750ml Mini,Coca Cola,Beverages,26.96,222,5985.12,0
2026-02-24,SKU_1004,Coca Cola 750ml Mini,Coca Cola,Beverages,27.97,248,6936.56,5
2026-02-25,SKU_1004,Coca Cola 750ml Mini,Coca Cola,Beverages,28.36,218,6182.48,0
2026-02-26,SKU_1004,Coca Cola 750ml Mini,Coca Cola,Beverages,27.39,221,6053.19,0
2026-02-27,SKU_1004,Coca Cola 750ml Mini,Coca Cola,Beverages,28.01,219,6134.19,0
2026-02-28,SKU_1004,Coca Cola 750ml Mini,Coca Cola,Beverages,28.9,217,6271.3,0
2026-03-01,SKU_1004,Coca Cola 750ml Mini,Coca Cola,Beverages,27.82,231,6426.42,10
2026-03-02,SKU_1004,Coca Cola 750ml Mini,Coca Cola,Beverages,27.62,244,6739.28,5
2026-03-03,SKU_1004,Coca Cola 750ml Mini,Coca Cola,Beverages,28.12,219,6158.28,0
2026-03-04,SKU_1004,Coca Cola 750ml Mini,Coca Cola,Beverages,29.83,253,7546.99,10
2026-03-05,SKU_1004,Coca Cola 750ml Mini,Coca Cola,Beverages,27.22,222,6042.84,0
2026-03-06,SKU_1004,Coca Cola 750ml Mini,Coca Cola,Beverages,26.91,260,6996.6,5
2026-03-07,SKU_1004,Coca Cola 750ml Mini,Coca Cola,Beverages,30.22,232,7011.04,5
2026-03-08,SKU_1004,Coca Cola 750ml Mini,Coca Cola,Beverages,26.65,222,5916.3,0
2026-03-09,SKU_1004,Coca Cola 750ml Mini,Coca Cola,Beverages,27.5,221,6077.5,0
2026-03-10,SKU_1004,Coca Cola 750ml Mini,Coca Cola,Beverages,29.85,215,6417.75,0
2026-03-11,SKU_1004,Coca Cola 750ml Mini,Coca Cola,Beverages,29.93,225,6734.25,5
2026-03-12,SKU_1004,Coca Cola 750ml Mini,Coca Cola,Beverages,26.75,233,6232.75,10
2026-03-13,SKU_1004,Coca Cola 750ml Mini,Coca Cola,Beverages,28.15,219,6164.85,0
2026-03-14,SKU_1004,Coca Cola 750ml Mini,Coca Cola,Beverages,28.25,253,7147.25,10
2026-03-15,SKU_1004,Coca Cola 750ml Mini,Coca Cola,Beverages,26.65,223,5942.95,0
2026-03-16,SKU_1004,Coca Cola 750ml Mini,Coca Cola,Beverages,27.08,221,5984.68,0
2026-03-17,SKU_1004,Coca Cola 750ml Mini,Coca Cola,Beverages,26.66,223,5945.18,0
2026-03-18,SKU_1004,Coca Cola 750ml Mini,Coca Cola,Beverages,29.16,226,6590.16,10
2026-03-19,SKU_1004,Coca Cola 750ml Mini,Coca Cola,Beverages,30.15,215,6482.25,0
2026-03-20,SKU_1004,Coca Cola 750ml Mini,Coca Cola,Beverages,29.78,216,6432.48,0
2026-03-21,SKU_1004,Coca Cola 750ml Mini,Coca Cola,Beverages,28.88,217,6266.96,0
2026-03-22,SKU_1004,Coca Cola 750ml Mini,Coca Cola,Beverages,29.73,217,6451.41,0
2026-03-23,SKU_1004,Coca Cola 750ml Mini,Coca Cola,Beverages,28.53,218,6219.54,0
2026-03-24,SKU_1004,Coca Cola 750ml Mini,Coca Cola,Beverages,29.14,252,7343.28,10
2026-03-25,SKU_1004,Coca Cola 750ml Mini,Coca Cola,Beverages,27.35,259,7083.65,10
2026-03-26,SKU_1004,Coca Cola 750ml Mini,Coca Cola,Beverages,27.82,260,7233.2,10
2026-03-27,SKU_1004,Coca Cola 750ml Mini,Coca Cola,Beverages,29.91,216,6460.56,0
2026-03-28,SKU_1004,Coca Cola 750ml Mini,Coca Cola,Beverages,27.0,233,6291.0,10
2026-03-29,SKU_1004,Coca Cola 750ml Mini,Coca Cola,Beverages,27.93,252,7038.36,10
2026-03-30,SKU_1004,Coca Cola 750ml Mini,Coca Cola,Beverages,26.84,222,5958.48,0
2026-03-31,SKU_1004,Coca Cola 750ml Mini,Coca Cola,Beverages,27.1,234,6341.4,10
2026-04-01,SKU_1004,Coca Cola 750ml Mini,Coca Cola,Beverages,28.96,308,8919.68,10
2026-04-02,SKU_1004,Coca Cola 750ml Mini,Coca Cola,Beverages,30.09,270,8124.3,0
2026-04-03,SKU_1004,Coca Cola 750ml Mini,Coca Cola,Beverages,27.77,306,8497.62,10
2026-04-04,SKU_1004,Coca Cola 750ml Mini,Coca Cola,Beverages,28.14,274,7710.36,0
2026-04-05,SKU_1004,Coca Cola 750ml Mini,Coca Cola,Beverages,27.86,311,8664.46,10
2026-04-06,SKU_1004,Coca Cola 750ml Mini,Coca Cola,Beverages,27.05,316,8547.8,10
2026-04-07,SKU_1004,Coca Cola 750ml Mini,Coca Cola,Beverages,27.66,276,7634.16,0
2026-04-08,SKU_1004,Coca Cola 750ml Mini,Coca Cola,Beverages,27.29,277,7559.33,0
2026-04-09,SKU_1004,Coca Cola 750ml Mini,Coca Cola,Beverages,26.89,278,7475.42,0
2026-04-10,SKU_1004,Coca Cola 750ml Mini,Coca Cola,Beverages,30.09,270,8124.3,0
2026-04-11,SKU_1004,Coca Cola 750ml Mini,Coca Cola,Beverages,27.6,290,8004.0,5
2026-04-12,SKU_1004,Coca Cola 750ml Mini,Coca Cola,Beverages,29.78,269,8010.82,0
2026-04-13,SKU_1004,Coca Cola 750ml Mini,Coca Cola,Beverages,27.67,315,8716.05,10
2026-04-14,SKU_1004,Coca Cola 750ml Mini,Coca Cola,Beverages,27.08,310,8394.8,5
2026-04-15,SKU_1004,Coca Cola 750ml Mini,Coca Cola,Beverages,28.95,272,7874.4,0
2026-04-16,SKU_1004,Coca Cola 750ml Mini,Coca Cola,Beverages,26.68,309,8244.12,10
2026-04-17,SKU_1004,Coca Cola 750ml Mini,Coca Cola,Beverages,27.82,275,7650.5,0
2026-04-18,SKU_1004,Coca Cola 750ml Mini,Coca Cola,Beverages,28.37,309,8766.33,10
2026-04-19,SKU_1004,Coca Cola 750ml Mini,Coca Cola,Beverages,28.6,287,8208.2,10
2026-04-20,SKU_1004,Coca Cola 750ml Mini,Coca Cola,Beverages,29.87,270,8064.9,0
2026-04-21,SKU_1004,Coca Cola 750ml Mini,Coca Cola,Beverages,27.43,276,7570.68,0
2026-04-22,SKU_1004,Coca Cola 750ml Mini,Coca Cola,Beverages,29.4,272,7996.8,0
2026-04-23,SKU_1004,Coca Cola 750ml Mini,Coca Cola,Beverages,27.64,315,8706.6,10
2026-04-24,SKU_1004,Coca Cola 750ml Mini,Coca Cola,Beverages,27.19,277,7531.63,0
2026-04-25,SKU_1004,Coca Cola 750ml Mini,Coca Cola,Beverages,30.14,267,8047.38,0
2026-04-26,SKU_1004,Coca Cola 750ml Mini,Coca Cola,Beverages,27.19,276,7504.44,0
2026-04-27,SKU_1004,Coca Cola 750ml Mini,Coca Cola,Beverages,28.69,273,7832.37,0
2026-04-28,SKU_1004,Coca Cola 750ml Mini,Coca Cola,Beverages,27.27,277,7553.79,0
2026-04-29,SKU_1004,Coca Cola 750ml Mini,Coca Cola,Beverages,29.02,271,7864.42,0
2026-04-30,SKU_1004,Coca Cola 750ml Mini,Coca Cola,Beverages,27.96,275,7689.0,0
2026-05-01,SKU_1004,Coca Cola 750ml Mini,Coca Cola,Beverages,28.54,273,7791.42,0
2026-05-02,SKU_1004,Coca Cola 750ml Mini,Coca Cola,Beverages,28.07,274,7691.18,0
2026-05-03,SKU_1004,Coca Cola 750ml Mini,Coca Cola,Beverages,30.05,267,8023.35,0
2026-05-04,SKU_1004,Coca Cola 750ml Mini,Coca Cola,Beverages,26.62,299,7959.38,10
2026-05-05,SKU_1004,Coca Cola 750ml Mini,Coca Cola,Beverages,28.96,272,7877.12,0
2026-05-06,SKU_1004,Coca Cola 750ml Mini,Coca Cola,Beverages,30.13,298,8978.74,10
2026-05-07,SKU_1004,Coca Cola 750ml Mini,Coca Cola,Beverages,27.14,297,8060.58,5
2026-05-08,SKU_1004,Coca Cola 750ml Mini,Coca Cola,Beverages,29.11,271,7888.81,0
2026-05-09,SKU_1004,Coca Cola 750ml Mini,Coca Cola,Beverages,27.11,277,7509.47,0
2026-05-10,SKU_1004,Coca Cola 750ml Mini,Coca Cola,Beverages,26.69,278,7419.82,0
2026-05-11,SKU_1004,Coca Cola 750ml Mini,Coca Cola,Beverages,28.22,274,7732.28,0
2026-05-12,SKU_1004,Coca Cola 750ml Mini,Coca Cola,Beverages,28.81,290,8354.9,10
2026-05-13,SKU_1004,Coca Cola 750ml Mini,Coca Cola,Beverages,29.44,270,7948.8,0
2026-05-14,SKU_1004,Coca Cola 750ml Mini,Coca Cola,Beverages,26.68,309,8244.12,5
2026-05-15,SKU_1004,Coca Cola 750ml Mini,Coca Cola,Beverages,29.04,294,8537.76,10
2026-05-16,SKU_1004,Coca Cola 750ml Mini,Coca Cola,Beverages,27.31,302,8247.62,10
2026-05-17,SKU_1004,Coca Cola 750ml Mini,Coca Cola,Beverages,30.03,267,8018.01,0
2026-05-18,SKU_1004,Coca Cola 750ml Mini,Coca Cola,Beverages,28.05,295,8274.75,5
