datasets/sales.csv
date,product_id,product_name,brand,category,selling_price,units_sold,revenue,promotion_discount_pct
2025-11-20,SKU_1005,Coca Cola 750ml Regular,Coca Cola,Beverages,40.01,252,10082.52,0
2025-11-21,SKU_1005,Coca Cola 750ml Regular,Coca Cola,Beverages,39.83,265,10554.95,10
2025-11-22,SKU_1005,Coca Cola 750ml Regular,Coca Cola,Beverages,39.12,290,11344.8,5
2025-11-23,SKU_1005,Coca Cola 750ml Regular,Coca Cola,Beverages,40.3,285,11485.5,5
2025-11-24,SKU_1005,Coca Cola 750ml Regular,Coca Cola,Beverages,42.66,276,11774.16,10
2025-11-25,SKU_1005,Coca Cola 750ml Regular,Coca Cola,Beverages,38.45,293,11265.85,5
2025-11-26,SKU_1005,Coca Cola 750ml Regular,Coca Cola,Beverages,40.73,285,11608.05,10
2025-11-27,SKU_1005,Coca Cola 750ml Regular,Coca Cola,Beverages,39.95,253,10107.35,0
2025-11-28,SKU_1005,Coca Cola 750ml Regular,Coca Cola,Beverages,40.16,286,11485.76,10
2025-11-29,SKU_1005,Coca Cola 750ml Regular,Coca Cola,Beverages,42.76,266,11374.16,5
2025-11-30,SKU_1005,Coca Cola 750ml Regular,Coca Cola,Beverages,40.88,251,10260.88,0
2025-12-01,SKU_1005,Coca Cola 750ml Regular,Coca Cola,Beverages,42.34,248,10500.32,10
2025-12-02,SKU_1005,Coca Cola 750ml Regular,Coca Cola,Beverages,40.41,219,8849.79,0
2025-12-03,SKU_1005,Coca Cola 750ml Regular,Coca Cola,Beverages,38.8,235,9118.0,5
2025-12-04,SKU_1005,Coca Cola 750ml Regular,Coca Cola,Beverages,41.4,231,9563.4,5
2025-12-05,SKU_1005,Coca Cola 750ml Regular,Coca Cola,Beverages,40.56,218,8842.08,0
2025-12-06,SKU_1005,Coca Cola 750ml Regular,Coca Cola,Beverages,38.15,236,9003.4,5
2025-12-07,SKU_1005,Coca Cola 750ml Regular,Coca Cola,Beverages,41.11,245,10071.95,5
2025-12-08,SKU_1005,Coca Cola 750ml Regular,Coca Cola,Beverages,40.27,251,10107.77,5
2025-12-09,SKU_1005,Coca Cola 750ml Regular,Coca Cola,Beverages,42.26,225,9508.5,10
2025-12-10,SKU_1005,Coca Cola 750ml Regular,Coca Cola,Beverages,42.4,215,9116.0,0
2025-12-11,SKU_1005,Coca Cola 750ml Regular,Coca Cola,Beverages,38.76,222,8604.72,0
2025-12-12,SKU_1005,Coca Cola 750ml Regular,Coca Cola,Beverages,39.86,220,8769.2,0
2025-12-13,SKU_1005,Coca Cola 750ml Regular,Coca Cola,Beverages,40.18,219,8799.42,0
2025-12-14,SKU_1005,Coca Cola 750ml Regular,Coca Cola,Beverages,38.25,223,8529.75,0
2025-12-15,SKU_1005,Coca Cola 750ml Regular,Coca Cola,Beverages,40.67,218,8866.06,0
2025-12-16,SKU_1005,Coca Cola 750ml Regular,Coca Cola,Beverages,41.98,215,9025.7,0
2025-12-17,SKU_1005,Coca Cola 750ml Regular,Coca Cola,Beverages,40.83,217,8860.11,0
2025-12-18,SKU_1005,Coca Cola 750ml Regular,Coca Cola,Beverages,39.41,221,8709.61,0
2025-12-19,SKU_1005,Coca Cola 750ml Regular,Coca Cola,Beverages,38.5,223,8585.5,0
2025-12-20,SKU_1005,Coca Cola 750ml Regular,Coca Cola,Beverages,38.07,224,8527.68,0
2025-12-21,SKU_1005,Coca Cola 750ml Regular,Coca Cola,Beverages,42.05,215,9040.75,0
2025-12-22,SKU_1005,Coca Cola 750ml Regular,Coca Cola,Beverages,38.53,222,8553.66,0
2025-12-23,SKU_1005,Coca Cola 750ml Regular,Coca Cola,Beverages,42.32,242,10241.44,10
2025-12-24,SKU_1005,Coca Cola 750ml Regular,Coca Cola,Beverages,41.59,247,10272.73,10
2025-12-25,SKU_1005,Coca Cola 750ml Regular,Coca Cola,Beverages,40.87,217,8868.79,0
2025-12-26,SKU_1005,Coca Cola 750ml Regular,Coca Cola,Beverages,40.17,219,8797.23,0
2025-12-27,SKU_1005,Coca Cola 750ml Regular,Coca Cola,Beverages,42.26,234,9888.84,5
2025-12-28,SKU_1005,Coca Cola 750ml Regular,Coca Cola,Beverages,39.62,258,10221.96,5
2025-12-29,SKU_1005,Coca Cola 750ml Regular,Coca Cola,Beverages,43.14,212,9145.68,0
2025-12-30,SKU_1005,Coca Cola 750ml Regular,Coca Cola,Beverages,38.9,222,8635.8,0
2025-12-31,SKU_1005,Coca Cola 750ml Regular,Coca Cola,Beverages,39.16,222,8693.52,0
2026-01-01,SKU_1005,Coca Cola 750ml Regular,Coca Cola,Beverages,41.58,216,8981.28,0
2026-01-02,SKU_1005,Coca Cola 750ml Regular,Coca Cola,Beverages,38.68,222,8586.96,0
2026-01-03,SKU_1005,Coca Cola 750ml Regular,Coca Cola,Beverages,38.4,235,9024.0,5
2026-01-04,SKU_1005,Coca Cola 750ml Regular,Coca Cola,Beverages,39.02,249,9715.98,10
2026-01-05,SKU_1005,Coca Cola 750ml Regular,Coca Cola,Beverages,38.31,222,8504.82,0
2026-01-06,SKU_1005,Coca Cola 750ml Regular,Coca Cola,Beverages,38.23,223,8525.29,0
2026-01-07,SKU_1005,Coca Cola 750ml Regular,Coca Cola,Beverages,41.92,230,9641.6,10
2026-01-08,SKU_1005,Coca Cola 750ml Regular,Coca Cola,Beverages,41.06,218,8951.08,0
2026-01-09,SKU_1005,Coca Cola 750ml Regular,Coca Cola,Beverages,38.15,223,8507.45,0
2026-01-10,SKU_1005,Coca Cola 750ml Regular,Coca Cola,Beverages,42.93,214,9187.02,0
2026-01-11,SKU_1005,Coca Cola 750ml Regular,Coca Cola,Beverages,42.45,230,9763.5,10
2026-01-12,SKU_1005,Coca Cola 750ml Regular,Coca Cola,Beverages,40.63,252,10238.76,10
2026-01-13,SKU_1005,Coca Cola 750ml Regular,Coca Cola,Beverages,38.07,223,8489.61,0
2026-01-14,SKU_1005,Coca Cola 750ml Regular,Coca Cola,Beverages,43.01,224,9634.24,10
2026-01-15,SKU_1005,Coca Cola 750ml Regular,Coca Cola,Beverages,43.06,214,9214.84,0
2026-01-16,SKU_1005,Coca Cola 750ml Regular,Coca Cola,Beverages,42.79,233,9970.07,5
2026-01-17,SKU_1005,Coca Cola 750ml Regular,Coca Cola,Beverages,41.63,217,9033.71,0
2026-01-18,SKU_1005,Coca Cola 750ml Regular,Coca Cola,Beverages,38.94,245,9540.3,5
2026-01-19,SKU_1005,Coca Cola 750ml Regular,Coca Cola,Beverages,39.11,221,8643.31,0
2026-01-20,SKU_1005,Coca Cola 750ml Regular,Coca Cola,Beverages,41.96,229,9608.84,5
2026-01-21,SKU_1005,Coca Cola 750ml Regular,Coca Cola,Beverages,40.7,218,8872.6,0
2026-01-22,SKU_1005,Coca Cola 750ml Regular,Coca Cola,Beverages,41.66,216,8998.56,0
2026-01-23,SKU_1005,Coca Cola 750ml Regular,Coca Cola,Beverages,38.43,242,9300.06,5
2026-01-24,SKU_1005,Coca Cola 750ml Regular,Coca Cola,Beverages,40.38,236,9529.68,5
2026-01-25,SKU_1005,Coca Cola 750ml Regular,Coca Cola,Beverages,40.88,234,9565.92,5
2026-01-26,SKU_1005,Coca Cola 750ml Regular,Coca Cola,Beverages,42.46,253,10742.38,5
2026-01-27,SKU_1005,Coca Cola 750ml Regular,Coca Cola,Beverages,41.53,248,10299.44,5
2026-01-28,SKU_1005,Coca Cola 750ml Regular,Coca Cola,Beverages,38.55,223,8596.65,0
2026-01-29,SKU_1005,Coca Cola 750ml Regular,Coca Cola,Beverages,38.62,235,9075.7,10
2026-01-30,SKU_1005,Coca Cola 750ml Regular,Coca Cola,Beverages,41.86,214,8958.04,0
2026-01-31,SKU_1005,Coca Cola 750ml Regular,Coca Cola,Beverages,38.34,224,8588.16,0
2026-02-01,SKU_1005,Coca Cola 750ml Regular,Coca Cola,Beverages,39.04,235,9174.4,5
2026-02-02,SKU_1005,Coca Cola 750ml Regular,Coca Cola,Beverages,39.21,239,9371.19,5
2026-02-03,SKU_1005,Coca Cola 750ml Regular,Coca Cola,Beverages,41.98,232,9739.36,10
2026-02-04,SKU_1005,Coca Cola 750ml Regular,Coca Cola,Beverages,41.93,235,9853.55,5
2026-02-05,SKU_1005,Coca Cola 750ml Regular,Coca Cola,Beverages,40.47,243,9834.21,5
2026-02-06,SKU_1005,Coca Cola 750ml Regular,Coca Cola,Beverages,40.66,231,9392.46,5
2026-02-07,SKU_1005,Coca Cola 750ml Regular,Coca Cola,Beverages,38.64,223,8616.72,0
2026-02-08,SKU_1005,Coca Cola 750ml Regular,Coca Cola,Beverages,41.27,217,8955.59,0
2026-02-09,SKU_1005,Coca Cola 750ml Regular,Coca Cola,Beverages,41.84,245,10250.8,5
2026-02-10,SKU_1005,Coca Cola 750ml Regular,Coca Cola,Beverages,38.14,254,9687.56,10
2026-02-11,SKU_1005,Coca Cola 750ml Regular,Coca Cola,Beverages,39.7,233,9250.1,10
2026-02-12,SKU_1005,Coca Cola 750ml Regular,Coca Cola,Beverages,41.95,249,10445.55,10
2026-02-13,SKU_1005,Coca Cola 750ml Regular,Coca Cola,Beverages,40.56,218,8842.08,0
2026-02-14,SKU_1005,Coca Cola 750ml Regular,Coca Cola,Beverages,41.44,216,8951.04,0
2026-02-15,SKU_1005,Coca Cola 750ml Regular,Coca Cola,Beverages,40.82,244,9960.08,10
2026-02-16,SKU_1005,Coca Cola 750ml Regular,Coca Cola,Beverages,38.09,263,10017.67,5
2026-02-17,SKU_1005,Coca Cola 750ml Regular,Coca Cola,Beverages,42.76,214,9150.64,0
2026-02-18,SKU_1005,Coca Cola 750ml Regular,Coca Cola,Beverages,42.43,214,9080.02,0
2026-02-19,SKU_1005,Coca Cola 750ml Regular,Coca Cola,Beverages,38.17,224,8550.08,0
2026-02-20,SKU_1005,Coca Cola 750ml Regular,Coca Cola,Beverages,42.6,229,9755.4,5
2026-02-21,SKU_1005,Coca Cola 750ml Regular,Coca Cola,Beverages,39.62,220,8716.4,0
2026-02-22,SKU_1005,Coca Cola 750ml Regular,Coca Cola,Beverages,40.96,248,10158.08,10
2026-02-23,SKU_1005,Coca Cola 750ml Regular,Coca Cola,Beverages,40.8,255,10404.0,10
2026-02-24,SKU_1005,Coca Cola 750ml Regular,Coca Cola,Beverages,38.81,221,8577.01,0
2026-02-25,SKU_1005,Coca Cola 750ml Regular,Coca Cola,Beverages,40.57,249,10101.93,10
2026-02-26,SKU_1005,Coca Cola 750ml Regular,Coca Cola,Beverages,39.83,220,8762.6,0
2026-02-27,SKU_1005,Coca Cola 750ml Regular,Coca Cola,Beverages,38.32,224,8583.68,0
2026-02-28,SKU_1005,Coca Cola 750ml Regular,Coca Cola,Beverages,42.35,225,9528.75,10
2026-03-01,SKU_1005,Coca Cola 750ml Regular,Coca Cola,Beverages,41.98,228,9571.44,5
2026-03-02,SKU_1005,Coca Cola 750ml Regular,Coca Cola,Beverages,40.23,240,9655.2,5
2026-03-03,SKU_1005,Coca Cola 750ml Regular,Coca Cola,Beverages,38.29,223,8538.67,0
2026-03-04,SKU_1005,Coca Cola 750ml Regular,Coca Cola,Beverages,41.37,216,8935.92,0
2026-03-05,SKU_1005,Coca Cola 750ml Regular,Coca Cola,Beverages,42.52,215,9141.8,0
2026-03-06,SKU_1005,Coca Cola 750ml Regular,Coca Cola,Beverages,38.1,254,9677.4,5
2026-03-07,SKU_1005,Coca Cola 750ml Regular,Coca Cola,Beverages,42.49,232,9857.68,5
2026-03-08,SKU_1005,Coca Cola 750ml Regular,Coca Cola,Beverages,38.11,224,8536.64,0
2026-03-09,SKU_1005,Coca Cola 750ml Regular,Coca Cola,Beverages,43.13,233,10049.29,5
2026-03-10,SKU_1005,Coca Cola 750ml Regular,Coca Cola,Beverages,40.98,217,8892.66,0
2026-03-11,SKU_1005,Coca Cola 750ml Regular,Coca Cola,Beverages,41.59,243,10106.37,5
2026-03-12,SKU_1005,Coca Cola 750ml Regular,Coca Cola,Beverages,42.22,214,9035.08,0
2026-03-13,SKU_1005,Coca Cola 750ml Regular,Coca Cola,Beverages,41.2,233,9599.6,5
2026-03-14,SKU_1005,Coca Cola 750ml Regular,Coca Cola,Beverages,40.58,218,8846.44,0
2026-03-15,SKU_1005,Coca Cola 750ml Regular,Coca Cola,Beverages,42.37,214,9067.18,0
2026-03-16,SKU_1005,Coca Cola 750ml Regular,Coca Cola,Beverages,39.38,243,9569.34,10
2026-03-17,SKU_1005,Coca Cola 750ml Regular,Coca Cola,Beverages,42.18,214,9026.52,0
2026-03-18,SKU_1005,Coca Cola 750ml Regular,Coca Cola,Beverages,41.73,235,9806.55,10
2026-03-19,SKU_1005,Coca Cola 750ml Regular,Coca Cola,Beverages,39.42,246,9697.32,10
2026-03-20,SKU_1005,Coca Cola 750ml Regular,Coca Cola,Beverages,40.22,219,8808.18,0
2026-03-21,SKU_1005,Coca Cola 750ml Regular,Coca Cola,Beverages,41.39,217,8981.63,0
2026-03-22,SKU_1005,Coca Cola 750ml Regular,Coca Cola,Beverages,40.25,219,8814.75,0
2026-03-23,SKU_1005,Coca Cola 750ml Regular,Coca Cola,Beverages,40.15,243,9756.45,10
2026-03-24,SKU_1005,Coca Cola 750ml Regular,Coca Cola,Beverages,41.49,216,8961.84,0
2026-03-25,SKU_1005,Coca Cola 750ml Regular,Coca Cola,Beverages,41.26,217,8953.42,0
2026-03-26,SKU_1005,Coca Cola 750ml Regular,Coca Cola,Beverages,41.0,236,9676.0,5
2026-03-27,SKU_1005,Coca Cola 750ml Regular,Coca Cola,Beverages,42.87,250,10717.5,10
2026-03-28,SKU_1005,Coca Cola 750ml Regular,Coca Cola,Beverages,42.0,248,10416.0,10
2026-03-29,SKU_1005,Coca Cola 750ml Regular,Coca Cola,Beverages,41.26,217,8953.42,0
2026-03-30,SKU_1005,Coca Cola 750ml Regular,Coca Cola,Beverages,40.4,219,8847.6,0
2026-03-31,SKU_1005,Coca Cola 750ml Regular,Coca Cola,Beverages,42.39,214,9071.46,0
2026-04-01,SKU_1005,Coca Cola 750ml Regular,Coca Cola,Beverages,41.3,270,11151.0,0
2026-04-02,SKU_1005,Coca Cola 750ml Regular,Coca Cola,Beverages,42.28,267,11288.76,0
2026-04-03,SKU_1005,Coca Cola 750ml Regular,Coca Cola,Beverages,41.57,271,11265.47,0
2026-04-04,SKU_1005,Coca Cola 750ml Regular,Coca Cola,Beverages,38.59,278,10728.02,0
2026-04-05,SKU_1005,Coca Cola 750ml Regular,Coca Cola,Beverages,42.14,296,12473.44,5
2026-04-06,SKU_1005,Coca Cola 750ml Regular,Coca Cola,Beverages,43.15,266,11477.9,0
2026-04-07,SKU_1005,Coca Cola 750ml Regular,Coca Cola,Beverages,39.05,277,10816.85,0
2026-04-08,SKU_1005,Coca Cola 750ml Regular,Coca Cola,Beverages,39.34,292,11487.28,10
2026-04-09,SKU_1005,Coca Cola 750ml Regular,Coca Cola,Beverages,41.35,307,12694.45,5
2026-04-10,SKU_1005,Coca Cola 750ml Regular,Coca Cola,Beverages,38.1,281,10706.1,0
2026-04-11,SKU_1005,Coca Cola 750ml Regular,Coca Cola,Beverages,39.63,275,10898.25,0
2026-04-12,SKU_1005,Coca Cola 750ml Regular,Coca Cola,Beverages,42.68,267,11395.56,0
2026-04-13,SKU_1005,Coca Cola 750ml Regular,Coca Cola,Beverages,41.49,309,12820.41,5
2026-04-14,SKU_1005,Coca Cola 750ml Regular,Coca Cola,Beverages,42.37,266,11270.42,0
2026-04-15,SKU_1005,Coca Cola 750ml Regular,Coca Cola,Beverages,38.58,279,10763.82,0
2026-04-16,SKU_1005,Coca Cola 750ml Regular,Coca Cola,Beverages,40.71,290,11805.9,10
2026-04-17,SKU_1005,Coca Cola 750ml Regular,Coca Cola,Beverages,40.58,286,11605.88,10
2026-04-18,SKU_1005,Coca Cola 750ml Regular,Coca Cola,Beverages,42.02,303,12732.06,10
2026-04-19,SKU_1005,Coca Cola 750ml Regular,Coca Cola,Beverages,40.03,274,10968.22,0
2026-04-20,SKU_1005,Coca Cola 750ml Regular,Coca Cola,Beverages,42.86,268,11486.48,0
2026-04-21,SKU_1005,Coca Cola 750ml Regular,Coca Cola,Beverages,38.91,302,11750.82,5
2026-04-22,SKU_1005,Coca Cola 750ml Regular,Coca Cola,Beverages,39.32,304,11953.28,5
2026-04-23,SKU_1005,Coca Cola 750ml Regular,Coca Cola,Beverages,39.95,275,10986.25,0
2026-04-24,SKU_1005,Coca Cola 750ml Regular,Coca Cola,Beverages,40.84,272,11108.48,0
2026-04-25,SKU_1005,Coca Cola 750ml Regular,Coca Cola,Beverages,43.01,264,11354.64,0
2026-04-26,SKU_1005,Coca Cola 750ml Regular,Coca Cola,Beverages,39.89,275,10969.75,0
2026-04-27,SKU_1005,Coca Cola 750ml Regular,Coca Cola,Beverages,38.11,292,11128.12,10
2026-04-28,SKU_1005,Coca Cola 750ml Regular,Coca Cola,Beverages,42.38,267,11315.46,0
2026-04-29,SKU_1005,Coca Cola 750ml Regular,Coca Cola,Beverages,41.59,269,11187.71,0
2026-04-30,SKU_1005,Coca Cola 750ml Regular,Coca Cola,Beverages,39.32,276,10852.32,0
2026-05-01,SKU_1005,Coca Cola 750ml Regular,Coca Cola,Beverages,42.7,303,12938.1,10
2026-05-02,SKU_1005,Coca Cola 750ml Regular,Coca Cola,Beverages,39.23,277,10866.71,0
2026-05-03,SKU_1005,Coca Cola 750ml Regular,Coca Cola,Beverages,42.73,267,11408.91,0
2026-05-04,SKU_1005,Coca Cola 750ml Regular,Coca Cola,Beverages,39.56,276,10918.56,0
2026-05-05,SKU_1005,Coca Cola 750ml Regular,Coca Cola,Beverages,39.55,276,10915.8,0
2026-05-06,SKU_1005,Coca Cola 750ml Regular,Coca Cola,Beverages,42.76,301,12870.76,5
2026-05-07,SKU_1005,Coca Cola 750ml Regular,Coca Cola,Beverages,38.18,306,11683.08,5
2026-05-08,SKU_1005,Coca Cola 750ml Regular,Coca Cola,Beverages,41.83,268,11210.44,0
2026-05-09,SKU_1005,Coca Cola 750ml Regular,Coca Cola,Beverages,41.73,268,11183.64,0
2026-05-10,SKU_1005,Coca Cola 750ml Regular,Coca Cola,Beverages,42.29,279,11798.91,10
2026-05-11,SKU_1005,Coca Cola 750ml Regular,Coca Cola,Beverages,39.83,308,12267.64,10
2026-05-12,SKU_1005,Coca Cola 750ml Regular,Coca Cola,Beverages,39.7,275,10917.5,0
2026-05-13,SKU_1005,Coca Cola 750ml Regular,Coca Cola,Beverages,41.34,307,12691.38,5
2026-05-14,SKU_1005,Coca Cola 750ml Regular,Coca Cola,Beverages,41.33,272,11241.76,0
2026-05-15,SKU_1005,Coca Cola 750ml Regular,Coca Cola,Beverages,41.27,271,11184.17,0
2026-05-16,SKU_1005,Coca Cola 750ml Regular,Coca Cola,Beverages,38.58,278,10725.24,0
2026-05-17,SKU_1005,Coca Cola 750ml Regular,Coca Cola,Beverages,42.4,267,11320.8,0
2026-05-18,SKU_1005,Coca Cola 750ml Regular,Coca Cola,Beverages,40.35,273,11015.55,0
