datasets/sales.csv
date,product_id,product_name,brand,category,selling_price,units_sold,revenue,promotion_discount_pct
2025-11-20,SKU_1006,Coca Cola 750ml Value,Coca Cola,Beverages,47.23,255,12043.65,0
2025-11-21,SKU_1006,Coca Cola 750ml Value,Coca Cola,Beverages,50.59,268,13558.12,5
2025-11-22,SKU_1006,Coca Cola 750ml Value,Coca Cola,Beverages,46.73,274,12804.02,10
2025-11-23,SKU_1006,Coca Cola 750ml Value,Coca Cola,Beverages,45.73,287,13124.51,10
2025-11-24,SKU_1006,Coca Cola 750ml Value,Coca Cola,Beverages,49.42,249,12305.58,0
2025-11-25,SKU_1006,Coca Cola 750ml Value,Coca Cola,Beverages,51.68,245,12661.6,0
2025-11-26,SKU_1006,Coca Cola 750ml Value,Coca Cola,Beverages,45.91,276,12671.16,10
2025-11-27,SKU_1006,Coca Cola 750ml Value,Coca Cola,Beverages,46.53,257,11958.21,0
2025-11-28,SKU_1006,Coca Cola 750ml Value,Coca Cola,Beverages,51.51,269,13856.19,10
2025-11-29,SKU_1006,Coca Cola 750ml Value,Coca Cola,Beverages,50.43,257,12960.51,5
2025-11-30,SKU_1006,Coca Cola 750ml Value,Coca Cola,Beverages,47.0,255,11985.0,0
2025-12-01,SKU_1006,Coca Cola 750ml Value,Coca Cola,Beverages,47.4,221,10475.4,0
2025-12-02,SKU_1006,Coca Cola 750ml Value,Coca Cola,Beverages,48.29,219,10575.51,0
2025-12-03,SKU_1006,Coca Cola 750ml Value,Coca Cola,Beverages,51.81,212,10983.72,0
2025-12-04,SKU_1006,Coca Cola 750ml Value,Coca Cola,Beverages,48.21,219,10557.99,0
2025-12-05,SKU_1006,Coca Cola 750ml Value,Coca Cola,Beverages,45.78,226,10346.28,0
2025-12-06,SKU_1006,Coca Cola 750ml Value,Coca Cola,Beverages,49.45,215,10631.75,0
2025-12-07,SKU_1006,Coca Cola 750ml Value,Coca Cola,Beverages,49.24,216,10635.84,0
2025-12-08,SKU_1006,Coca Cola 750ml Value,Coca Cola,Beverages,45.66,223,10182.18,0
2025-12-09,SKU_1006,Coca Cola 750ml Value,Coca Cola,Beverages,51.68,212,10956.16,0
2025-12-10,SKU_1006,Coca Cola 750ml Value,Coca Cola,Beverages,50.05,232,11611.6,10
2025-12-11,SKU_1006,Coca Cola 750ml Value,Coca Cola,Beverages,46.06,224,10317.44,0
2025-12-12,SKU_1006,Coca Cola 750ml Value,Coca Cola,Beverages,47.68,220,10489.6,0
2025-12-13,SKU_1006,Coca Cola 750ml Value,Coca Cola,Beverages,51.82,240,12436.8,10
2025-12-14,SKU_1006,Coca Cola 750ml Value,Coca Cola,Beverages,50.27,216,10858.32,0
2025-12-15,SKU_1006,Coca Cola 750ml Value,Coca Cola,Beverages,48.75,249,12138.75,5
2025-12-16,SKU_1006,Coca Cola 750ml Value,Coca Cola,Beverages,47.91,231,11067.21,10
2025-12-17,SKU_1006,Coca Cola 750ml Value,Coca Cola,Beverages,49.22,242,11911.24,10
2025-12-18,SKU_1006,Coca Cola 750ml Value,Coca Cola,Beverages,51.41,210,10796.1,0
2025-12-19,SKU_1006,Coca Cola 750ml Value,Coca Cola,Beverages,46.16,238,10986.08,5
2025-12-20,SKU_1006,Coca Cola 750ml Value,Coca Cola,Beverages,47.22,221,10435.62,0
2025-12-21,SKU_1006,Coca Cola 750ml Value,Coca Cola,Beverages,48.72,217,10572.24,0
2025-12-22,SKU_1006,Coca Cola 750ml Value,Coca Cola,Beverages,50.27,213,10707.51,0
2025-12-23,SKU_1006,Coca Cola 750ml Value,Coca Cola,Beverages,51.23,213,10911.99,0
2025-12-24,SKU_1006,Coca Cola 750ml Value,Coca Cola,Beverages,48.83,218,10644.94,0
2025-12-25,SKU_1006,Coca Cola 750ml Value,Coca Cola,Beverages,47.57,221,10512.97,0
2025-12-26,SKU_1006,Coca Cola 750ml Value,Coca Cola,Beverages,49.07,227,11138.89,5
2025-12-27,SKU_1006,Coca Cola 750ml Value,Coca Cola,Beverages,46.78,221,10338.38,0
2025-12-28,SKU_1006,Coca Cola 750ml Value,Coca Cola,Beverages,45.82,247,11317.54,5
2025-12-29,SKU_1006,Coca Cola 750ml Value,Coca Cola,Beverages,46.32,235,10885.2,5
2025-12-30,SKU_1006,Coca Cola 750ml Value,Coca Cola,Beverages,48.36,243,11751.48,10
2025-12-31,SKU_1006,Coca Cola 750ml Value,Coca Cola,Beverages,48.46,219,10612.74,0
2026-01-01,SKU_1006,Coca Cola 750ml Value,Coca Cola,Beverages,46.37,222,10294.14,0
2026-01-02,SKU_1006,Coca Cola 750ml Value,Coca Cola,Beverages,46.73,258,12056.34,10
2026-01-03,SKU_1006,Coca Cola 750ml Value,Coca Cola,Beverages,47.3,237,11210.1,10
2026-01-04,SKU_1006,Coca Cola 750ml Value,Coca Cola,Beverages,49.24,250,12310.0,10
2026-01-05,SKU_1006,Coca Cola 750ml Value,Coca Cola,Beverages,49.16,217,10667.72,0
2026-01-06,SKU_1006,Coca Cola 750ml Value,Coca Cola,Beverages,47.14,221,10417.94,0
2026-01-07,SKU_1006,Coca Cola 750ml Value,Coca Cola,Beverages,51.14,215,10995.1,0
2026-01-08,SKU_1006,Coca Cola 750ml Value,Coca Cola,Beverages,48.06,219,10525.14,0
2026-01-09,SKU_1006,Coca Cola 750ml Value,Coca Cola,Beverages,50.82,215,10926.3,0
2026-01-10,SKU_1006,Coca Cola 750ml Value,Coca Cola,Beverages,48.47,242,11729.74,5
2026-01-11,SKU_1006,Coca Cola 750ml Value,Coca Cola,Beverages,49.52,217,10745.84,0
2026-01-12,SKU_1006,Coca Cola 750ml Value,Coca Cola,Beverages,47.66,260,12391.6,10
2026-01-13,SKU_1006,Coca Cola 750ml Value,Coca Cola,Beverages,48.43,232,11235.76,10
2026-01-14,SKU_1006,Coca Cola 750ml Value,Coca Cola,Beverages,46.92,221,10369.32,0
2026-01-15,SKU_1006,Coca Cola 750ml Value,Coca Cola,Beverages,47.62,220,10476.4,0
2026-01-16,SKU_1006,Coca Cola 750ml Value,Coca Cola,Beverages,49.01,217,10635.17,0
2026-01-17,SKU_1006,Coca Cola 750ml Value,Coca Cola,Beverages,48.09,231,11108.79,5
2026-01-18,SKU_1006,Coca Cola 750ml Value,Coca Cola,Beverages,45.73,258,11798.34,5
2026-01-19,SKU_1006,Coca Cola 750ml Value,Coca Cola,Beverages,48.11,219,10536.09,0
2026-01-20,SKU_1006,Coca Cola 750ml Value,Coca Cola,Beverages,46.35,256,11865.6,5
2026-01-21,SKU_1006,Coca Cola 750ml Value,Coca Cola,Beverages,50.63,228,11543.64,10
2026-01-22,SKU_1006,Coca Cola 750ml Value,Coca Cola,Beverages,47.84,220,10524.8,0
2026-01-23,SKU_1006,Coca Cola 750ml Value,Coca Cola,Beverages,48.8,243,11858.4,5
2026-01-24,SKU_1006,Coca Cola 750ml Value,Coca Cola,Beverages,47.28,221,10448.88,0
2026-01-25,SKU_1006,Coca Cola 750ml Value,Coca Cola,Beverages,50.32,228,11472.96,10
2026-01-26,SKU_1006,Coca Cola 750ml Value,Coca Cola,Beverages,48.31,219,10579.89,0
2026-01-27,SKU_1006,Coca Cola 750ml Value,Coca Cola,Beverages,48.8,217,10589.6,0
2026-01-28,SKU_1006,Coca Cola 750ml Value,Coca Cola,Beverages,49.64,241,11963.24,5
2026-01-29,SKU_1006,Coca Cola 750ml Value,Coca Cola,Beverages,49.53,216,10698.48,0
2026-01-30,SKU_1006,Coca Cola 750ml Value,Coca Cola,Beverages,48.52,238,11547.76,5
2026-01-31,SKU_1006,Coca Cola 750ml Value,Coca Cola,Beverages,46.53,222,10329.66,0
2026-02-01,SKU_1006,Coca Cola 750ml Value,Coca Cola,Beverages,50.85,213,10831.05,0
2026-02-02,SKU_1006,Coca Cola 750ml Value,Coca Cola,Beverages,49.15,217,10665.55,0
2026-02-03,SKU_1006,Coca Cola 750ml Value,Coca Cola,Beverages,48.8,231,11272.8,5
2026-02-04,SKU_1006,Coca Cola 750ml Value,Coca Cola,Beverages,48.5,218,10573.0,0
2026-02-05,SKU_1006,Coca Cola 750ml Value,Coca Cola,Beverages,47.82,230,10998.6,10
2026-02-06,SKU_1006,Coca Cola 750ml Value,Coca Cola,Beverages,46.31,224,10373.44,0
2026-02-07,SKU_1006,Coca Cola 750ml Value,Coca Cola,Beverages,50.51,213,10758.63,0
2026-02-08,SKU_1006,Coca Cola 750ml Value,Coca Cola,Beverages,46.12,225,10377.0,0
2026-02-09,SKU_1006,Coca Cola 750ml Value,Coca Cola,Beverages,47.56,250,11890.0,5
2026-02-10,SKU_1006,Coca Cola 750ml Value,Coca Cola,Beverages,50.64,214,10836.96,0
2026-02-11,SKU_1006,Coca Cola 750ml Value,Coca Cola,Beverages,46.92,239,11213.88,10
2026-02-12,SKU_1006,Coca Cola 750ml Value,Coca Cola,Beverages,51.04,224,11432.96,10
2026-02-13,SKU_1006,Coca Cola 750ml Value,Coca Cola,Beverages,45.64,223,10177.72,0
2026-02-14,SKU_1006,Coca Cola 750ml Value,Coca Cola,Beverages,49.69,253,12571.57,5
2026-02-15,SKU_1006,Coca Cola 750ml Value,Coca Cola,Beverages,49.7,234,11629.8,5
2026-02-16,SKU_1006,Coca Cola 750ml Value,Coca Cola,Beverages,49.46,215,10633.9,0
2026-02-17,SKU_1006,Coca Cola 750ml Value,Coca Cola,Beverages,49.91,249,12427.59,5
2026-02-18,SKU_1006,Coca Cola 750ml Value,Coca Cola,Beverages,47.49,220,10447.8,0
2026-02-19,SKU_1006,Coca Cola 750ml Value,Coca Cola,Beverages,46.79,223,10434.17,0
2026-02-20,SKU_1006,Coca Cola 750ml Value,Coca Cola,Beverages,50.96,214,10905.44,0
2026-02-21,SKU_1006,Coca Cola 750ml Value,Coca Cola,Beverages,49.65,232,11518.8,10
2026-02-22,SKU_1006,Coca Cola 750ml Value,Coca Cola,Beverages,46.14,224,10335.36,0
2026-02-23,SKU_1006,Coca Cola 750ml Value,Coca Cola,Beverages,48.56,219,10634.64,0
2026-02-24,SKU_1006,Coca Cola 750ml Value,Coca Cola,Beverages,51.23,251,12858.73,5
2026-02-25,SKU_1006,Coca Cola 750ml Value,Coca Cola,Beverages,48.63,247,12011.61,5
2026-02-26,SKU_1006,Coca Cola 750ml Value,Coca Cola,Beverages,47.11,232,10929.52,5
2026-02-27,SKU_1006,Coca Cola 750ml Value,Coca Cola,Beverages,47.68,243,11586.24,5
2026-02-28,SKU_1006,Coca Cola 750ml Value,Coca Cola,Beverages,50.9,245,12470.5,10
2026-03-01,SKU_1006,Coca Cola 750ml Value,Coca Cola,Beverages,49.06,239,11725.34,5
2026-03-02,SKU_1006,Coca Cola 750ml Value,Coca Cola,Beverages,48.63,257,12497.91,10
2026-03-03,SKU_1006,Coca Cola 750ml Value,Coca Cola,Beverages,49.83,232,11560.56,5
2026-03-04,SKU_1006,Coca Cola 750ml Value,Coca Cola,Beverages,50.06,243,12164.58,5
2026-03-05,SKU_1006,Coca Cola 750ml Value,Coca Cola,Beverages,47.57,258,12273.06,5
2026-03-06,SKU_1006,Coca Cola 750ml Value,Coca Cola,Beverages,48.55,218,10583.9,0
2026-03-07,SKU_1006,Coca Cola 750ml Value,Coca Cola,Beverages,48.4,219,10599.6,0
2026-03-08,SKU_1006,Coca Cola 750ml Value,Coca Cola,Beverages,47.4,221,10475.4,0
2026-03-09,SKU_1006,Coca Cola 750ml Value,Coca Cola,Beverages,48.33,258,12469.14,10
2026-03-10,SKU_1006,Coca Cola 750ml Value,Coca Cola,Beverages,49.87,228,11370.36,5
2026-03-11,SKU_1006,Coca Cola 750ml Value,Coca Cola,Beverages,51.11,251,12828.61,5
2026-03-12,SKU_1006,Coca Cola 750ml Value,Coca Cola,Beverages,48.2,219,10555.8,0
2026-03-13,SKU_1006,Coca Cola 750ml Value,Coca Cola,Beverages,50.57,213,10771.41,0
2026-03-14,SKU_1006,Coca Cola 750ml Value,Coca Cola,Beverages,49.48,217,10737.16,0
2026-03-15,SKU_1006,Coca Cola 750ml Value,Coca Cola,Beverages,49.76,217,10797.92,0
2026-03-16,SKU_1006,Coca Cola 750ml Value,Coca Cola,Beverages,46.58,263,12250.54,5
2026-03-17,SKU_1006,Coca Cola 750ml Value,Coca Cola,Beverages,51.8,212,10981.6,0
2026-03-18,SKU_1006,Coca Cola 750ml Value,Coca Cola,Beverages,49.07,216,10599.12,0
2026-03-19,SKU_1006,Coca Cola 750ml Value,Coca Cola,Beverages,51.1,213,10884.3,0
2026-03-20,SKU_1006,Coca Cola 750ml Value,Coca Cola,Beverages,46.69,234,10925.46,10
2026-03-21,SKU_1006,Coca Cola 750ml Value,Coca Cola,Beverages,50.63,214,10834.82,0
2026-03-22,SKU_1006,Coca Cola 750ml Value,Coca Cola,Beverages,49.45,217,10730.65,0
2026-03-23,SKU_1006,Coca Cola 750ml Value,Coca Cola,Beverages,48.63,218,10601.34,0
2026-03-24,SKU_1006,Coca Cola 750ml Value,Coca Cola,Beverages,50.4,231,11642.4,10
2026-03-25,SKU_1006,Coca Cola 750ml Value,Coca Cola,Beverages,51.19,240,12285.6,10
2026-03-26,SKU_1006,Coca Cola 750ml Value,Coca Cola,Beverages,49.78,250,12445.0,5
2026-03-27,SKU_1006,Coca Cola 750ml Value,Coca Cola,Beverages,48.45,218,10562.1,0
2026-03-28,SKU_1006,Coca Cola 750ml Value,Coca Cola,Beverages,51.68,245,12661.6,10
2026-03-29,SKU_1006,Coca Cola 750ml Value,Coca Cola,Beverages,50.96,226,11516.96,10
2026-03-30,SKU_1006,Coca Cola 750ml Value,Coca Cola,Beverages,48.77,218,10631.86,0
2026-03-31,SKU_1006,Coca Cola 750ml Value,Coca Cola,Beverages,51.03,211,10767.33,0
2026-04-01,SKU_1006,Coca Cola 750ml Value,Coca Cola,Beverages,50.14,293,14691.02,10
2026-04-02,SKU_1006,Coca Cola 750ml Value,Coca Cola,Beverages,50.17,270,13545.9,0
2026-04-03,SKU_1006,Coca Cola 750ml Value,Coca Cola,Beverages,47.69,275,13114.75,0
2026-04-04,SKU_1006,Coca Cola 750ml Value,Coca Cola,Beverages,48.34,274,13245.16,0
2026-04-05,SKU_1006,Coca Cola 750ml Value,Coca Cola,Beverages,47.13,277,13055.01,0
2026-04-06,SKU_1006,Coca Cola 750ml Value,Coca Cola,Beverages,47.39,276,13079.64,0
2026-04-07,SKU_1006,Coca Cola 750ml Value,Coca Cola,Beverages,47.92,275,13178.0,0
2026-04-08,SKU_1006,Coca Cola 750ml Value,Coca Cola,Beverages,49.53,294,14561.82,10
2026-04-09,SKU_1006,Coca Cola 750ml Value,Coca Cola,Beverages,50.51,292,14748.92,5
2026-04-10,SKU_1006,Coca Cola 750ml Value,Coca Cola,Beverages,51.33,298,15296.34,10
2026-04-11,SKU_1006,Coca Cola 750ml Value,Coca Cola,Beverages,49.86,282,14060.52,5
2026-04-12,SKU_1006,Coca Cola 750ml Value,Coca Cola,Beverages,50.41,307,15475.87,10
2026-04-13,SKU_1006,Coca Cola 750ml Value,Coca Cola,Beverages,46.03,313,14407.39,5
2026-04-14,SKU_1006,Coca Cola 750ml Value,Coca Cola,Beverages,46.63,277,12916.51,0
2026-04-15,SKU_1006,Coca Cola 750ml Value,Coca Cola,Beverages,49.72,280,13921.6,10
2026-04-16,SKU_1006,Coca Cola 750ml Value,Coca Cola,Beverages,51.7,280,14476.0,10
2026-04-17,SKU_1006,Coca Cola 750ml Value,Coca Cola,Beverages,48.22,311,14996.42,10
2026-04-18,SKU_1006,Coca Cola 750ml Value,Coca Cola,Beverages,47.5,276,13110.0,0
2026-04-19,SKU_1006,Coca Cola 750ml Value,Coca Cola,Beverages,45.65,309,14105.85,10
2026-04-20,SKU_1006,Coca Cola 750ml Value,Coca Cola,Beverages,51.34,294,15093.96,5
2026-04-21,SKU_1006,Coca Cola 750ml Value,Coca Cola,Beverages,46.88,308,14439.04,10
2026-04-22,SKU_1006,Coca Cola 750ml Value,Coca Cola,Beverages,48.36,308,14894.88,5
2026-04-23,SKU_1006,Coca Cola 750ml Value,Coca Cola,Beverages,46.83,277,12971.91,0
2026-04-24,SKU_1006,Coca Cola 750ml Value,Coca Cola,Beverages,48.95,272,13314.4,0
2026-04-25,SKU_1006,Coca Cola 750ml Value,Coca Cola,Beverages,48.85,272,13287.2,0
2026-04-26,SKU_1006,Coca Cola 750ml Value,Coca Cola,Beverages,46.18,300,13854.0,10
2026-04-27,SKU_1006,Coca Cola 750ml Value,Coca Cola,Beverages,50.32,269,13536.08,0
2026-04-28,SKU_1006,Coca Cola 750ml Value,Coca Cola,Beverages,51.16,265,13557.4,0
2026-04-29,SKU_1006,Coca Cola 750ml Value,Coca Cola,Beverages,47.11,303,14274.33,5
2026-04-30,SKU_1006,Coca Cola 750ml Value,Coca Cola,Beverages,46.29,278,12868.62,0
2026-05-01,SKU_1006,Coca Cola 750ml Value,Coca Cola,Beverages,47.22,277,13079.94,0
2026-05-02,SKU_1006,Coca Cola 750ml Value,Coca Cola,Beverages,45.9,281,12897.9,0
2026-05-03,SKU_1006,Coca Cola 750ml Value,Coca Cola,Beverages,48.4,273,13213.2,0
2026-05-04,SKU_1006,Coca Cola 750ml Value,Coca Cola,Beverages,48.43,301,14577.43,10
2026-05-05,SKU_1006,Coca Cola 750ml Value,Coca Cola,Beverages,50.06,304,15218.24,10
2026-05-06,SKU_1006,Coca Cola 750ml Value,Coca Cola,Beverages,49.32,271,13365.72,0
2026-05-07,SKU_1006,Coca Cola 750ml Value,Coca Cola,Beverages,49.76,300,14928.0,10
2026-05-08,SKU_1006,Coca Cola 750ml Value,Coca Cola,Beverages,46.47,278,12918.66,0
2026-05-09,SKU_1006,Coca Cola 750ml Value,Coca Cola,Beverages,46.26,279,12906.54,0
2026-05-10,SKU_1006,Coca Cola 750ml Value,Coca Cola,Beverages,50.73,268,13595.64,0
2026-05-11,SKU_1006,Coca Cola 750ml Value,Coca Cola,Beverages,46.51,290,13487.9,5
2026-05-12,SKU_1006,Coca Cola 750ml Value,Coca Cola,Beverages,46.18,279,12884.22,0
2026-05-13,SKU_1006,Coca Cola 750ml Value,Coca Cola,Beverages,48.57,273,13259.61,0
2026-05-14,SKU_1006,Coca Cola 750ml Value,Coca Cola,Beverages,49.82,296,14746.72,10
2026-05-15,SKU_1006,Coca Cola 750ml Value,Coca Cola,Beverages,50.46,291,14683.86,10
2026-05-16,SKU_1006,Coca Cola 750ml Value,Coca Cola,Beverages,49.57,302,14970.14,5
2026-05-17,SKU_1006,Coca Cola 750ml Value,Coca Cola,Beverages,51.67,262,13537.54,0
2026-05-18,SKU_1006,Coca Cola 750ml Value,Coca Cola,Beverages,48.76,286,13945.36,5
