datasets/sales.csv
date,product_id,product_name,brand,category,selling_price,units_sold,revenue,promotion_discount_pct
2025-11-20,SKU_1007,Coca Cola 750ml Family,Coca Cola,Beverages,64.55,254,16395.7,10
2025-11-21,SKU_1007,Coca Cola 750ml Family,Coca Cola,Beverages,62.42,246,15355.32,0
2025-11-22,SKU_1007,Coca Cola 750ml Family,Coca Cola,Beverages,62.82,243,15265.26,0
2025-11-23,SKU_1007,Coca Cola 750ml Family,Coca Cola,Beverages,64.19,257,16496.83,5
2025-11-24,SKU_1007,Coca Cola 750ml Family,Coca Cola,Beverages,57.94,258,14948.52,0
2025-11-25,SKU_1007,Coca Cola 750ml Family,Coca Cola,Beverages,61.08,250,15270.0,0
2025-11-26,SKU_1007,Coca Cola 750ml Family,Coca Cola,Beverages,64.73,252,16311.96,5
2025-11-27,SKU_1007,Coca Cola 750ml Family,Coca Cola,Beverages,63.17,269,16992.73,10
2025-11-28,SKU_1007,Coca Cola 750ml Family,Coca Cola,Beverages,57.38,261,14976.18,0
2025-11-29,SKU_1007,Coca Cola 750ml Family,Coca Cola,Beverages,58.68,267,15667.56,5
2025-11-30,SKU_1007,Coca Cola 750ml Family,Coca Cola,Beverages,57.95,257,14893.15,0
2025-12-01,SKU_1007,Coca Cola 750ml Family,Coca Cola,Beverages,60.26,243,14643.18,10
2025-12-02,SKU_1007,Coca Cola 750ml Family,Coca Cola,Beverages,64.02,245,15684.9,5
2025-12-03,SKU_1007,Coca Cola 750ml Family,Coca Cola,Beverages,62.62,213,13338.06,0
2025-12-04,SKU_1007,Coca Cola 750ml Family,Coca Cola,Beverages,60.94,248,15113.12,5
2025-12-05,SKU_1007,Coca Cola 750ml Family,Coca Cola,Beverages,60.5,218,13189.0,0
2025-12-06,SKU_1007,Coca Cola 750ml Family,Coca Cola,Beverages,57.7,248,14309.6,10
2025-12-07,SKU_1007,Coca Cola 750ml Family,Coca Cola,Beverages,60.02,219,13144.38,0
2025-12-08,SKU_1007,Coca Cola 750ml Family,Coca Cola,Beverages,61.22,249,15243.78,5
2025-12-09,SKU_1007,Coca Cola 750ml Family,Coca Cola,Beverages,59.16,221,13074.36,0
2025-12-10,SKU_1007,Coca Cola 750ml Family,Coca Cola,Beverages,62.52,214,13379.28,0
2025-12-11,SKU_1007,Coca Cola 750ml Family,Coca Cola,Beverages,61.38,229,14056.02,10
2025-12-12,SKU_1007,Coca Cola 750ml Family,Coca Cola,Beverages,58.5,257,15034.5,10
2025-12-13,SKU_1007,Coca Cola 750ml Family,Coca Cola,Beverages,57.41,226,12974.66,0
2025-12-14,SKU_1007,Coca Cola 750ml Family,Coca Cola,Beverages,62.85,213,13387.05,0
2025-12-15,SKU_1007,Coca Cola 750ml Family,Coca Cola,Beverages,57.94,225,13036.5,0
2025-12-16,SKU_1007,Coca Cola 750ml Family,Coca Cola,Beverages,64.51,211,13611.61,0
2025-12-17,SKU_1007,Coca Cola 750ml Family,Coca Cola,Beverages,58.91,246,14491.86,10
2025-12-18,SKU_1007,Coca Cola 750ml Family,Coca Cola,Beverages,57.66,225,12973.5,0
2025-12-19,SKU_1007,Coca Cola 750ml Family,Coca Cola,Beverages,60.13,219,13168.47,0
2025-12-20,SKU_1007,Coca Cola 750ml Family,Coca Cola,Beverages,59.65,220,13123.0,0
2025-12-21,SKU_1007,Coca Cola 750ml Family,Coca Cola,Beverages,63.71,212,13506.52,0
2025-12-22,SKU_1007,Coca Cola 750ml Family,Coca Cola,Beverages,57.71,241,13908.11,10
2025-12-23,SKU_1007,Coca Cola 750ml Family,Coca Cola,Beverages,59.23,221,13089.83,0
2025-12-24,SKU_1007,Coca Cola 750ml Family,Coca Cola,Beverages,58.2,225,13095.0,0
2025-12-25,SKU_1007,Coca Cola 750ml Family,Coca Cola,Beverages,57.46,227,13043.42,0
2025-12-26,SKU_1007,Coca Cola 750ml Family,Coca Cola,Beverages,57.21,237,13558.77,5
2025-12-27,SKU_1007,Coca Cola 750ml Family,Coca Cola,Beverages,59.5,221,13149.5,0
2025-12-28,SKU_1007,Coca Cola 750ml Family,Coca Cola,Beverages,59.01,222,13100.22,0
2025-12-29,SKU_1007,Coca Cola 750ml Family,Coca Cola,Beverages,57.4,252,14464.8,10
2025-12-30,SKU_1007,Coca Cola 750ml Family,Coca Cola,Beverages,58.84,244,14356.96,10
2025-12-31,SKU_1007,Coca Cola 750ml Family,Coca Cola,Beverages,64.4,211,13588.4,0
2026-01-01,SKU_1007,Coca Cola 750ml Family,Coca Cola,Beverages,60.63,228,13823.64,5
2026-01-02,SKU_1007,Coca Cola 750ml Family,Coca Cola,Beverages,60.18,219,13179.42,0
2026-01-03,SKU_1007,Coca Cola 750ml Family,Coca Cola,Beverages,59.1,222,13120.2,0
2026-01-04,SKU_1007,Coca Cola 750ml Family,Coca Cola,Beverages,58.92,222,13080.24,0
2026-01-05,SKU_1007,Coca Cola 750ml Family,Coca Cola,Beverages,59.38,221,13122.98,0
2026-01-06,SKU_1007,Coca Cola 750ml Family,Coca Cola,Beverages,63.6,211,13419.6,0
2026-01-07,SKU_1007,Coca Cola 750ml Family,Coca Cola,Beverages,59.91,220,13180.2,0
2026-01-08,SKU_1007,Coca Cola 750ml Family,Coca Cola,Beverages,61.19,241,14746.79,10
2026-01-09,SKU_1007,Coca Cola 750ml Family,Coca Cola,Beverages,57.33,246,14103.18,10
2026-01-10,SKU_1007,Coca Cola 750ml Family,Coca Cola,Beverages,62.09,216,13411.44,0
2026-01-11,SKU_1007,Coca Cola 750ml Family,Coca Cola,Beverages,64.28,228,14655.84,10
2026-01-12,SKU_1007,Coca Cola 750ml Family,Coca Cola,Beverages,63.55,212,13472.6,0
2026-01-13,SKU_1007,Coca Cola 750ml Family,Coca Cola,Beverages,63.57,232,14748.24,10
2026-01-14,SKU_1007,Coca Cola 750ml Family,Coca Cola,Beverages,57.35,238,13649.3,10
2026-01-15,SKU_1007,Coca Cola 750ml Family,Coca Cola,Beverages,59.34,221,13114.14,0
2026-01-16,SKU_1007,Coca Cola 750ml Family,Coca Cola,Beverages,63.48,210,13330.8,0
2026-01-17,SKU_1007,Coca Cola 750ml Family,Coca Cola,Beverages,63.85,253,16154.05,10
2026-01-18,SKU_1007,Coca Cola 750ml Family,Coca Cola,Beverages,63.26,210,13284.6,0
2026-01-19,SKU_1007,Coca Cola 750ml Family,Coca Cola,Beverages,61.95,232,14372.4,5
2026-01-20,SKU_1007,Coca Cola 750ml Family,Coca Cola,Beverages,58.92,223,13139.16,0
2026-01-21,SKU_1007,Coca Cola 750ml Family,Coca Cola,Beverages,58.64,223,13076.72,0
2026-01-22,SKU_1007,Coca Cola 750ml Family,Coca Cola,Beverages,57.12,227,12966.24,0
2026-01-23,SKU_1007,Coca Cola 750ml Family,Coca Cola,Beverages,61.75,217,13399.75,0
2026-01-24,SKU_1007,Coca Cola 750ml Family,Coca Cola,Beverages,62.25,249,15500.25,5
2026-01-25,SKU_1007,Coca Cola 750ml Family,Coca Cola,Beverages,60.06,219,13153.14,0
2026-01-26,SKU_1007,Coca Cola 750ml Family,Coca Cola,Beverages,61.2,247,15116.4,5
2026-01-27,SKU_1007,Coca Cola 750ml Family,Coca Cola,Beverages,57.96,262,15185.52,5
2026-01-28,SKU_1007,Coca Cola 750ml Family,Coca Cola,Beverages,61.69,216,13325.04,0
2026-01-29,SKU_1007,Coca Cola 750ml Family,Coca Cola,Beverages,57.97,224,12985.28,0
2026-01-30,SKU_1007,Coca Cola 750ml Family,Coca Cola,Beverages,60.47,219,13242.93,0
2026-01-31,SKU_1007,Coca Cola 750ml Family,Coca Cola,Beverages,62.92,212,13339.04,0
2026-02-01,SKU_1007,Coca Cola 750ml Family,Coca Cola,Beverages,58.49,224,13101.76,0
2026-02-02,SKU_1007,Coca Cola 750ml Family,Coca Cola,Beverages,63.31,253,16017.43,5
2026-02-03,SKU_1007,Coca Cola 750ml Family,Coca Cola,Beverages,59.83,236,14119.88,10
2026-02-04,SKU_1007,Coca Cola 750ml Family,Coca Cola,Beverages,57.06,241,13751.46,5
2026-02-05,SKU_1007,Coca Cola 750ml Family,Coca Cola,Beverages,63.79,226,14416.54,5
2026-02-06,SKU_1007,Coca Cola 750ml Family,Coca Cola,Beverages,61.3,247,15141.1,10
2026-02-07,SKU_1007,Coca Cola 750ml Family,Coca Cola,Beverages,62.32,214,13336.48,0
2026-02-08,SKU_1007,Coca Cola 750ml Family,Coca Cola,Beverages,61.59,215,13241.85,0
2026-02-09,SKU_1007,Coca Cola 750ml Family,Coca Cola,Beverages,59.03,222,13104.66,0
2026-02-10,SKU_1007,Coca Cola 750ml Family,Coca Cola,Beverages,63.87,209,13348.83,0
2026-02-11,SKU_1007,Coca Cola 750ml Family,Coca Cola,Beverages,58.5,252,14742.0,10
2026-02-12,SKU_1007,Coca Cola 750ml Family,Coca Cola,Beverages,58.97,232,13681.04,5
2026-02-13,SKU_1007,Coca Cola 750ml Family,Coca Cola,Beverages,64.32,209,13442.88,0
2026-02-14,SKU_1007,Coca Cola 750ml Family,Coca Cola,Beverages,63.66,230,14641.8,5
2026-02-15,SKU_1007,Coca Cola 750ml Family,Coca Cola,Beverages,57.95,245,14197.75,5
2026-02-16,SKU_1007,Coca Cola 750ml Family,Coca Cola,Beverages,61.03,218,13304.54,0
2026-02-17,SKU_1007,Coca Cola 750ml Family,Coca Cola,Beverages,57.37,251,14399.87,10
2026-02-18,SKU_1007,Coca Cola 750ml Family,Coca Cola,Beverages,59.47,221,13142.87,0
2026-02-19,SKU_1007,Coca Cola 750ml Family,Coca Cola,Beverages,57.64,225,12969.0,0
2026-02-20,SKU_1007,Coca Cola 750ml Family,Coca Cola,Beverages,64.72,251,16244.72,5
2026-02-21,SKU_1007,Coca Cola 750ml Family,Coca Cola,Beverages,57.58,224,12897.92,0
2026-02-22,SKU_1007,Coca Cola 750ml Family,Coca Cola,Beverages,59.57,220,13105.4,0
2026-02-23,SKU_1007,Coca Cola 750ml Family,Coca Cola,Beverages,57.22,225,12874.5,0
2026-02-24,SKU_1007,Coca Cola 750ml Family,Coca Cola,Beverages,61.62,216,13309.92,0
2026-02-25,SKU_1007,Coca Cola 750ml Family,Coca Cola,Beverages,63.56,230,14618.8,5
2026-02-26,SKU_1007,Coca Cola 750ml Family,Coca Cola,Beverages,64.48,207,13347.36,0
2026-02-27,SKU_1007,Coca Cola 750ml Family,Coca Cola,Beverages,61.05,218,13308.9,0
2026-02-28,SKU_1007,Coca Cola 750ml Family,Coca Cola,Beverages,63.05,212,13366.6,0
2026-03-01,SKU_1007,Coca Cola 750ml Family,Coca Cola,Beverages,61.88,215,13304.2,0
2026-03-02,SKU_1007,Coca Cola 750ml Family,Coca Cola,Beverages,64.6,226,14599.6,5
2026-03-03,SKU_1007,Coca Cola 750ml Family,Coca Cola,Beverages,63.94,209,13363.46,0
2026-03-04,SKU_1007,Coca Cola 750ml Family,Coca Cola,Beverages,57.48,226,12990.48,0
2026-03-05,SKU_1007,Coca Cola 750ml Family,Coca Cola,Beverages,59.35,221,13116.35,0
2026-03-06,SKU_1007,Coca Cola 750ml Family,Coca Cola,Beverages,57.79,223,12887.17,0
2026-03-07,SKU_1007,Coca Cola 750ml Family,Coca Cola,Beverages,59.3,221,13105.3,0
2026-03-08,SKU_1007,Coca Cola 750ml Family,Coca Cola,Beverages,61.81,251,15514.31,10
2026-03-09,SKU_1007,Coca Cola 750ml Family,Coca Cola,Beverages,62.15,240,14916.0,5
2026-03-10,SKU_1007,Coca Cola 750ml Family,Coca Cola,Beverages,63.2,223,14093.6,10
2026-03-11,SKU_1007,Coca Cola 750ml Family,Coca Cola,Beverages,59.65,221,13182.65,0
2026-03-12,SKU_1007,Coca Cola 750ml Family,Coca Cola,Beverages,60.54,218,13197.72,0
2026-03-13,SKU_1007,Coca Cola 750ml Family,Coca Cola,Beverages,57.84,223,12898.32,0
2026-03-14,SKU_1007,Coca Cola 750ml Family,Coca Cola,Beverages,61.62,229,14110.98,10
2026-03-15,SKU_1007,Coca Cola 750ml Family,Coca Cola,Beverages,61.97,241,14934.77,5
2026-03-16,SKU_1007,Coca Cola 750ml Family,Coca Cola,Beverages,62.65,214,13407.1,0
2026-03-17,SKU_1007,Coca Cola 750ml Family,Coca Cola,Beverages,58.07,223,12949.61,0
2026-03-18,SKU_1007,Coca Cola 750ml Family,Coca Cola,Beverages,59.43,221,13134.03,0
2026-03-19,SKU_1007,Coca Cola 750ml Family,Coca Cola,Beverages,59.43,221,13134.03,0
2026-03-20,SKU_1007,Coca Cola 750ml Family,Coca Cola,Beverages,58.15,223,12967.45,0
2026-03-21,SKU_1007,Coca Cola 750ml Family,Coca Cola,Beverages,59.27,250,14817.5,10
2026-03-22,SKU_1007,Coca Cola 750ml Family,Coca Cola,Beverages,62.13,216,13420.08,0
2026-03-23,SKU_1007,Coca Cola 750ml Family,Coca Cola,Beverages,60.96,217,13228.32,0
2026-03-24,SKU_1007,Coca Cola 750ml Family,Coca Cola,Beverages,60.29,219,13203.51,0
2026-03-25,SKU_1007,Coca Cola 750ml Family,Coca Cola,Beverages,62.0,216,13392.0,0
2026-03-26,SKU_1007,Coca Cola 750ml Family,Coca Cola,Beverages,59.66,249,14855.34,5
2026-03-27,SKU_1007,Coca Cola 750ml Family,Coca Cola,Beverages,62.4,253,15787.2,10
2026-03-28,SKU_1007,Coca Cola 750ml Family,Coca Cola,Beverages,59.62,220,13116.4,0
2026-03-29,SKU_1007,Coca Cola 750ml Family,Coca Cola,Beverages,58.27,223,12994.21,0
2026-03-30,SKU_1007,Coca Cola 750ml Family,Coca Cola,Beverages,60.87,217,13208.79,0
2026-03-31,SKU_1007,Coca Cola 750ml Family,Coca Cola,Beverages,62.41,214,13355.74,0
2026-04-01,SKU_1007,Coca Cola 750ml Family,Coca Cola,Beverages,58.86,278,16363.08,0
2026-04-02,SKU_1007,Coca Cola 750ml Family,Coca Cola,Beverages,63.3,281,17787.3,5
2026-04-03,SKU_1007,Coca Cola 750ml Family,Coca Cola,Beverages,63.44,268,17001.92,0
2026-04-04,SKU_1007,Coca Cola 750ml Family,Coca Cola,Beverages,57.58,279,16064.82,0
2026-04-05,SKU_1007,Coca Cola 750ml Family,Coca Cola,Beverages,58.11,319,18537.09,10
2026-04-06,SKU_1007,Coca Cola 750ml Family,Coca Cola,Beverages,62.97,269,16938.93,0
2026-04-07,SKU_1007,Coca Cola 750ml Family,Coca Cola,Beverages,58.55,278,16276.9,0
2026-04-08,SKU_1007,Coca Cola 750ml Family,Coca Cola,Beverages,63.91,262,16744.42,0
2026-04-09,SKU_1007,Coca Cola 750ml Family,Coca Cola,Beverages,63.61,266,16920.26,0
2026-04-10,SKU_1007,Coca Cola 750ml Family,Coca Cola,Beverages,57.17,284,16236.28,0
2026-04-11,SKU_1007,Coca Cola 750ml Family,Coca Cola,Beverages,57.16,313,17891.08,5
2026-04-12,SKU_1007,Coca Cola 750ml Family,Coca Cola,Beverages,63.14,268,16921.52,0
2026-04-13,SKU_1007,Coca Cola 750ml Family,Coca Cola,Beverages,59.38,276,16388.88,0
2026-04-14,SKU_1007,Coca Cola 750ml Family,Coca Cola,Beverages,62.16,305,18958.8,10
2026-04-15,SKU_1007,Coca Cola 750ml Family,Coca Cola,Beverages,60.38,273,16483.74,0
2026-04-16,SKU_1007,Coca Cola 750ml Family,Coca Cola,Beverages,58.13,281,16334.53,0
2026-04-17,SKU_1007,Coca Cola 750ml Family,Coca Cola,Beverages,58.5,278,16263.0,0
2026-04-18,SKU_1007,Coca Cola 750ml Family,Coca Cola,Beverages,59.48,276,16416.48,0
2026-04-19,SKU_1007,Coca Cola 750ml Family,Coca Cola,Beverages,64.18,277,17777.86,10
2026-04-20,SKU_1007,Coca Cola 750ml Family,Coca Cola,Beverages,63.66,266,16933.56,0
2026-04-21,SKU_1007,Coca Cola 750ml Family,Coca Cola,Beverages,59.56,275,16379.0,0
2026-04-22,SKU_1007,Coca Cola 750ml Family,Coca Cola,Beverages,63.81,299,19079.19,10
2026-04-23,SKU_1007,Coca Cola 750ml Family,Coca Cola,Beverages,60.81,307,18668.67,5
2026-04-24,SKU_1007,Coca Cola 750ml Family,Coca Cola,Beverages,62.18,292,18156.56,10
2026-04-25,SKU_1007,Coca Cola 750ml Family,Coca Cola,Beverages,62.86,287,18040.82,10
2026-04-26,SKU_1007,Coca Cola 750ml Family,Coca Cola,Beverages,60.89,272,16562.08,0
2026-04-27,SKU_1007,Coca Cola 750ml Family,Coca Cola,Beverages,62.56,299,18705.44,5
2026-04-28,SKU_1007,Coca Cola 750ml Family,Coca Cola,Beverages,64.45,284,18303.8,10
2026-04-29,SKU_1007,Coca Cola 750ml Family,Coca Cola,Beverages,61.98,268,16610.64,0
2026-04-30,SKU_1007,Coca Cola 750ml Family,Coca Cola,Beverages,58.62,316,18523.92,5
2026-05-01,SKU_1007,Coca Cola 750ml Family,Coca Cola,Beverages,58.83,315,18531.45,5
2026-05-02,SKU_1007,Coca Cola 750ml Family,Coca Cola,Beverages,59.94,275,16483.5,0
2026-05-03,SKU_1007,Coca Cola 750ml Family,Coca Cola,Beverages,58.99,277,16340.23,0
2026-05-04,SKU_1007,Coca Cola 750ml Family,Coca Cola,Beverages,59.3,276,16366.8,0
2026-05-05,SKU_1007,Coca Cola 750ml Family,Coca Cola,Beverages,61.55,290,17849.5,10
2026-05-06,SKU_1007,Coca Cola 750ml Family,Coca Cola,Beverages,60.32,295,17794.4,5
2026-05-07,SKU_1007,Coca Cola 750ml Family,Coca Cola,Beverages,63.28,276,17465.28,5
2026-05-08,SKU_1007,Coca Cola 750ml Family,Coca Cola,Beverages,58.4,278,16235.2,0
2026-05-09,SKU_1007,Coca Cola 750ml Family,Coca Cola,Beverages,59.8,301,17999.8,10
2026-05-10,SKU_1007,Coca Cola 750ml Family,Coca Cola,Beverages,61.26,272,16662.72,0
2026-05-11,SKU_1007,Coca Cola 750ml Family,Coca Cola,Beverages,64.23,266,17085.18,0
2026-05-12,SKU_1007,Coca Cola 750ml Family,Coca Cola,Beverages,59.81,275,16447.75,0
2026-05-13,SKU_1007,Coca Cola 750ml Family,Coca Cola,Beverages,58.53,278,16271.34,0
2026-05-14,SKU_1007,Coca Cola 750ml Family,Coca Cola,Beverages,62.81,265,16644.65,0
2026-05-15,SKU_1007,Coca Cola 750ml Family,Coca Cola,Beverages,58.49,279,16318.71,0
2026-05-16,SKU_1007,Coca Cola 750ml Family,Coca Cola,Beverages,64.79,298,19307.42,10
2026-05-17,SKU_1007,Coca Cola 750ml Family,Coca Cola,Beverages,59.04,278,16413.12,0
2026-05-18,SKU_1007,Coca Cola 750ml Family,Coca Cola,Beverages,63.41,303,19213.23,5
