datasets/sales.csv
date,product_id,product_name,brand,category,selling_price,units_sold,revenue,promotion_discount_pct
2025-11-20,SKU_1008,Coca Cola 1L Mini,Coca Cola,Beverages,33.69,252,8489.88,0
2025-11-21,SKU_1008,Coca Cola 1L Mini,Coca Cola,Beverages,33.98,252,8562.96,0
2025-11-22,SKU_1008,Coca Cola 1L Mini,Coca Cola,Beverages,35.7,248,8853.6,0
2025-11-23,SKU_1008,Coca Cola 1L Mini,Coca Cola,Beverages,33.99,285,9687.15,10
2025-11-24,SKU_1008,Coca Cola 1L Mini,Coca Cola,Beverages,33.97,251,8526.47,0
2025-11-25,SKU_1008,Coca Cola 1L Mini,Coca Cola,Beverages,35.38,248,8774.24,0
2025-11-26,SKU_1008,Coca Cola 1L Mini,Coca Cola,Beverages,33.79,268,9055.72,5
2025-11-27,SKU_1008,Coca Cola 1L Mini,Coca Cola,Beverages,33.84,252,8527.68,0
2025-11-28,SKU_1008,Coca Cola 1L Mini,Coca Cola,Beverages,33.56,253,8490.68,0
2025-11-29,SKU_1008,Coca Cola 1L Mini,Coca Cola,Beverages,33.25,289,9609.25,5
2025-11-30,SKU_1008,Coca Cola 1L Mini,Coca Cola,Beverages,34.8,250,8700.0,0
2025-12-01,SKU_1008,Coca Cola 1L Mini,Coca Cola,Beverages,33.75,253,8538.75,5
2025-12-02,SKU_1008,Coca Cola 1L Mini,Coca Cola,Beverages,35.32,216,7629.12,0
2025-12-03,SKU_1008,Coca Cola 1L Mini,Coca Cola,Beverages,34.48,217,7482.16,0
2025-12-04,SKU_1008,Coca Cola 1L Mini,Coca Cola,Beverages,35.95,215,7729.25,0
2025-12-05,SKU_1008,Coca Cola 1L Mini,Coca Cola,Beverages,34.4,245,8428.0,10
2025-12-06,SKU_1008,Coca Cola 1L Mini,Coca Cola,Beverages,35.71,213,7606.23,0
2025-12-07,SKU_1008,Coca Cola 1L Mini,Coca Cola,Beverages,36.06,232,8365.92,5
2025-12-08,SKU_1008,Coca Cola 1L Mini,Coca Cola,Beverages,33.99,249,8463.51,5
2025-12-09,SKU_1008,Coca Cola 1L Mini,Coca Cola,Beverages,35.83,216,7739.28,0
2025-12-10,SKU_1008,Coca Cola 1L Mini,Coca Cola,Beverages,34.87,242,8438.54,10
2025-12-11,SKU_1008,Coca Cola 1L Mini,Coca Cola,Beverages,32.04,241,7721.64,5
2025-12-12,SKU_1008,Coca Cola 1L Mini,Coca Cola,Beverages,32.82,233,7647.06,10
2025-12-13,SKU_1008,Coca Cola 1L Mini,Coca Cola,Beverages,33.91,219,7426.29,0
2025-12-14,SKU_1008,Coca Cola 1L Mini,Coca Cola,Beverages,32.67,244,7971.48,5
2025-12-15,SKU_1008,Coca Cola 1L Mini,Coca Cola,Beverages,32.61,244,7956.84,10
2025-12-16,SKU_1008,Coca Cola 1L Mini,Coca Cola,Beverages,34.01,219,7448.19,0
2025-12-17,SKU_1008,Coca Cola 1L Mini,Coca Cola,Beverages,32.49,258,8382.42,5
2025-12-18,SKU_1008,Coca Cola 1L Mini,Coca Cola,Beverages,35.02,244,8544.88,10
2025-12-19,SKU_1008,Coca Cola 1L Mini,Coca Cola,Beverages,36.02,246,8860.92,10
2025-12-20,SKU_1008,Coca Cola 1L Mini,Coca Cola,Beverages,34.91,217,7575.47,0
2025-12-21,SKU_1008,Coca Cola 1L Mini,Coca Cola,Beverages,36.25,243,8808.75,5
2025-12-22,SKU_1008,Coca Cola 1L Mini,Coca Cola,Beverages,35.45,253,8968.85,10
2025-12-23,SKU_1008,Coca Cola 1L Mini,Coca Cola,Beverages,34.06,218,7425.08,0
2025-12-24,SKU_1008,Coca Cola 1L Mini,Coca Cola,Beverages,35.14,238,8363.32,5
2025-12-25,SKU_1008,Coca Cola 1L Mini,Coca Cola,Beverages,34.98,216,7555.68,0
2025-12-26,SKU_1008,Coca Cola 1L Mini,Coca Cola,Beverages,33.63,219,7364.97,0
2025-12-27,SKU_1008,Coca Cola 1L Mini,Coca Cola,Beverages,33.73,252,8499.96,10
2025-12-28,SKU_1008,Coca Cola 1L Mini,Coca Cola,Beverages,33.81,219,7404.39,0
2025-12-29,SKU_1008,Coca Cola 1L Mini,Coca Cola,Beverages,34.97,217,7588.49,0
2025-12-30,SKU_1008,Coca Cola 1L Mini,Coca Cola,Beverages,32.97,221,7286.37,0
2025-12-31,SKU_1008,Coca Cola 1L Mini,Coca Cola,Beverages,35.78,214,7656.92,0
2026-01-01,SKU_1008,Coca Cola 1L Mini,Coca Cola,Beverages,34.97,216,7553.52,0
2026-01-02,SKU_1008,Coca Cola 1L Mini,Coca Cola,Beverages,35.89,228,8182.92,10
2026-01-03,SKU_1008,Coca Cola 1L Mini,Coca Cola,Beverages,36.27,215,7798.05,0
2026-01-04,SKU_1008,Coca Cola 1L Mini,Coca Cola,Beverages,34.12,242,8257.04,5
2026-01-05,SKU_1008,Coca Cola 1L Mini,Coca Cola,Beverages,32.64,221,7213.44,0
2026-01-06,SKU_1008,Coca Cola 1L Mini,Coca Cola,Beverages,33.94,241,8179.54,5
2026-01-07,SKU_1008,Coca Cola 1L Mini,Coca Cola,Beverages,33.42,220,7352.4,0
2026-01-08,SKU_1008,Coca Cola 1L Mini,Coca Cola,Beverages,33.65,219,7369.35,0
2026-01-09,SKU_1008,Coca Cola 1L Mini,Coca Cola,Beverages,35.02,242,8474.84,5
2026-01-10,SKU_1008,Coca Cola 1L Mini,Coca Cola,Beverages,33.94,219,7432.86,0
2026-01-11,SKU_1008,Coca Cola 1L Mini,Coca Cola,Beverages,35.04,252,8830.08,5
2026-01-12,SKU_1008,Coca Cola 1L Mini,Coca Cola,Beverages,33.14,220,7290.8,0
2026-01-13,SKU_1008,Coca Cola 1L Mini,Coca Cola,Beverages,34.57,218,7536.26,0
2026-01-14,SKU_1008,Coca Cola 1L Mini,Coca Cola,Beverages,34.26,218,7468.68,0
2026-01-15,SKU_1008,Coca Cola 1L Mini,Coca Cola,Beverages,34.85,218,7597.3,0
2026-01-16,SKU_1008,Coca Cola 1L Mini,Coca Cola,Beverages,32.59,222,7234.98,0
2026-01-17,SKU_1008,Coca Cola 1L Mini,Coca Cola,Beverages,35.04,231,8094.24,10
2026-01-18,SKU_1008,Coca Cola 1L Mini,Coca Cola,Beverages,33.85,249,8428.65,10
2026-01-19,SKU_1008,Coca Cola 1L Mini,Coca Cola,Beverages,34.81,216,7518.96,0
2026-01-20,SKU_1008,Coca Cola 1L Mini,Coca Cola,Beverages,33.63,219,7364.97,0
2026-01-21,SKU_1008,Coca Cola 1L Mini,Coca Cola,Beverages,34.53,252,8701.56,5
2026-01-22,SKU_1008,Coca Cola 1L Mini,Coca Cola,Beverages,32.8,221,7248.8,0
2026-01-23,SKU_1008,Coca Cola 1L Mini,Coca Cola,Beverages,32.79,221,7246.59,0
2026-01-24,SKU_1008,Coca Cola 1L Mini,Coca Cola,Beverages,36.24,214,7755.36,0
2026-01-25,SKU_1008,Coca Cola 1L Mini,Coca Cola,Beverages,34.89,217,7571.13,0
2026-01-26,SKU_1008,Coca Cola 1L Mini,Coca Cola,Beverages,35.4,215,7611.0,0
2026-01-27,SKU_1008,Coca Cola 1L Mini,Coca Cola,Beverages,35.08,230,8068.4,10
2026-01-28,SKU_1008,Coca Cola 1L Mini,Coca Cola,Beverages,35.48,216,7663.68,0
2026-01-29,SKU_1008,Coca Cola 1L Mini,Coca Cola,Beverages,34.65,256,8870.4,5
2026-01-30,SKU_1008,Coca Cola 1L Mini,Coca Cola,Beverages,33.79,219,7400.01,0
2026-01-31,SKU_1008,Coca Cola 1L Mini,Coca Cola,Beverages,33.48,250,8370.0,5
2026-02-01,SKU_1008,Coca Cola 1L Mini,Coca Cola,Beverages,33.3,237,7892.1,5
2026-02-02,SKU_1008,Coca Cola 1L Mini,Coca Cola,Beverages,32.21,244,7859.24,10
2026-02-03,SKU_1008,Coca Cola 1L Mini,Coca Cola,Beverages,32.11,243,7802.73,5
2026-02-04,SKU_1008,Coca Cola 1L Mini,Coca Cola,Beverages,35.27,216,7618.32,0
2026-02-05,SKU_1008,Coca Cola 1L Mini,Coca Cola,Beverages,35.03,231,8091.93,10
2026-02-06,SKU_1008,Coca Cola 1L Mini,Coca Cola,Beverages,33.02,220,7264.4,0
2026-02-07,SKU_1008,Coca Cola 1L Mini,Coca Cola,Beverages,36.21,213,7712.73,0
2026-02-08,SKU_1008,Coca Cola 1L Mini,Coca Cola,Beverages,33.37,220,7341.4,0
2026-02-09,SKU_1008,Coca Cola 1L Mini,Coca Cola,Beverages,36.19,213,7708.47,0
2026-02-10,SKU_1008,Coca Cola 1L Mini,Coca Cola,Beverages,33.38,244,8144.72,10
2026-02-11,SKU_1008,Coca Cola 1L Mini,Coca Cola,Beverages,33.59,220,7389.8,0
2026-02-12,SKU_1008,Coca Cola 1L Mini,Coca Cola,Beverages,34.12,218,7438.16,0
2026-02-13,SKU_1008,Coca Cola 1L Mini,Coca Cola,Beverages,32.94,221,7279.74,0
2026-02-14,SKU_1008,Coca Cola 1L Mini,Coca Cola,Beverages,33.27,220,7319.4,0
2026-02-15,SKU_1008,Coca Cola 1L Mini,Coca Cola,Beverages,34.63,218,7549.34,0
2026-02-16,SKU_1008,Coca Cola 1L Mini,Coca Cola,Beverages,34.1,235,8013.5,5
2026-02-17,SKU_1008,Coca Cola 1L Mini,Coca Cola,Beverages,34.72,257,8923.04,10
2026-02-18,SKU_1008,Coca Cola 1L Mini,Coca Cola,Beverages,33.86,219,7415.34,0
2026-02-19,SKU_1008,Coca Cola 1L Mini,Coca Cola,Beverages,33.13,221,7321.73,0
2026-02-20,SKU_1008,Coca Cola 1L Mini,Coca Cola,Beverages,34.2,218,7455.6,0
2026-02-21,SKU_1008,Coca Cola 1L Mini,Coca Cola,Beverages,35.2,217,7638.4,0
2026-02-22,SKU_1008,Coca Cola 1L Mini,Coca Cola,Beverages,33.42,220,7352.4,0
2026-02-23,SKU_1008,Coca Cola 1L Mini,Coca Cola,Beverages,35.88,214,7678.32,0
2026-02-24,SKU_1008,Coca Cola 1L Mini,Coca Cola,Beverages,35.42,215,7615.3,0
2026-02-25,SKU_1008,Coca Cola 1L Mini,Coca Cola,Beverages,34.58,217,7503.86,0
2026-02-26,SKU_1008,Coca Cola 1L Mini,Coca Cola,Beverages,32.72,222,7263.84,0
2026-02-27,SKU_1008,Coca Cola 1L Mini,Coca Cola,Beverages,35.72,216,7715.52,0
2026-02-28,SKU_1008,Coca Cola 1L Mini,Coca Cola,Beverages,32.15,224,7201.6,0
2026-03-01,SKU_1008,Coca Cola 1L Mini,Coca Cola,Beverages,32.47,257,8344.79,10
2026-03-02,SKU_1008,Coca Cola 1L Mini,Coca Cola,Beverages,35.39,228,8068.92,10
2026-03-03,SKU_1008,Coca Cola 1L Mini,Coca Cola,Beverages,33.78,219,7397.82,0
2026-03-04,SKU_1008,Coca Cola 1L Mini,Coca Cola,Beverages,35.07,217,7610.19,0
2026-03-05,SKU_1008,Coca Cola 1L Mini,Coca Cola,Beverages,34.57,242,8365.94,10
2026-03-06,SKU_1008,Coca Cola 1L Mini,Coca Cola,Beverages,36.15,227,8206.05,5
2026-03-07,SKU_1008,Coca Cola 1L Mini,Coca Cola,Beverages,36.07,229,8260.03,5
2026-03-08,SKU_1008,Coca Cola 1L Mini,Coca Cola,Beverages,33.98,252,8562.96,10
2026-03-09,SKU_1008,Coca Cola 1L Mini,Coca Cola,Beverages,33.81,229,7742.49,5
2026-03-10,SKU_1008,Coca Cola 1L Mini,Coca Cola,Beverages,35.25,216,7614.0,0
2026-03-11,SKU_1008,Coca Cola 1L Mini,Coca Cola,Beverages,35.23,242,8525.66,10
2026-03-12,SKU_1008,Coca Cola 1L Mini,Coca Cola,Beverages,32.59,222,7234.98,0
2026-03-13,SKU_1008,Coca Cola 1L Mini,Coca Cola,Beverages,33.58,220,7387.6,0
2026-03-14,SKU_1008,Coca Cola 1L Mini,Coca Cola,Beverages,33.56,220,7383.2,0
2026-03-15,SKU_1008,Coca Cola 1L Mini,Coca Cola,Beverages,33.38,220,7343.6,0
2026-03-16,SKU_1008,Coca Cola 1L Mini,Coca Cola,Beverages,32.6,221,7204.6,0
2026-03-17,SKU_1008,Coca Cola 1L Mini,Coca Cola,Beverages,35.68,214,7635.52,0
2026-03-18,SKU_1008,Coca Cola 1L Mini,Coca Cola,Beverages,34.07,251,8551.57,5
2026-03-19,SKU_1008,Coca Cola 1L Mini,Coca Cola,Beverages,33.55,232,7783.6,10
2026-03-20,SKU_1008,Coca Cola 1L Mini,Coca Cola,Beverages,33.71,219,7382.49,0
2026-03-21,SKU_1008,Coca Cola 1L Mini,Coca Cola,Beverages,33.6,220,7392.0,0
2026-03-22,SKU_1008,Coca Cola 1L Mini,Coca Cola,Beverages,35.25,215,7578.75,0
2026-03-23,SKU_1008,Coca Cola 1L Mini,Coca Cola,Beverages,34.15,218,7444.7,0
2026-03-24,SKU_1008,Coca Cola 1L Mini,Coca Cola,Beverages,34.96,249,8705.04,5
2026-03-25,SKU_1008,Coca Cola 1L Mini,Coca Cola,Beverages,33.0,221,7293.0,0
2026-03-26,SKU_1008,Coca Cola 1L Mini,Coca Cola,Beverages,34.68,217,7525.56,0
2026-03-27,SKU_1008,Coca Cola 1L Mini,Coca Cola,Beverages,33.06,221,7306.26,0
2026-03-28,SKU_1008,Coca Cola 1L Mini,Coca Cola,Beverages,33.03,221,7299.63,0
2026-03-29,SKU_1008,Coca Cola 1L Mini,Coca Cola,Beverages,31.97,246,7864.62,5
2026-03-30,SKU_1008,Coca Cola 1L Mini,Coca Cola,Beverages,35.0,215,7525.0,0
2026-03-31,SKU_1008,Coca Cola 1L Mini,Coca Cola,Beverages,34.18,233,7963.94,5
2026-04-01,SKU_1008,Coca Cola 1L Mini,Coca Cola,Beverages,35.54,270,9595.8,0
2026-04-02,SKU_1008,Coca Cola 1L Mini,Coca Cola,Beverages,34.11,301,10267.11,5
2026-04-03,SKU_1008,Coca Cola 1L Mini,Coca Cola,Beverages,33.27,275,9149.25,0
2026-04-04,SKU_1008,Coca Cola 1L Mini,Coca Cola,Beverages,32.4,278,9007.2,0
2026-04-05,SKU_1008,Coca Cola 1L Mini,Coca Cola,Beverages,35.48,270,9579.6,0
2026-04-06,SKU_1008,Coca Cola 1L Mini,Coca Cola,Beverages,35.98,268,9642.64,0
2026-04-07,SKU_1008,Coca Cola 1L Mini,Coca Cola,Beverages,31.95,288,9201.6,5
2026-04-08,SKU_1008,Coca Cola 1L Mini,Coca Cola,Beverages,32.34,305,9863.7,5
2026-04-09,SKU_1008,Coca Cola 1L Mini,Coca Cola,Beverages,33.74,289,9750.86,5
2026-04-10,SKU_1008,Coca Cola 1L Mini,Coca Cola,Beverages,32.69,277,9055.13,0
2026-04-11,SKU_1008,Coca Cola 1L Mini,Coca Cola,Beverages,32.78,276,9047.28,0
2026-04-12,SKU_1008,Coca Cola 1L Mini,Coca Cola,Beverages,33.89,274,9285.86,0
2026-04-13,SKU_1008,Coca Cola 1L Mini,Coca Cola,Beverages,32.8,277,9085.6,0
2026-04-14,SKU_1008,Coca Cola 1L Mini,Coca Cola,Beverages,33.05,300,9915.0,5
2026-04-15,SKU_1008,Coca Cola 1L Mini,Coca Cola,Beverages,34.66,271,9392.86,0
2026-04-16,SKU_1008,Coca Cola 1L Mini,Coca Cola,Beverages,32.27,277,8938.79,0
2026-04-17,SKU_1008,Coca Cola 1L Mini,Coca Cola,Beverages,33.13,293,9707.09,10
2026-04-18,SKU_1008,Coca Cola 1L Mini,Coca Cola,Beverages,34.01,273,9284.73,0
2026-04-19,SKU_1008,Coca Cola 1L Mini,Coca Cola,Beverages,31.96,278,8884.88,0
2026-04-20,SKU_1008,Coca Cola 1L Mini,Coca Cola,Beverages,34.83,270,9404.1,0
2026-04-21,SKU_1008,Coca Cola 1L Mini,Coca Cola,Beverages,32.34,278,8990.52,0
2026-04-22,SKU_1008,Coca Cola 1L Mini,Coca Cola,Beverages,33.56,275,9229.0,0
2026-04-23,SKU_1008,Coca Cola 1L Mini,Coca Cola,Beverages,35.99,268,9645.32,0
2026-04-24,SKU_1008,Coca Cola 1L Mini,Coca Cola,Beverages,34.56,272,9400.32,0
2026-04-25,SKU_1008,Coca Cola 1L Mini,Coca Cola,Beverages,36.29,265,9616.85,0
2026-04-26,SKU_1008,Coca Cola 1L Mini,Coca Cola,Beverages,34.83,271,9438.93,0
2026-04-27,SKU_1008,Coca Cola 1L Mini,Coca Cola,Beverages,36.18,265,9587.7,0
2026-04-28,SKU_1008,Coca Cola 1L Mini,Coca Cola,Beverages,31.93,313,9994.09,5
2026-04-29,SKU_1008,Coca Cola 1L Mini,Coca Cola,Beverages,35.57,267,9497.19,0
2026-04-30,SKU_1008,Coca Cola 1L Mini,Coca Cola,Beverages,34.55,271,9363.05,0
2026-05-01,SKU_1008,Coca Cola 1L Mini,Coca Cola,Beverages,36.07,266,9594.62,0
2026-05-02,SKU_1008,Coca Cola 1L Mini,Coca Cola,Beverages,33.53,301,10092.53,5
2026-05-03,SKU_1008,Coca Cola 1L Mini,Coca Cola,Beverages,33.72,274,9239.28,0
2026-05-04,SKU_1008,Coca Cola 1L Mini,Coca Cola,Beverages,31.99,279,8925.21,0
2026-05-05,SKU_1008,Coca Cola 1L Mini,Coca Cola,Beverages,36.16,283,10233.28,5
2026-05-06,SKU_1008,Coca Cola 1L Mini,Coca Cola,Beverages,34.57,307,10612.99,10
2026-05-07,SKU_1008,Coca Cola 1L Mini,Coca Cola,Beverages,32.28,309,9974.52,5
2026-05-08,SKU_1008,Coca Cola 1L Mini,Coca Cola,Beverages,35.66,286,10198.76,5
2026-05-09,SKU_1008,Coca Cola 1L Mini,Coca Cola,Beverages,34.57,309,10682.13,10
2026-05-10,SKU_1008,Coca Cola 1L Mini,Coca Cola,Beverages,34.42,283,9740.86,10
2026-05-11,SKU_1008,Coca Cola 1L Mini,Coca Cola,Beverages,32.48,278,9029.44,0
2026-05-12,SKU_1008,Coca Cola 1L Mini,Coca Cola,Beverages,35.56,282,10027.92,5
2026-05-13,SKU_1008,Coca Cola 1L Mini,Coca Cola,Beverages,35.84,297,10644.48,5
2026-05-14,SKU_1008,Coca Cola 1L Mini,Coca Cola,Beverages,34.28,273,9358.44,0
2026-05-15,SKU_1008,Coca Cola 1L Mini,Coca Cola,Beverages,35.21,269,9471.49,0
2026-05-16,SKU_1008,Coca Cola 1L Mini,Coca Cola,Beverages,32.38,279,9034.02,0
2026-05-17,SKU_1008,Coca Cola 1L Mini,Coca Cola,Beverages,32.62,312,10177.44,5
2026-05-18,SKU_1008,Coca Cola 1L Mini,Coca Cola,Beverages,33.14,316,10472.24,5
