datasets/sales.csv
date,product_id,product_name,brand,category,selling_price,units_sold,revenue,promotion_discount_pct
2025-11-20,SKU_1009,Coca Cola 1L Regular,Coca Cola,Beverages,51.2,246,12595.2,0
2025-11-21,SKU_1009,Coca Cola 1L Regular,Coca Cola,Beverages,51.36,255,13096.8,5
2025-11-22,SKU_1009,Coca Cola 1L Regular,Coca Cola,Beverages,50.56,247,12488.32,0
2025-11-23,SKU_1009,Coca Cola 1L Regular,Coca Cola,Beverages,51.41,254,13058.14,10
2025-11-24,SKU_1009,Coca Cola 1L Regular,Coca Cola,Beverages,49.62,279,13843.98,5
2025-11-25,SKU_1009,Coca Cola 1L Regular,Coca Cola,Beverages,49.61,283,14039.63,5
2025-11-26,SKU_1009,Coca Cola 1L Regular,Coca Cola,Beverages,47.06,255,12000.3,0
2025-11-27,SKU_1009,Coca Cola 1L Regular,Coca Cola,Beverages,46.15,295,13614.25,10
2025-11-28,SKU_1009,Coca Cola 1L Regular,Coca Cola,Beverages,46.77,278,13002.06,10
2025-11-29,SKU_1009,Coca Cola 1L Regular,Coca Cola,Beverages,46.4,284,13177.6,5
2025-11-30,SKU_1009,Coca Cola 1L Regular,Coca Cola,Beverages,50.2,275,13805.0,10
2025-12-01,SKU_1009,Coca Cola 1L Regular,Coca Cola,Beverages,46.78,242,11320.76,5
2025-12-02,SKU_1009,Coca Cola 1L Regular,Coca Cola,Beverages,50.41,213,10737.33,0
2025-12-03,SKU_1009,Coca Cola 1L Regular,Coca Cola,Beverages,48.84,217,10598.28,0
2025-12-04,SKU_1009,Coca Cola 1L Regular,Coca Cola,Beverages,46.27,242,11197.34,5
2025-12-05,SKU_1009,Coca Cola 1L Regular,Coca Cola,Beverages,46.5,224,10416.0,0
2025-12-06,SKU_1009,Coca Cola 1L Regular,Coca Cola,Beverages,48.72,237,11546.64,10
2025-12-07,SKU_1009,Coca Cola 1L Regular,Coca Cola,Beverages,46.51,223,10371.73,0
2025-12-08,SKU_1009,Coca Cola 1L Regular,Coca Cola,Beverages,49.34,217,10706.78,0
2025-12-09,SKU_1009,Coca Cola 1L Regular,Coca Cola,Beverages,47.31,246,11638.26,10
2025-12-10,SKU_1009,Coca Cola 1L Regular,Coca Cola,Beverages,49.54,217,10750.18,0
2025-12-11,SKU_1009,Coca Cola 1L Regular,Coca Cola,Beverages,49.99,215,10747.85,0
2025-12-12,SKU_1009,Coca Cola 1L Regular,Coca Cola,Beverages,46.55,223,10380.65,0
2025-12-13,SKU_1009,Coca Cola 1L Regular,Coca Cola,Beverages,49.97,216,10793.52,0
2025-12-14,SKU_1009,Coca Cola 1L Regular,Coca Cola,Beverages,50.95,212,10801.4,0
2025-12-15,SKU_1009,Coca Cola 1L Regular,Coca Cola,Beverages,51.74,210,10865.4,0
2025-12-16,SKU_1009,Coca Cola 1L Regular,Coca Cola,Beverages,51.78,211,10925.58,0
2025-12-17,SKU_1009,Coca Cola 1L Regular,Coca Cola,Beverages,48.24,219,10564.56,0
2025-12-18,SKU_1009,Coca Cola 1L Regular,Coca Cola,Beverages,50.33,248,12481.84,10
2025-12-19,SKU_1009,Coca Cola 1L Regular,Coca Cola,Beverages,47.37,221,10468.77,0
2025-12-20,SKU_1009,Coca Cola 1L Regular,Coca Cola,Beverages,49.97,215,10743.55,0
2025-12-21,SKU_1009,Coca Cola 1L Regular,Coca Cola,Beverages,46.42,261,12115.62,10
2025-12-22,SKU_1009,Coca Cola 1L Regular,Coca Cola,Beverages,50.62,212,10731.44,0
2025-12-23,SKU_1009,Coca Cola 1L Regular,Coca Cola,Beverages,48.46,219,10612.74,0
2025-12-24,SKU_1009,Coca Cola 1L Regular,Coca Cola,Beverages,48.36,219,10590.84,0
2025-12-25,SKU_1009,Coca Cola 1L Regular,Coca Cola,Beverages,46.91,222,10414.02,0
2025-12-26,SKU_1009,Coca Cola 1L Regular,Coca Cola,Beverages,50.19,229,11493.51,10
2025-12-27,SKU_1009,Coca Cola 1L Regular,Coca Cola,Beverages,49.83,214,10663.62,0
2025-12-28,SKU_1009,Coca Cola 1L Regular,Coca Cola,Beverages,47.95,220,10549.0,0
2025-12-29,SKU_1009,Coca Cola 1L Regular,Coca Cola,Beverages,51.38,229,11766.02,5
2025-12-30,SKU_1009,Coca Cola 1L Regular,Coca Cola,Beverages,51.5,244,12566.0,10
2025-12-31,SKU_1009,Coca Cola 1L Regular,Coca Cola,Beverages,47.71,220,10496.2,0
2026-01-01,SKU_1009,Coca Cola 1L Regular,Coca Cola,Beverages,49.51,216,10694.16,0
2026-01-02,SKU_1009,Coca Cola 1L Regular,Coca Cola,Beverages,46.34,223,10333.82,0
2026-01-03,SKU_1009,Coca Cola 1L Regular,Coca Cola,Beverages,49.89,248,12372.72,5
2026-01-04,SKU_1009,Coca Cola 1L Regular,Coca Cola,Beverages,49.92,214,10682.88,0
2026-01-05,SKU_1009,Coca Cola 1L Regular,Coca Cola,Beverages,50.45,231,11653.95,5
2026-01-06,SKU_1009,Coca Cola 1L Regular,Coca Cola,Beverages,49.55,216,10702.8,0
2026-01-07,SKU_1009,Coca Cola 1L Regular,Coca Cola,Beverages,46.35,252,11680.2,5
2026-01-08,SKU_1009,Coca Cola 1L Regular,Coca Cola,Beverages,49.77,215,10700.55,0
2026-01-09,SKU_1009,Coca Cola 1L Regular,Coca Cola,Beverages,49.26,234,11526.84,5
2026-01-10,SKU_1009,Coca Cola 1L Regular,Coca Cola,Beverages,49.93,231,11533.83,10
2026-01-11,SKU_1009,Coca Cola 1L Regular,Coca Cola,Beverages,48.0,239,11472.0,5
2026-01-12,SKU_1009,Coca Cola 1L Regular,Coca Cola,Beverages,49.17,218,10719.06,0
2026-01-13,SKU_1009,Coca Cola 1L Regular,Coca Cola,Beverages,50.05,229,11461.45,10
2026-01-14,SKU_1009,Coca Cola 1L Regular,Coca Cola,Beverages,48.13,246,11839.98,5
2026-01-15,SKU_1009,Coca Cola 1L Regular,Coca Cola,Beverages,50.7,237,12015.9,10
2026-01-16,SKU_1009,Coca Cola 1L Regular,Coca Cola,Beverages,46.0,257,11822.0,10
2026-01-17,SKU_1009,Coca Cola 1L Regular,Coca Cola,Beverages,50.71,213,10801.23,0
2026-01-18,SKU_1009,Coca Cola 1L Regular,Coca Cola,Beverages,51.63,209,10790.67,0
2026-01-19,SKU_1009,Coca Cola 1L Regular,Coca Cola,Beverages,50.98,212,10807.76,0
2026-01-20,SKU_1009,Coca Cola 1L Regular,Coca Cola,Beverages,49.06,217,10646.02,0
2026-01-21,SKU_1009,Coca Cola 1L Regular,Coca Cola,Beverages,45.84,225,10314.0,0
2026-01-22,SKU_1009,Coca Cola 1L Regular,Coca Cola,Beverages,46.15,223,10291.45,0
2026-01-23,SKU_1009,Coca Cola 1L Regular,Coca Cola,Beverages,46.13,223,10286.99,0
2026-01-24,SKU_1009,Coca Cola 1L Regular,Coca Cola,Beverages,47.87,260,12446.2,5
2026-01-25,SKU_1009,Coca Cola 1L Regular,Coca Cola,Beverages,49.71,216,10737.36,0
2026-01-26,SKU_1009,Coca Cola 1L Regular,Coca Cola,Beverages,51.5,212,10918.0,0
2026-01-27,SKU_1009,Coca Cola 1L Regular,Coca Cola,Beverages,49.71,241,11980.11,10
2026-01-28,SKU_1009,Coca Cola 1L Regular,Coca Cola,Beverages,49.94,215,10737.1,0
2026-01-29,SKU_1009,Coca Cola 1L Regular,Coca Cola,Beverages,49.38,216,10666.08,0
2026-01-30,SKU_1009,Coca Cola 1L Regular,Coca Cola,Beverages,49.73,217,10791.41,0
2026-01-31,SKU_1009,Coca Cola 1L Regular,Coca Cola,Beverages,46.77,222,10382.94,0
2026-02-01,SKU_1009,Coca Cola 1L Regular,Coca Cola,Beverages,51.57,211,10881.27,0
2026-02-02,SKU_1009,Coca Cola 1L Regular,Coca Cola,Beverages,49.29,240,11829.6,10
2026-02-03,SKU_1009,Coca Cola 1L Regular,Coca Cola,Beverages,46.06,253,11653.18,5
2026-02-04,SKU_1009,Coca Cola 1L Regular,Coca Cola,Beverages,51.24,213,10914.12,0
2026-02-05,SKU_1009,Coca Cola 1L Regular,Coca Cola,Beverages,51.5,211,10866.5,0
2026-02-06,SKU_1009,Coca Cola 1L Regular,Coca Cola,Beverages,48.94,218,10668.92,0
2026-02-07,SKU_1009,Coca Cola 1L Regular,Coca Cola,Beverages,51.81,210,10880.1,0
2026-02-08,SKU_1009,Coca Cola 1L Regular,Coca Cola,Beverages,50.06,244,12214.64,10
2026-02-09,SKU_1009,Coca Cola 1L Regular,Coca Cola,Beverages,46.62,223,10396.26,0
2026-02-10,SKU_1009,Coca Cola 1L Regular,Coca Cola,Beverages,51.79,211,10927.69,0
2026-02-11,SKU_1009,Coca Cola 1L Regular,Coca Cola,Beverages,51.62,213,10995.06,0
2026-02-12,SKU_1009,Coca Cola 1L Regular,Coca Cola,Beverages,46.38,245,11363.1,10
2026-02-13,SKU_1009,Coca Cola 1L Regular,Coca Cola,Beverages,46.01,224,10306.24,0
2026-02-14,SKU_1009,Coca Cola 1L Regular,Coca Cola,Beverages,51.27,211,10817.97,0
2026-02-15,SKU_1009,Coca Cola 1L Regular,Coca Cola,Beverages,51.02,214,10918.28,0
2026-02-16,SKU_1009,Coca Cola 1L Regular,Coca Cola,Beverages,46.21,225,10397.25,0
2026-02-17,SKU_1009,Coca Cola 1L Regular,Coca Cola,Beverages,47.96,220,10551.2,0
2026-02-18,SKU_1009,Coca Cola 1L Regular,Coca Cola,Beverages,46.7,223,10414.1,0
2026-02-19,SKU_1009,Coca Cola 1L Regular,Coca Cola,Beverages,49.27,216,10642.32,0
2026-02-20,SKU_1009,Coca Cola 1L Regular,Coca Cola,Beverages,48.9,217,10611.3,0
2026-02-21,SKU_1009,Coca Cola 1L Regular,Coca Cola,Beverages,49.04,217,10641.68,0
2026-02-22,SKU_1009,Coca Cola 1L Regular,Coca Cola,Beverages,46.67,238,11107.46,5
2026-02-23,SKU_1009,Coca Cola 1L Regular,Coca Cola,Beverages,47.75,247,11794.25,10
2026-02-24,SKU_1009,Coca Cola 1L Regular,Coca Cola,Beverages,49.31,244,12031.64,5
2026-02-25,SKU_1009,Coca Cola 1L Regular,Coca Cola,Beverages,46.4,254,11785.6,10
2026-02-26,SKU_1009,Coca Cola 1L Regular,Coca Cola,Beverages,46.57,250,11642.5,5
2026-02-27,SKU_1009,Coca Cola 1L Regular,Coca Cola,Beverages,50.19,216,10841.04,0
2026-02-28,SKU_1009,Coca Cola 1L Regular,Coca Cola,Beverages,50.01,239,11952.39,10
2026-03-01,SKU_1009,Coca Cola 1L Regular,Coca Cola,Beverages,50.01,216,10802.16,0
2026-03-02,SKU_1009,Coca Cola 1L Regular,Coca Cola,Beverages,50.58,214,10824.12,0
2026-03-03,SKU_1009,Coca Cola 1L Regular,Coca Cola,Beverages,51.54,211,10874.94,0
2026-03-04,SKU_1009,Coca Cola 1L Regular,Coca Cola,Beverages,47.5,221,10497.5,0
2026-03-05,SKU_1009,Coca Cola 1L Regular,Coca Cola,Beverages,48.14,219,10542.66,0
2026-03-06,SKU_1009,Coca Cola 1L Regular,Coca Cola,Beverages,49.56,217,10754.52,0
2026-03-07,SKU_1009,Coca Cola 1L Regular,Coca Cola,Beverages,51.5,213,10969.5,0
2026-03-08,SKU_1009,Coca Cola 1L Regular,Coca Cola,Beverages,46.13,258,11901.54,5
2026-03-09,SKU_1009,Coca Cola 1L Regular,Coca Cola,Beverages,51.06,241,12305.46,5
2026-03-10,SKU_1009,Coca Cola 1L Regular,Coca Cola,Beverages,48.77,243,11851.11,5
2026-03-11,SKU_1009,Coca Cola 1L Regular,Coca Cola,Beverages,48.81,249,12153.69,10
2026-03-12,SKU_1009,Coca Cola 1L Regular,Coca Cola,Beverages,46.38,222,10296.36,0
2026-03-13,SKU_1009,Coca Cola 1L Regular,Coca Cola,Beverages,51.28,243,12461.04,5
2026-03-14,SKU_1009,Coca Cola 1L Regular,Coca Cola,Beverages,48.93,249,12183.57,10
2026-03-15,SKU_1009,Coca Cola 1L Regular,Coca Cola,Beverages,49.4,216,10670.4,0
2026-03-16,SKU_1009,Coca Cola 1L Regular,Coca Cola,Beverages,49.81,252,12552.12,10
2026-03-17,SKU_1009,Coca Cola 1L Regular,Coca Cola,Beverages,47.0,221,10387.0,0
2026-03-18,SKU_1009,Coca Cola 1L Regular,Coca Cola,Beverages,48.81,242,11812.02,5
2026-03-19,SKU_1009,Coca Cola 1L Regular,Coca Cola,Beverages,47.97,220,10553.4,0
2026-03-20,SKU_1009,Coca Cola 1L Regular,Coca Cola,Beverages,47.71,257,12261.47,10
2026-03-21,SKU_1009,Coca Cola 1L Regular,Coca Cola,Beverages,50.38,216,10882.08,0
2026-03-22,SKU_1009,Coca Cola 1L Regular,Coca Cola,Beverages,48.61,218,10596.98,0
2026-03-23,SKU_1009,Coca Cola 1L Regular,Coca Cola,Beverages,50.21,214,10744.94,0
2026-03-24,SKU_1009,Coca Cola 1L Regular,Coca Cola,Beverages,51.36,246,12634.56,10
2026-03-25,SKU_1009,Coca Cola 1L Regular,Coca Cola,Beverages,51.17,247,12638.99,10
2026-03-26,SKU_1009,Coca Cola 1L Regular,Coca Cola,Beverages,48.65,242,11773.3,10
2026-03-27,SKU_1009,Coca Cola 1L Regular,Coca Cola,Beverages,47.65,220,10483.0,0
2026-03-28,SKU_1009,Coca Cola 1L Regular,Coca Cola,Beverages,47.78,241,11514.98,5
2026-03-29,SKU_1009,Coca Cola 1L Regular,Coca Cola,Beverages,45.66,225,10273.5,0
2026-03-30,SKU_1009,Coca Cola 1L Regular,Coca Cola,Beverages,46.13,224,10333.12,0
2026-03-31,SKU_1009,Coca Cola 1L Regular,Coca Cola,Beverages,48.16,219,10547.04,0
2026-04-01,SKU_1009,Coca Cola 1L Regular,Coca Cola,Beverages,46.57,279,12993.03,0
2026-04-02,SKU_1009,Coca Cola 1L Regular,Coca Cola,Beverages,48.54,273,13251.42,0
2026-04-03,SKU_1009,Coca Cola 1L Regular,Coca Cola,Beverages,48.27,274,13225.98,0
2026-04-04,SKU_1009,Coca Cola 1L Regular,Coca Cola,Beverages,46.28,294,13606.32,5
2026-04-05,SKU_1009,Coca Cola 1L Regular,Coca Cola,Beverages,46.47,280,13011.6,0
2026-04-06,SKU_1009,Coca Cola 1L Regular,Coca Cola,Beverages,47.84,275,13156.0,0
2026-04-07,SKU_1009,Coca Cola 1L Regular,Coca Cola,Beverages,46.29,279,12914.91,0
2026-04-08,SKU_1009,Coca Cola 1L Regular,Coca Cola,Beverages,48.06,274,13168.44,0
2026-04-09,SKU_1009,Coca Cola 1L Regular,Coca Cola,Beverages,46.6,318,14818.8,5
2026-04-10,SKU_1009,Coca Cola 1L Regular,Coca Cola,Beverages,49.75,295,14676.25,5
2026-04-11,SKU_1009,Coca Cola 1L Regular,Coca Cola,Beverages,49.03,271,13287.13,0
2026-04-12,SKU_1009,Coca Cola 1L Regular,Coca Cola,Beverages,47.63,302,14384.26,5
2026-04-13,SKU_1009,Coca Cola 1L Regular,Coca Cola,Beverages,50.13,282,14136.66,5
2026-04-14,SKU_1009,Coca Cola 1L Regular,Coca Cola,Beverages,46.28,278,12865.84,0
2026-04-15,SKU_1009,Coca Cola 1L Regular,Coca Cola,Beverages,46.39,279,12942.81,0
2026-04-16,SKU_1009,Coca Cola 1L Regular,Coca Cola,Beverages,50.39,269,13554.91,0
2026-04-17,SKU_1009,Coca Cola 1L Regular,Coca Cola,Beverages,48.28,274,13228.72,0
2026-04-18,SKU_1009,Coca Cola 1L Regular,Coca Cola,Beverages,48.31,286,13816.66,5
2026-04-19,SKU_1009,Coca Cola 1L Regular,Coca Cola,Beverages,50.35,269,13544.15,0
2026-04-20,SKU_1009,Coca Cola 1L Regular,Coca Cola,Beverages,50.15,270,13540.5,0
2026-04-21,SKU_1009,Coca Cola 1L Regular,Coca Cola,Beverages,50.38,266,13401.08,0
2026-04-22,SKU_1009,Coca Cola 1L Regular,Coca Cola,Beverages,49.76,302,15027.52,5
2026-04-23,SKU_1009,Coca Cola 1L Regular,Coca Cola,Beverages,50.48,298,15043.04,10
2026-04-24,SKU_1009,Coca Cola 1L Regular,Coca Cola,Beverages,46.73,309,14439.57,10
2026-04-25,SKU_1009,Coca Cola 1L Regular,Coca Cola,Beverages,49.56,271,13430.76,0
2026-04-26,SKU_1009,Coca Cola 1L Regular,Coca Cola,Beverages,48.1,274,13179.4,0
2026-04-27,SKU_1009,Coca Cola 1L Regular,Coca Cola,Beverages,51.4,281,14443.4,10
2026-04-28,SKU_1009,Coca Cola 1L Regular,Coca Cola,Beverages,46.17,304,14035.68,5
2026-04-29,SKU_1009,Coca Cola 1L Regular,Coca Cola,Beverages,47.51,276,13112.76,0
2026-04-30,SKU_1009,Coca Cola 1L Regular,Coca Cola,Beverages,46.98,277,13013.46,0
2026-05-01,SKU_1009,Coca Cola 1L Regular,Coca Cola,Beverages,48.78,272,13268.16,0
2026-05-02,SKU_1009,Coca Cola 1L Regular,Coca Cola,Beverages,46.29,279,12914.91,0
2026-05-03,SKU_1009,Coca Cola 1L Regular,Coca Cola,Beverages,50.04,270,13510.8,0
2026-05-04,SKU_1009,Coca Cola 1L Regular,Coca Cola,Beverages,46.73,277,12944.21,0
2026-05-05,SKU_1009,Coca Cola 1L Regular,Coca Cola,Beverages,46.92,290,13606.8,10
2026-05-06,SKU_1009,Coca Cola 1L Regular,Coca Cola,Beverages,48.29,295,14245.55,5
2026-05-07,SKU_1009,Coca Cola 1L Regular,Coca Cola,Beverages,47.69,275,13114.75,0
2026-05-08,SKU_1009,Coca Cola 1L Regular,Coca Cola,Beverages,49.86,268,13362.48,0
2026-05-09,SKU_1009,Coca Cola 1L Regular,Coca Cola,Beverages,47.67,276,13156.92,0
2026-05-10,SKU_1009,Coca Cola 1L Regular,Coca Cola,Beverages,50.24,289,14519.36,10
2026-05-11,SKU_1009,Coca Cola 1L Regular,Coca Cola,Beverages,47.09,299,14079.91,10
2026-05-12,SKU_1009,Coca Cola 1L Regular,Coca Cola,Beverages,46.14,291,13426.74,10
2026-05-13,SKU_1009,Coca Cola 1L Regular,Coca Cola,Beverages,45.86,282,12932.52,0
2026-05-14,SKU_1009,Coca Cola 1L Regular,Coca Cola,Beverages,46.8,278,13010.4,0
2026-05-15,SKU_1009,Coca Cola 1L Regular,Coca Cola,Beverages,46.07,280,12899.6,0
2026-05-16,SKU_1009,Coca Cola 1L Regular,Coca Cola,Beverages,47.48,276,13104.48,0
2026-05-17,SKU_1009,Coca Cola 1L Regular,Coca Cola,Beverages,48.93,272,13308.96,0
2026-05-18,SKU_1009,Coca Cola 1L Regular,Coca Cola,Beverages,46.8,278,13010.4,0
