datasets/sales.csv
date,product_id,product_name,brand,category,selling_price,units_sold,revenue,promotion_discount_pct
2025-11-20,SKU_1010,Coca Cola 1L Value,Coca Cola,Beverages,61.4,262,16086.8,10
2025-11-21,SKU_1010,Coca Cola 1L Value,Coca Cola,Beverages,61.42,243,14925.06,0
2025-11-22,SKU_1010,Coca Cola 1L Value,Coca Cola,Beverages,61.54,271,16677.34,5
2025-11-23,SKU_1010,Coca Cola 1L Value,Coca Cola,Beverages,61.69,242,14928.98,0
2025-11-24,SKU_1010,Coca Cola 1L Value,Coca Cola,Beverages,55.97,256,14328.32,0
2025-11-25,SKU_1010,Coca Cola 1L Value,Coca Cola,Beverages,56.89,255,14506.95,0
2025-11-26,SKU_1010,Coca Cola 1L Value,Coca Cola,Beverages,60.67,269,16320.23,5
2025-11-27,SKU_1010,Coca Cola 1L Value,Coca Cola,Beverages,59.85,245,14663.25,0
2025-11-28,SKU_1010,Coca Cola 1L Value,Coca Cola,Beverages,55.96,284,15892.64,5
2025-11-29,SKU_1010,Coca Cola 1L Value,Coca Cola,Beverages,60.56,245,14837.2,0
2025-11-30,SKU_1010,Coca Cola 1L Value,Coca Cola,Beverages,56.27,271,15249.17,10
2025-12-01,SKU_1010,Coca Cola 1L Value,Coca Cola,Beverages,59.15,241,14255.15,10
2025-12-02,SKU_1010,Coca Cola 1L Value,Coca Cola,Beverages,58.49,217,12692.33,0
2025-12-03,SKU_1010,Coca Cola 1L Value,Coca Cola,Beverages,56.99,221,12594.79,0
2025-12-04,SKU_1010,Coca Cola 1L Value,Coca Cola,Beverages,58.85,217,12770.45,0
2025-12-05,SKU_1010,Coca Cola 1L Value,Coca Cola,Beverages,58.72,217,12742.24,0
2025-12-06,SKU_1010,Coca Cola 1L Value,Coca Cola,Beverages,61.77,212,13095.24,0
2025-12-07,SKU_1010,Coca Cola 1L Value,Coca Cola,Beverages,56.75,222,12598.5,0
2025-12-08,SKU_1010,Coca Cola 1L Value,Coca Cola,Beverages,62.13,211,13109.43,0
2025-12-09,SKU_1010,Coca Cola 1L Value,Coca Cola,Beverages,54.73,246,13463.58,10
2025-12-10,SKU_1010,Coca Cola 1L Value,Coca Cola,Beverages,57.15,239,13658.85,10
2025-12-11,SKU_1010,Coca Cola 1L Value,Coca Cola,Beverages,60.13,233,14010.29,10
2025-12-12,SKU_1010,Coca Cola 1L Value,Coca Cola,Beverages,57.15,220,12573.0,0
2025-12-13,SKU_1010,Coca Cola 1L Value,Coca Cola,Beverages,60.89,213,12969.57,0
2025-12-14,SKU_1010,Coca Cola 1L Value,Coca Cola,Beverages,56.04,255,14290.2,10
2025-12-15,SKU_1010,Coca Cola 1L Value,Coca Cola,Beverages,62.05,221,13713.05,10
2025-12-16,SKU_1010,Coca Cola 1L Value,Coca Cola,Beverages,60.13,213,12807.69,0
2025-12-17,SKU_1010,Coca Cola 1L Value,Coca Cola,Beverages,61.23,227,13899.21,10
2025-12-18,SKU_1010,Coca Cola 1L Value,Coca Cola,Beverages,60.84,214,13019.76,0
2025-12-19,SKU_1010,Coca Cola 1L Value,Coca Cola,Beverages,56.25,237,13331.25,5
2025-12-20,SKU_1010,Coca Cola 1L Value,Coca Cola,Beverages,58.06,239,13876.34,5
2025-12-21,SKU_1010,Coca Cola 1L Value,Coca Cola,Beverages,55.83,238,13287.54,5
2025-12-22,SKU_1010,Coca Cola 1L Value,Coca Cola,Beverages,58.16,218,12678.88,0
2025-12-23,SKU_1010,Coca Cola 1L Value,Coca Cola,Beverages,56.13,223,12516.99,0
2025-12-24,SKU_1010,Coca Cola 1L Value,Coca Cola,Beverages,59.57,216,12867.12,0
2025-12-25,SKU_1010,Coca Cola 1L Value,Coca Cola,Beverages,61.35,225,13803.75,10
2025-12-26,SKU_1010,Coca Cola 1L Value,Coca Cola,Beverages,55.24,223,12318.52,0
2025-12-27,SKU_1010,Coca Cola 1L Value,Coca Cola,Beverages,58.13,231,13428.03,5
2025-12-28,SKU_1010,Coca Cola 1L Value,Coca Cola,Beverages,60.14,215,12930.1,0
2025-12-29,SKU_1010,Coca Cola 1L Value,Coca Cola,Beverages,59.24,216,12795.84,0
2025-12-30,SKU_1010,Coca Cola 1L Value,Coca Cola,Beverages,55.54,223,12385.42,0
2025-12-31,SKU_1010,Coca Cola 1L Value,Coca Cola,Beverages,55.71,225,12534.75,0
2026-01-01,SKU_1010,Coca Cola 1L Value,Coca Cola,Beverages,55.79,224,12496.96,0
2026-01-02,SKU_1010,Coca Cola 1L Value,Coca Cola,Beverages,60.65,215,13039.75,0
2026-01-03,SKU_1010,Coca Cola 1L Value,Coca Cola,Beverages,58.78,216,12696.48,0
2026-01-04,SKU_1010,Coca Cola 1L Value,Coca Cola,Beverages,56.23,261,14676.03,10
2026-01-05,SKU_1010,Coca Cola 1L Value,Coca Cola,Beverages,58.05,219,12712.95,0
2026-01-06,SKU_1010,Coca Cola 1L Value,Coca Cola,Beverages,58.31,250,14577.5,10
2026-01-07,SKU_1010,Coca Cola 1L Value,Coca Cola,Beverages,56.72,222,12591.84,0
2026-01-08,SKU_1010,Coca Cola 1L Value,Coca Cola,Beverages,60.9,214,13032.6,0
2026-01-09,SKU_1010,Coca Cola 1L Value,Coca Cola,Beverages,55.49,239,13262.11,5
2026-01-10,SKU_1010,Coca Cola 1L Value,Coca Cola,Beverages,54.73,225,12314.25,0
2026-01-11,SKU_1010,Coca Cola 1L Value,Coca Cola,Beverages,57.92,219,12684.48,0
2026-01-12,SKU_1010,Coca Cola 1L Value,Coca Cola,Beverages,56.41,254,14328.14,5
2026-01-13,SKU_1010,Coca Cola 1L Value,Coca Cola,Beverages,61.34,209,12820.06,0
2026-01-14,SKU_1010,Coca Cola 1L Value,Coca Cola,Beverages,58.4,217,12672.8,0
2026-01-15,SKU_1010,Coca Cola 1L Value,Coca Cola,Beverages,55.48,226,12538.48,0
2026-01-16,SKU_1010,Coca Cola 1L Value,Coca Cola,Beverages,55.29,224,12384.96,0
2026-01-17,SKU_1010,Coca Cola 1L Value,Coca Cola,Beverages,61.63,208,12819.04,0
2026-01-18,SKU_1010,Coca Cola 1L Value,Coca Cola,Beverages,59.25,237,14042.25,10
2026-01-19,SKU_1010,Coca Cola 1L Value,Coca Cola,Beverages,59.21,215,12730.15,0
2026-01-20,SKU_1010,Coca Cola 1L Value,Coca Cola,Beverages,61.41,246,15106.86,10
2026-01-21,SKU_1010,Coca Cola 1L Value,Coca Cola,Beverages,56.87,222,12625.14,0
2026-01-22,SKU_1010,Coca Cola 1L Value,Coca Cola,Beverages,61.58,210,12931.8,0
2026-01-23,SKU_1010,Coca Cola 1L Value,Coca Cola,Beverages,60.79,211,12826.69,0
2026-01-24,SKU_1010,Coca Cola 1L Value,Coca Cola,Beverages,60.63,211,12792.93,0
2026-01-25,SKU_1010,Coca Cola 1L Value,Coca Cola,Beverages,60.54,214,12955.56,0
2026-01-26,SKU_1010,Coca Cola 1L Value,Coca Cola,Beverages,57.64,255,14698.2,5
2026-01-27,SKU_1010,Coca Cola 1L Value,Coca Cola,Beverages,55.22,225,12424.5,0
2026-01-28,SKU_1010,Coca Cola 1L Value,Coca Cola,Beverages,55.8,223,12443.4,0
2026-01-29,SKU_1010,Coca Cola 1L Value,Coca Cola,Beverages,56.08,223,12505.84,0
2026-01-30,SKU_1010,Coca Cola 1L Value,Coca Cola,Beverages,58.42,247,14429.74,5
2026-01-31,SKU_1010,Coca Cola 1L Value,Coca Cola,Beverages,60.66,213,12920.58,0
2026-02-01,SKU_1010,Coca Cola 1L Value,Coca Cola,Beverages,57.59,247,14224.73,10
2026-02-02,SKU_1010,Coca Cola 1L Value,Coca Cola,Beverages,58.41,218,12733.38,0
2026-02-03,SKU_1010,Coca Cola 1L Value,Coca Cola,Beverages,57.6,246,14169.6,5
2026-02-04,SKU_1010,Coca Cola 1L Value,Coca Cola,Beverages,59.05,216,12754.8,0
2026-02-05,SKU_1010,Coca Cola 1L Value,Coca Cola,Beverages,59.98,215,12895.7,0
2026-02-06,SKU_1010,Coca Cola 1L Value,Coca Cola,Beverages,56.24,223,12541.52,0
2026-02-07,SKU_1010,Coca Cola 1L Value,Coca Cola,Beverages,58.9,216,12722.4,0
2026-02-08,SKU_1010,Coca Cola 1L Value,Coca Cola,Beverages,55.17,224,12358.08,0
2026-02-09,SKU_1010,Coca Cola 1L Value,Coca Cola,Beverages,56.93,260,14801.8,10
2026-02-10,SKU_1010,Coca Cola 1L Value,Coca Cola,Beverages,61.56,212,13050.72,0
2026-02-11,SKU_1010,Coca Cola 1L Value,Coca Cola,Beverages,55.14,224,12351.36,0
2026-02-12,SKU_1010,Coca Cola 1L Value,Coca Cola,Beverages,57.55,241,13869.55,5
2026-02-13,SKU_1010,Coca Cola 1L Value,Coca Cola,Beverages,55.12,236,13008.32,10
2026-02-14,SKU_1010,Coca Cola 1L Value,Coca Cola,Beverages,58.29,218,12707.22,0
2026-02-15,SKU_1010,Coca Cola 1L Value,Coca Cola,Beverages,54.95,225,12363.75,0
2026-02-16,SKU_1010,Coca Cola 1L Value,Coca Cola,Beverages,56.55,235,13289.25,5
2026-02-17,SKU_1010,Coca Cola 1L Value,Coca Cola,Beverages,60.45,213,12875.85,0
2026-02-18,SKU_1010,Coca Cola 1L Value,Coca Cola,Beverages,60.32,213,12848.16,0
2026-02-19,SKU_1010,Coca Cola 1L Value,Coca Cola,Beverages,58.24,253,14734.72,5
2026-02-20,SKU_1010,Coca Cola 1L Value,Coca Cola,Beverages,59.55,217,12922.35,0
2026-02-21,SKU_1010,Coca Cola 1L Value,Coca Cola,Beverages,55.89,224,12519.36,0
2026-02-22,SKU_1010,Coca Cola 1L Value,Coca Cola,Beverages,59.24,217,12855.08,0
2026-02-23,SKU_1010,Coca Cola 1L Value,Coca Cola,Beverages,54.8,254,13919.2,5
2026-02-24,SKU_1010,Coca Cola 1L Value,Coca Cola,Beverages,60.05,241,14472.05,10
2026-02-25,SKU_1010,Coca Cola 1L Value,Coca Cola,Beverages,57.01,221,12599.21,0
2026-02-26,SKU_1010,Coca Cola 1L Value,Coca Cola,Beverages,56.76,261,14814.36,5
2026-02-27,SKU_1010,Coca Cola 1L Value,Coca Cola,Beverages,55.66,234,13024.44,10
2026-02-28,SKU_1010,Coca Cola 1L Value,Coca Cola,Beverages,56.36,251,14146.36,10
2026-03-01,SKU_1010,Coca Cola 1L Value,Coca Cola,Beverages,61.02,235,14339.7,5
2026-03-02,SKU_1010,Coca Cola 1L Value,Coca Cola,Beverages,57.07,236,13468.52,5
2026-03-03,SKU_1010,Coca Cola 1L Value,Coca Cola,Beverages,55.13,241,13286.33,5
2026-03-04,SKU_1010,Coca Cola 1L Value,Coca Cola,Beverages,56.74,221,12539.54,0
2026-03-05,SKU_1010,Coca Cola 1L Value,Coca Cola,Beverages,59.24,215,12736.6,0
2026-03-06,SKU_1010,Coca Cola 1L Value,Coca Cola,Beverages,56.51,221,12488.71,0
2026-03-07,SKU_1010,Coca Cola 1L Value,Coca Cola,Beverages,55.21,225,12422.25,0
2026-03-08,SKU_1010,Coca Cola 1L Value,Coca Cola,Beverages,56.13,222,12460.86,0
2026-03-09,SKU_1010,Coca Cola 1L Value,Coca Cola,Beverages,56.52,249,14073.48,10
2026-03-10,SKU_1010,Coca Cola 1L Value,Coca Cola,Beverages,55.06,238,13104.28,5
2026-03-11,SKU_1010,Coca Cola 1L Value,Coca Cola,Beverages,55.08,224,12337.92,0
2026-03-12,SKU_1010,Coca Cola 1L Value,Coca Cola,Beverages,54.78,225,12325.5,0
2026-03-13,SKU_1010,Coca Cola 1L Value,Coca Cola,Beverages,61.9,210,12999.0,0
2026-03-14,SKU_1010,Coca Cola 1L Value,Coca Cola,Beverages,60.35,212,12794.2,0
2026-03-15,SKU_1010,Coca Cola 1L Value,Coca Cola,Beverages,59.98,254,15234.92,5
2026-03-16,SKU_1010,Coca Cola 1L Value,Coca Cola,Beverages,60.27,215,12958.05,0
2026-03-17,SKU_1010,Coca Cola 1L Value,Coca Cola,Beverages,54.9,255,13999.5,5
2026-03-18,SKU_1010,Coca Cola 1L Value,Coca Cola,Beverages,61.23,214,13103.22,0
2026-03-19,SKU_1010,Coca Cola 1L Value,Coca Cola,Beverages,55.85,223,12454.55,0
2026-03-20,SKU_1010,Coca Cola 1L Value,Coca Cola,Beverages,61.85,212,13112.2,0
2026-03-21,SKU_1010,Coca Cola 1L Value,Coca Cola,Beverages,60.77,212,12883.24,0
2026-03-22,SKU_1010,Coca Cola 1L Value,Coca Cola,Beverages,62.16,239,14856.24,10
2026-03-23,SKU_1010,Coca Cola 1L Value,Coca Cola,Beverages,58.64,252,14777.28,5
2026-03-24,SKU_1010,Coca Cola 1L Value,Coca Cola,Beverages,55.7,260,14482.0,10
2026-03-25,SKU_1010,Coca Cola 1L Value,Coca Cola,Beverages,61.76,230,14204.8,5
2026-03-26,SKU_1010,Coca Cola 1L Value,Coca Cola,Beverages,56.28,223,12550.44,0
2026-03-27,SKU_1010,Coca Cola 1L Value,Coca Cola,Beverages,61.89,222,13739.58,5
2026-03-28,SKU_1010,Coca Cola 1L Value,Coca Cola,Beverages,60.75,214,13000.5,0
2026-03-29,SKU_1010,Coca Cola 1L Value,Coca Cola,Beverages,58.82,216,12705.12,0
2026-03-30,SKU_1010,Coca Cola 1L Value,Coca Cola,Beverages,58.46,218,12744.28,0
2026-03-31,SKU_1010,Coca Cola 1L Value,Coca Cola,Beverages,61.71,212,13082.52,0
2026-04-01,SKU_1010,Coca Cola 1L Value,Coca Cola,Beverages,59.04,271,15999.84,0
2026-04-02,SKU_1010,Coca Cola 1L Value,Coca Cola,Beverages,56.06,280,15696.8,0
2026-04-03,SKU_1010,Coca Cola 1L Value,Coca Cola,Beverages,62.1,288,17884.8,5
2026-04-04,SKU_1010,Coca Cola 1L Value,Coca Cola,Beverages,61.64,285,17567.4,10
2026-04-05,SKU_1010,Coca Cola 1L Value,Coca Cola,Beverages,55.02,306,16836.12,5
2026-04-06,SKU_1010,Coca Cola 1L Value,Coca Cola,Beverages,61.14,262,16018.68,0
2026-04-07,SKU_1010,Coca Cola 1L Value,Coca Cola,Beverages,58.02,313,18160.26,10
2026-04-08,SKU_1010,Coca Cola 1L Value,Coca Cola,Beverages,57.07,302,17235.14,5
2026-04-09,SKU_1010,Coca Cola 1L Value,Coca Cola,Beverages,58.09,273,15858.57,0
2026-04-10,SKU_1010,Coca Cola 1L Value,Coca Cola,Beverages,59.37,269,15970.53,0
2026-04-11,SKU_1010,Coca Cola 1L Value,Coca Cola,Beverages,59.96,268,16069.28,0
2026-04-12,SKU_1010,Coca Cola 1L Value,Coca Cola,Beverages,61.11,266,16255.26,0
2026-04-13,SKU_1010,Coca Cola 1L Value,Coca Cola,Beverages,58.99,270,15927.3,0
2026-04-14,SKU_1010,Coca Cola 1L Value,Coca Cola,Beverages,57.63,274,15790.62,0
2026-04-15,SKU_1010,Coca Cola 1L Value,Coca Cola,Beverages,57.33,313,17944.29,10
2026-04-16,SKU_1010,Coca Cola 1L Value,Coca Cola,Beverages,60.85,268,16307.8,0
2026-04-17,SKU_1010,Coca Cola 1L Value,Coca Cola,Beverages,60.2,299,17999.8,5
2026-04-18,SKU_1010,Coca Cola 1L Value,Coca Cola,Beverages,57.96,274,15881.04,0
2026-04-19,SKU_1010,Coca Cola 1L Value,Coca Cola,Beverages,57.1,292,16673.2,5
2026-04-20,SKU_1010,Coca Cola 1L Value,Coca Cola,Beverages,59.98,268,16074.64,0
2026-04-21,SKU_1010,Coca Cola 1L Value,Coca Cola,Beverages,58.12,287,16680.44,5
2026-04-22,SKU_1010,Coca Cola 1L Value,Coca Cola,Beverages,59.51,270,16067.7,0
2026-04-23,SKU_1010,Coca Cola 1L Value,Coca Cola,Beverages,62.12,259,16089.08,0
2026-04-24,SKU_1010,Coca Cola 1L Value,Coca Cola,Beverages,61.73,289,17839.97,5
2026-04-25,SKU_1010,Coca Cola 1L Value,Coca Cola,Beverages,56.32,277,15600.64,0
2026-04-26,SKU_1010,Coca Cola 1L Value,Coca Cola,Beverages,61.85,261,16142.85,0
2026-04-27,SKU_1010,Coca Cola 1L Value,Coca Cola,Beverages,56.61,277,15680.97,0
2026-04-28,SKU_1010,Coca Cola 1L Value,Coca Cola,Beverages,55.24,281,15522.44,0
2026-04-29,SKU_1010,Coca Cola 1L Value,Coca Cola,Beverages,61.26,291,17826.66,5
2026-04-30,SKU_1010,Coca Cola 1L Value,Coca Cola,Beverages,56.32,279,15713.28,0
2026-05-01,SKU_1010,Coca Cola 1L Value,Coca Cola,Beverages,60.94,288,17550.72,5
2026-05-02,SKU_1010,Coca Cola 1L Value,Coca Cola,Beverages,61.93,264,16349.52,0
2026-05-03,SKU_1010,Coca Cola 1L Value,Coca Cola,Beverages,57.34,302,17316.68,5
2026-05-04,SKU_1010,Coca Cola 1L Value,Coca Cola,Beverages,59.88,291,17425.08,5
2026-05-05,SKU_1010,Coca Cola 1L Value,Coca Cola,Beverages,61.55,263,16187.65,0
2026-05-06,SKU_1010,Coca Cola 1L Value,Coca Cola,Beverages,58.92,270,15908.4,0
2026-05-07,SKU_1010,Coca Cola 1L Value,Coca Cola,Beverages,55.3,296,16368.8,10
2026-05-08,SKU_1010,Coca Cola 1L Value,Coca Cola,Beverages,57.14,276,15770.64,0
2026-05-09,SKU_1010,Coca Cola 1L Value,Coca Cola,Beverages,54.83,284,15571.72,0
2026-05-10,SKU_1010,Coca Cola 1L Value,Coca Cola,Beverages,58.46,290,16953.4,5
2026-05-11,SKU_1010,Coca Cola 1L Value,Coca Cola,Beverages,58.62,313,18348.06,5
2026-05-12,SKU_1010,Coca Cola 1L Value,Coca Cola,Beverages,60.95,297,18102.15,5
2026-05-13,SKU_1010,Coca Cola 1L Value,Coca Cola,Beverages,61.98,265,16424.7,0
2026-05-14,SKU_1010,Coca Cola 1L Value,Coca Cola,Beverages,60.3,302,18210.6,10
2026-05-15,SKU_1010,Coca Cola 1L Value,Coca Cola,Beverages,55.96,279,15612.84,0
2026-05-16,SKU_1010,Coca Cola 1L Value,Coca Cola,Beverages,56.29,317,17843.93,10
2026-05-17,SKU_1010,Coca Cola 1L Value,Coca Cola,Beverages,54.83,284,15571.72,0
2026-05-18,SKU_1010,Coca Cola 1L Value,Coca Cola,Beverages,56.98,276,15726.48,0
