datasets/sales.csv
date,product_id,product_name,brand,category,selling_price,units_sold,revenue,promotion_discount_pct
2025-11-20,SKU_1013,Coca Cola 2L Regular,Coca Cola,Beverages,93.1,257,23926.7,0
2025-11-21,SKU_1013,Coca Cola 2L Regular,Coca Cola,Beverages,98.81,264,26085.84,5
2025-11-22,SKU_1013,Coca Cola 2L Regular,Coca Cola,Beverages,91.23,263,23993.49,0
2025-11-23,SKU_1013,Coca Cola 2L Regular,Coca Cola,Beverages,101.55,251,25489.05,10
2025-11-24,SKU_1013,Coca Cola 2L Regular,Coca Cola,Beverages,95.79,287,27491.73,10
2025-11-25,SKU_1013,Coca Cola 2L Regular,Coca Cola,Beverages,100.46,259,26019.14,10
2025-11-26,SKU_1013,Coca Cola 2L Regular,Coca Cola,Beverages,99.84,272,27156.48,10
2025-11-27,SKU_1013,Coca Cola 2L Regular,Coca Cola,Beverages,91.96,259,23817.64,0
2025-11-28,SKU_1013,Coca Cola 2L Regular,Coca Cola,Beverages,94.47,277,26168.19,5
2025-11-29,SKU_1013,Coca Cola 2L Regular,Coca Cola,Beverages,96.49,280,27017.2,5
2025-11-30,SKU_1013,Coca Cola 2L Regular,Coca Cola,Beverages,101.14,240,24273.6,0
2025-12-01,SKU_1013,Coca Cola 2L Regular,Coca Cola,Beverages,101.07,210,21224.7,0
2025-12-02,SKU_1013,Coca Cola 2L Regular,Coca Cola,Beverages,95.42,251,23950.42,5
2025-12-03,SKU_1013,Coca Cola 2L Regular,Coca Cola,Beverages,91.5,239,21868.5,5
2025-12-04,SKU_1013,Coca Cola 2L Regular,Coca Cola,Beverages,98.77,208,20544.16,0
2025-12-05,SKU_1013,Coca Cola 2L Regular,Coca Cola,Beverages,96.61,254,24538.94,5
2025-12-06,SKU_1013,Coca Cola 2L Regular,Coca Cola,Beverages,95.47,236,22530.92,10
2025-12-07,SKU_1013,Coca Cola 2L Regular,Coca Cola,Beverages,99.04,213,21095.52,0
2025-12-08,SKU_1013,Coca Cola 2L Regular,Coca Cola,Beverages,97.55,213,20778.15,0
2025-12-09,SKU_1013,Coca Cola 2L Regular,Coca Cola,Beverages,91.16,270,24613.2,5
2025-12-10,SKU_1013,Coca Cola 2L Regular,Coca Cola,Beverages,95.3,238,22681.4,5
2025-12-11,SKU_1013,Coca Cola 2L Regular,Coca Cola,Beverages,99.61,208,20718.88,0
2025-12-12,SKU_1013,Coca Cola 2L Regular,Coca Cola,Beverages,99.19,222,22020.18,10
2025-12-13,SKU_1013,Coca Cola 2L Regular,Coca Cola,Beverages,92.13,245,22571.85,10
2025-12-14,SKU_1013,Coca Cola 2L Regular,Coca Cola,Beverages,98.57,212,20896.84,0
2025-12-15,SKU_1013,Coca Cola 2L Regular,Coca Cola,Beverages,95.67,236,22578.12,10
2025-12-16,SKU_1013,Coca Cola 2L Regular,Coca Cola,Beverages,101.92,208,21199.36,0
2025-12-17,SKU_1013,Coca Cola 2L Regular,Coca Cola,Beverages,96.34,255,24566.7,10
2025-12-18,SKU_1013,Coca Cola 2L Regular,Coca Cola,Beverages,96.74,235,22733.9,5
2025-12-19,SKU_1013,Coca Cola 2L Regular,Coca Cola,Beverages,94.24,221,20827.04,0
2025-12-20,SKU_1013,Coca Cola 2L Regular,Coca Cola,Beverages,102.03,209,21324.27,0
2025-12-21,SKU_1013,Coca Cola 2L Regular,Coca Cola,Beverages,95.57,238,22745.66,10
2025-12-22,SKU_1013,Coca Cola 2L Regular,Coca Cola,Beverages,91.48,226,20674.48,0
2025-12-23,SKU_1013,Coca Cola 2L Regular,Coca Cola,Beverages,93.8,222,20823.6,0
2025-12-24,SKU_1013,Coca Cola 2L Regular,Coca Cola,Beverages,101.18,208,21045.44,0
2025-12-25,SKU_1013,Coca Cola 2L Regular,Coca Cola,Beverages,102.46,200,20492.0,0
2025-12-26,SKU_1013,Coca Cola 2L Regular,Coca Cola,Beverages,98.48,214,21074.72,0
2025-12-27,SKU_1013,Coca Cola 2L Regular,Coca Cola,Beverages,97.07,215,20870.05,0
2025-12-28,SKU_1013,Coca Cola 2L Regular,Coca Cola,Beverages,90.59,259,23462.81,10
2025-12-29,SKU_1013,Coca Cola 2L Regular,Coca Cola,Beverages,100.12,212,21225.44,0
2025-12-30,SKU_1013,Coca Cola 2L Regular,Coca Cola,Beverages,94.81,243,23038.83,10
2025-12-31,SKU_1013,Coca Cola 2L Regular,Coca Cola,Beverages,99.29,229,22737.41,5
2026-01-01,SKU_1013,Coca Cola 2L Regular,Coca Cola,Beverages,101.59,203,20622.77,0
2026-01-02,SKU_1013,Coca Cola 2L Regular,Coca Cola,Beverages,95.74,218,20871.32,0
2026-01-03,SKU_1013,Coca Cola 2L Regular,Coca Cola,Beverages,91.32,226,20638.32,0
2026-01-04,SKU_1013,Coca Cola 2L Regular,Coca Cola,Beverages,99.29,212,21049.48,0
2026-01-05,SKU_1013,Coca Cola 2L Regular,Coca Cola,Beverages,100.17,206,20635.02,0
2026-01-06,SKU_1013,Coca Cola 2L Regular,Coca Cola,Beverages,99.23,231,22922.13,10
2026-01-07,SKU_1013,Coca Cola 2L Regular,Coca Cola,Beverages,93.66,254,23789.64,10
2026-01-08,SKU_1013,Coca Cola 2L Regular,Coca Cola,Beverages,99.85,207,20668.95,0
2026-01-09,SKU_1013,Coca Cola 2L Regular,Coca Cola,Beverages,101.27,210,21266.7,0
2026-01-10,SKU_1013,Coca Cola 2L Regular,Coca Cola,Beverages,101.76,201,20453.76,0
2026-01-11,SKU_1013,Coca Cola 2L Regular,Coca Cola,Beverages,92.6,225,20835.0,0
2026-01-12,SKU_1013,Coca Cola 2L Regular,Coca Cola,Beverages,101.97,202,20597.94,0
2026-01-13,SKU_1013,Coca Cola 2L Regular,Coca Cola,Beverages,91.94,226,20778.44,0
2026-01-14,SKU_1013,Coca Cola 2L Regular,Coca Cola,Beverages,98.57,213,20995.41,0
2026-01-15,SKU_1013,Coca Cola 2L Regular,Coca Cola,Beverages,96.23,236,22710.28,5
2026-01-16,SKU_1013,Coca Cola 2L Regular,Coca Cola,Beverages,91.88,227,20856.76,0
2026-01-17,SKU_1013,Coca Cola 2L Regular,Coca Cola,Beverages,101.99,200,20398.0,0
2026-01-18,SKU_1013,Coca Cola 2L Regular,Coca Cola,Beverages,90.29,256,23114.24,10
2026-01-19,SKU_1013,Coca Cola 2L Regular,Coca Cola,Beverages,92.83,255,23671.65,5
2026-01-20,SKU_1013,Coca Cola 2L Regular,Coca Cola,Beverages,93.5,240,22440.0,10
2026-01-21,SKU_1013,Coca Cola 2L Regular,Coca Cola,Beverages,98.13,213,20901.69,0
2026-01-22,SKU_1013,Coca Cola 2L Regular,Coca Cola,Beverages,101.09,203,20521.27,0
2026-01-23,SKU_1013,Coca Cola 2L Regular,Coca Cola,Beverages,98.5,241,23738.5,5
2026-01-24,SKU_1013,Coca Cola 2L Regular,Coca Cola,Beverages,94.66,220,20825.2,0
2026-01-25,SKU_1013,Coca Cola 2L Regular,Coca Cola,Beverages,92.95,226,21006.7,0
2026-01-26,SKU_1013,Coca Cola 2L Regular,Coca Cola,Beverages,95.43,219,20899.17,0
2026-01-27,SKU_1013,Coca Cola 2L Regular,Coca Cola,Beverages,98.43,254,25001.22,5
2026-01-28,SKU_1013,Coca Cola 2L Regular,Coca Cola,Beverages,94.19,253,23830.07,5
2026-01-29,SKU_1013,Coca Cola 2L Regular,Coca Cola,Beverages,91.83,257,23600.31,5
2026-01-30,SKU_1013,Coca Cola 2L Regular,Coca Cola,Beverages,95.34,219,20879.46,0
2026-01-31,SKU_1013,Coca Cola 2L Regular,Coca Cola,Beverages,93.56,233,21799.48,5
2026-02-01,SKU_1013,Coca Cola 2L Regular,Coca Cola,Beverages,97.19,215,20895.85,0
2026-02-02,SKU_1013,Coca Cola 2L Regular,Coca Cola,Beverages,95.33,241,22974.53,5
2026-02-03,SKU_1013,Coca Cola 2L Regular,Coca Cola,Beverages,93.47,255,23834.85,5
2026-02-04,SKU_1013,Coca Cola 2L Regular,Coca Cola,Beverages,92.95,225,20913.75,0
2026-02-05,SKU_1013,Coca Cola 2L Regular,Coca Cola,Beverages,94.06,259,24361.54,10
2026-02-06,SKU_1013,Coca Cola 2L Regular,Coca Cola,Beverages,92.31,224,20677.44,0
2026-02-07,SKU_1013,Coca Cola 2L Regular,Coca Cola,Beverages,101.96,203,20697.88,0
2026-02-08,SKU_1013,Coca Cola 2L Regular,Coca Cola,Beverages,91.85,227,20849.95,0
2026-02-09,SKU_1013,Coca Cola 2L Regular,Coca Cola,Beverages,100.16,211,21133.76,0
2026-02-10,SKU_1013,Coca Cola 2L Regular,Coca Cola,Beverages,101.52,214,21725.28,10
2026-02-11,SKU_1013,Coca Cola 2L Regular,Coca Cola,Beverages,98.34,212,20848.08,0
2026-02-12,SKU_1013,Coca Cola 2L Regular,Coca Cola,Beverages,96.86,236,22858.96,10
2026-02-13,SKU_1013,Coca Cola 2L Regular,Coca Cola,Beverages,100.87,209,21081.83,0
2026-02-14,SKU_1013,Coca Cola 2L Regular,Coca Cola,Beverages,101.5,207,21010.5,0
2026-02-15,SKU_1013,Coca Cola 2L Regular,Coca Cola,Beverages,97.08,216,20969.28,0
2026-02-16,SKU_1013,Coca Cola 2L Regular,Coca Cola,Beverages,90.7,239,21677.3,10
2026-02-17,SKU_1013,Coca Cola 2L Regular,Coca Cola,Beverages,96.44,216,20831.04,0
2026-02-18,SKU_1013,Coca Cola 2L Regular,Coca Cola,Beverages,92.19,225,20742.75,0
2026-02-19,SKU_1013,Coca Cola 2L Regular,Coca Cola,Beverages,98.05,212,20786.6,0
2026-02-20,SKU_1013,Coca Cola 2L Regular,Coca Cola,Beverages,93.61,252,23589.72,5
2026-02-21,SKU_1013,Coca Cola 2L Regular,Coca Cola,Beverages,95.2,219,20848.8,0
2026-02-22,SKU_1013,Coca Cola 2L Regular,Coca Cola,Beverages,100.9,243,24518.7,10
2026-02-23,SKU_1013,Coca Cola 2L Regular,Coca Cola,Beverages,98.94,209,20678.46,0
2026-02-24,SKU_1013,Coca Cola 2L Regular,Coca Cola,Beverages,90.43,271,24506.53,10
2026-02-25,SKU_1013,Coca Cola 2L Regular,Coca Cola,Beverages,92.13,243,22387.59,5
2026-02-26,SKU_1013,Coca Cola 2L Regular,Coca Cola,Beverages,100.52,204,20506.08,0
2026-02-27,SKU_1013,Coca Cola 2L Regular,Coca Cola,Beverages,95.5,218,20819.0,0
2026-02-28,SKU_1013,Coca Cola 2L Regular,Coca Cola,Beverages,93.63,222,20785.86,0
2026-03-01,SKU_1013,Coca Cola 2L Regular,Coca Cola,Beverages,102.22,221,22590.62,5
2026-03-02,SKU_1013,Coca Cola 2L Regular,Coca Cola,Beverages,95.55,245,23409.75,5
2026-03-03,SKU_1013,Coca Cola 2L Regular,Coca Cola,Beverages,93.69,248,23235.12,10
2026-03-04,SKU_1013,Coca Cola 2L Regular,Coca Cola,Beverages,93.27,255,23783.85,5
2026-03-05,SKU_1013,Coca Cola 2L Regular,Coca Cola,Beverages,95.11,251,23872.61,10
2026-03-06,SKU_1013,Coca Cola 2L Regular,Coca Cola,Beverages,91.59,226,20699.34,0
2026-03-07,SKU_1013,Coca Cola 2L Regular,Coca Cola,Beverages,95.16,219,20840.04,0
2026-03-08,SKU_1013,Coca Cola 2L Regular,Coca Cola,Beverages,96.14,218,20958.52,0
2026-03-09,SKU_1013,Coca Cola 2L Regular,Coca Cola,Beverages,94.36,221,20853.56,0
2026-03-10,SKU_1013,Coca Cola 2L Regular,Coca Cola,Beverages,91.43,254,23223.22,5
2026-03-11,SKU_1013,Coca Cola 2L Regular,Coca Cola,Beverages,93.34,258,24081.72,10
2026-03-12,SKU_1013,Coca Cola 2L Regular,Coca Cola,Beverages,96.1,251,24121.1,10
2026-03-13,SKU_1013,Coca Cola 2L Regular,Coca Cola,Beverages,93.12,224,20858.88,0
2026-03-14,SKU_1013,Coca Cola 2L Regular,Coca Cola,Beverages,95.34,219,20879.46,0
2026-03-15,SKU_1013,Coca Cola 2L Regular,Coca Cola,Beverages,90.7,253,22947.1,10
2026-03-16,SKU_1013,Coca Cola 2L Regular,Coca Cola,Beverages,101.01,208,21010.08,0
2026-03-17,SKU_1013,Coca Cola 2L Regular,Coca Cola,Beverages,99.57,232,23100.24,10
2026-03-18,SKU_1013,Coca Cola 2L Regular,Coca Cola,Beverages,94.12,222,20894.64,0
2026-03-19,SKU_1013,Coca Cola 2L Regular,Coca Cola,Beverages,95.95,254,24371.3,10
2026-03-20,SKU_1013,Coca Cola 2L Regular,Coca Cola,Beverages,99.39,208,20673.12,0
2026-03-21,SKU_1013,Coca Cola 2L Regular,Coca Cola,Beverages,95.51,219,20916.69,0
2026-03-22,SKU_1013,Coca Cola 2L Regular,Coca Cola,Beverages,99.6,211,21015.6,0
2026-03-23,SKU_1013,Coca Cola 2L Regular,Coca Cola,Beverages,92.3,225,20767.5,0
2026-03-24,SKU_1013,Coca Cola 2L Regular,Coca Cola,Beverages,90.73,229,20777.17,0
2026-03-25,SKU_1013,Coca Cola 2L Regular,Coca Cola,Beverages,97.98,213,20869.74,0
2026-03-26,SKU_1013,Coca Cola 2L Regular,Coca Cola,Beverages,99.5,219,21790.5,5
2026-03-27,SKU_1013,Coca Cola 2L Regular,Coca Cola,Beverages,93.91,222,20848.02,0
2026-03-28,SKU_1013,Coca Cola 2L Regular,Coca Cola,Beverages,99.14,208,20621.12,0
2026-03-29,SKU_1013,Coca Cola 2L Regular,Coca Cola,Beverages,96.7,215,20790.5,0
2026-03-30,SKU_1013,Coca Cola 2L Regular,Coca Cola,Beverages,97.21,216,20997.36,0
2026-03-31,SKU_1013,Coca Cola 2L Regular,Coca Cola,Beverages,96.71,256,24757.76,10
2026-04-01,SKU_1013,Coca Cola 2L Regular,Coca Cola,Beverages,99.07,263,26055.41,0
2026-04-02,SKU_1013,Coca Cola 2L Regular,Coca Cola,Beverages,96.08,272,26133.76,0
2026-04-03,SKU_1013,Coca Cola 2L Regular,Coca Cola,Beverages,101.7,253,25730.1,0
2026-04-04,SKU_1013,Coca Cola 2L Regular,Coca Cola,Beverages,92.28,293,27038.04,5
2026-04-05,SKU_1013,Coca Cola 2L Regular,Coca Cola,Beverages,94.17,288,27120.96,5
2026-04-06,SKU_1013,Coca Cola 2L Regular,Coca Cola,Beverages,102.52,260,26655.2,0
2026-04-07,SKU_1013,Coca Cola 2L Regular,Coca Cola,Beverages,92.71,299,27720.29,5
2026-04-08,SKU_1013,Coca Cola 2L Regular,Coca Cola,Beverages,91.42,300,27426.0,10
2026-04-09,SKU_1013,Coca Cola 2L Regular,Coca Cola,Beverages,91.07,287,26137.09,0
2026-04-10,SKU_1013,Coca Cola 2L Regular,Coca Cola,Beverages,94.51,275,25990.25,0
2026-04-11,SKU_1013,Coca Cola 2L Regular,Coca Cola,Beverages,93.64,307,28747.48,5
2026-04-12,SKU_1013,Coca Cola 2L Regular,Coca Cola,Beverages,99.26,303,30075.78,5
2026-04-13,SKU_1013,Coca Cola 2L Regular,Coca Cola,Beverages,93.4,279,26058.6,0
2026-04-14,SKU_1013,Coca Cola 2L Regular,Coca Cola,Beverages,91.21,283,25812.43,0
2026-04-15,SKU_1013,Coca Cola 2L Regular,Coca Cola,Beverages,93.71,278,26051.38,0
2026-04-16,SKU_1013,Coca Cola 2L Regular,Coca Cola,Beverages,91.81,304,27910.24,5
2026-04-17,SKU_1013,Coca Cola 2L Regular,Coca Cola,Beverages,97.36,284,27650.24,10
2026-04-18,SKU_1013,Coca Cola 2L Regular,Coca Cola,Beverages,102.19,282,28817.58,10
2026-04-19,SKU_1013,Coca Cola 2L Regular,Coca Cola,Beverages,101.48,260,26384.8,0
2026-04-20,SKU_1013,Coca Cola 2L Regular,Coca Cola,Beverages,99.92,256,25579.52,0
2026-04-21,SKU_1013,Coca Cola 2L Regular,Coca Cola,Beverages,101.73,254,25839.42,0
2026-04-22,SKU_1013,Coca Cola 2L Regular,Coca Cola,Beverages,92.29,284,26210.36,0
2026-04-23,SKU_1013,Coca Cola 2L Regular,Coca Cola,Beverages,91.21,288,26268.48,0
2026-04-24,SKU_1013,Coca Cola 2L Regular,Coca Cola,Beverages,96.57,290,28005.3,5
2026-04-25,SKU_1013,Coca Cola 2L Regular,Coca Cola,Beverages,93.99,278,26129.22,0
2026-04-26,SKU_1013,Coca Cola 2L Regular,Coca Cola,Beverages,97.17,301,29248.17,5
2026-04-27,SKU_1013,Coca Cola 2L Regular,Coca Cola,Beverages,96.11,292,28064.12,10
2026-04-28,SKU_1013,Coca Cola 2L Regular,Coca Cola,Beverages,96.8,268,25942.4,0
2026-04-29,SKU_1013,Coca Cola 2L Regular,Coca Cola,Beverages,102.05,249,25410.45,0
2026-04-30,SKU_1013,Coca Cola 2L Regular,Coca Cola,Beverages,99.04,285,28226.4,10
2026-05-01,SKU_1013,Coca Cola 2L Regular,Coca Cola,Beverages,96.3,270,26001.0,0
2026-05-02,SKU_1013,Coca Cola 2L Regular,Coca Cola,Beverages,97.14,269,26130.66,0
2026-05-03,SKU_1013,Coca Cola 2L Regular,Coca Cola,Beverages,92.45,317,29306.65,5
2026-05-04,SKU_1013,Coca Cola 2L Regular,Coca Cola,Beverages,98.52,263,25910.76,0
2026-05-05,SKU_1013,Coca Cola 2L Regular,Coca Cola,Beverages,97.87,264,25837.68,0
2026-05-06,SKU_1013,Coca Cola 2L Regular,Coca Cola,Beverages,94.97,275,26116.75,0
2026-05-07,SKU_1013,Coca Cola 2L Regular,Coca Cola,Beverages,92.67,280,25947.6,0
2026-05-08,SKU_1013,Coca Cola 2L Regular,Coca Cola,Beverages,90.32,286,25831.52,0
2026-05-09,SKU_1013,Coca Cola 2L Regular,Coca Cola,Beverages,101.5,290,29435.0,10
2026-05-10,SKU_1013,Coca Cola 2L Regular,Coca Cola,Beverages,90.41,285,25766.85,0
2026-05-11,SKU_1013,Coca Cola 2L Regular,Coca Cola,Beverages,98.17,266,26113.22,0
2026-05-12,SKU_1013,Coca Cola 2L Regular,Coca Cola,Beverages,93.64,313,29309.32,10
2026-05-13,SKU_1013,Coca Cola 2L Regular,Coca Cola,Beverages,90.63,318,28820.34,5
2026-05-14,SKU_1013,Coca Cola 2L Regular,Coca Cola,Beverages,98.06,299,29319.94,5
2026-05-15,SKU_1013,Coca Cola 2L Regular,Coca Cola,Beverages,101.06,255,25770.3,0
2026-05-16,SKU_1013,Coca Cola 2L Regular,Coca Cola,Beverages,90.72,283,25673.76,0
2026-05-17,SKU_1013,Coca Cola 2L Regular,Coca Cola,Beverages,98.96,266,26323.36,0
2026-05-18,SKU_1013,Coca Cola 2L Regular,Coca Cola,Beverages,91.27,287,26194.49,0
