datasets/sales.csv
date,product_id,product_name,brand,category,selling_price,units_sold,revenue,promotion_discount_pct
2025-11-20,SKU_1014,Coca Cola 2L Value,Coca Cola,Beverages,109.13,266,29028.58,0
2025-11-21,SKU_1014,Coca Cola 2L Value,Coca Cola,Beverages,112.96,256,28917.76,0
2025-11-22,SKU_1014,Coca Cola 2L Value,Coca Cola,Beverages,122.87,267,32806.29,10
2025-11-23,SKU_1014,Coca Cola 2L Value,Coca Cola,Beverages,108.55,270,29308.5,0
2025-11-24,SKU_1014,Coca Cola 2L Value,Coca Cola,Beverages,121.6,270,32832.0,10
2025-11-25,SKU_1014,Coca Cola 2L Value,Coca Cola,Beverages,122.29,254,31061.66,5
2025-11-26,SKU_1014,Coca Cola 2L Value,Coca Cola,Beverages,120.71,233,28125.43,0
2025-11-27,SKU_1014,Coca Cola 2L Value,Coca Cola,Beverages,111.16,261,29012.76,0
2025-11-28,SKU_1014,Coca Cola 2L Value,Coca Cola,Beverages,119.1,254,30251.4,5
2025-11-29,SKU_1014,Coca Cola 2L Value,Coca Cola,Beverages,112.38,279,31354.02,10
2025-11-30,SKU_1014,Coca Cola 2L Value,Coca Cola,Beverages,110.86,262,29045.32,0
2025-12-01,SKU_1014,Coca Cola 2L Value,Coca Cola,Beverages,112.91,222,25066.02,0
2025-12-02,SKU_1014,Coca Cola 2L Value,Coca Cola,Beverages,113.36,221,25052.56,0
2025-12-03,SKU_1014,Coca Cola 2L Value,Coca Cola,Beverages,116.69,214,24971.66,0
2025-12-04,SKU_1014,Coca Cola 2L Value,Coca Cola,Beverages,121.9,205,24989.5,0
2025-12-05,SKU_1014,Coca Cola 2L Value,Coca Cola,Beverages,111.05,227,25208.35,0
2025-12-06,SKU_1014,Coca Cola 2L Value,Coca Cola,Beverages,119.66,204,24410.64,0
2025-12-07,SKU_1014,Coca Cola 2L Value,Coca Cola,Beverages,117.75,211,24845.25,0
2025-12-08,SKU_1014,Coca Cola 2L Value,Coca Cola,Beverages,112.86,222,25054.92,0
2025-12-09,SKU_1014,Coca Cola 2L Value,Coca Cola,Beverages,119.38,205,24472.9,0
2025-12-10,SKU_1014,Coca Cola 2L Value,Coca Cola,Beverages,109.09,232,25308.88,0
2025-12-11,SKU_1014,Coca Cola 2L Value,Coca Cola,Beverages,112.43,240,26983.2,5
2025-12-12,SKU_1014,Coca Cola 2L Value,Coca Cola,Beverages,120.68,207,24980.76,0
2025-12-13,SKU_1014,Coca Cola 2L Value,Coca Cola,Beverages,110.92,243,26953.56,5
2025-12-14,SKU_1014,Coca Cola 2L Value,Coca Cola,Beverages,109.67,228,25004.76,0
2025-12-15,SKU_1014,Coca Cola 2L Value,Coca Cola,Beverages,113.47,257,29161.79,5
2025-12-16,SKU_1014,Coca Cola 2L Value,Coca Cola,Beverages,117.65,209,24588.85,0
2025-12-17,SKU_1014,Coca Cola 2L Value,Coca Cola,Beverages,122.37,200,24474.0,0
2025-12-18,SKU_1014,Coca Cola 2L Value,Coca Cola,Beverages,116.27,236,27439.72,5
2025-12-19,SKU_1014,Coca Cola 2L Value,Coca Cola,Beverages,117.87,210,24752.7,0
2025-12-20,SKU_1014,Coca Cola 2L Value,Coca Cola,Beverages,111.37,253,28176.61,10
2025-12-21,SKU_1014,Coca Cola 2L Value,Coca Cola,Beverages,120.6,202,24361.2,0
2025-12-22,SKU_1014,Coca Cola 2L Value,Coca Cola,Beverages,115.91,216,25036.56,0
2025-12-23,SKU_1014,Coca Cola 2L Value,Coca Cola,Beverages,115.23,218,25120.14,0
2025-12-24,SKU_1014,Coca Cola 2L Value,Coca Cola,Beverages,115.96,229,26554.84,5
2025-12-25,SKU_1014,Coca Cola 2L Value,Coca Cola,Beverages,115.22,239,27537.58,10
2025-12-26,SKU_1014,Coca Cola 2L Value,Coca Cola,Beverages,118.06,208,24556.48,0
2025-12-27,SKU_1014,Coca Cola 2L Value,Coca Cola,Beverages,118.69,208,24687.52,0
2025-12-28,SKU_1014,Coca Cola 2L Value,Coca Cola,Beverages,110.65,227,25117.55,0
2025-12-29,SKU_1014,Coca Cola 2L Value,Coca Cola,Beverages,117.9,213,25112.7,0
2025-12-30,SKU_1014,Coca Cola 2L Value,Coca Cola,Beverages,112.84,222,25050.48,0
2025-12-31,SKU_1014,Coca Cola 2L Value,Coca Cola,Beverages,119.45,232,27712.4,10
2026-01-01,SKU_1014,Coca Cola 2L Value,Coca Cola,Beverages,117.1,237,27752.7,5
2026-01-02,SKU_1014,Coca Cola 2L Value,Coca Cola,Beverages,120.66,207,24976.62,0
2026-01-03,SKU_1014,Coca Cola 2L Value,Coca Cola,Beverages,117.21,231,27075.51,5
2026-01-04,SKU_1014,Coca Cola 2L Value,Coca Cola,Beverages,108.89,234,25480.26,0
2026-01-05,SKU_1014,Coca Cola 2L Value,Coca Cola,Beverages,119.61,217,25955.37,10
2026-01-06,SKU_1014,Coca Cola 2L Value,Coca Cola,Beverages,114.54,240,27489.6,10
2026-01-07,SKU_1014,Coca Cola 2L Value,Coca Cola,Beverages,117.09,214,25057.26,0
2026-01-08,SKU_1014,Coca Cola 2L Value,Coca Cola,Beverages,121.97,213,25979.61,10
2026-01-09,SKU_1014,Coca Cola 2L Value,Coca Cola,Beverages,122.4,200,24480.0,0
2026-01-10,SKU_1014,Coca Cola 2L Value,Coca Cola,Beverages,110.22,227,25019.94,0
2026-01-11,SKU_1014,Coca Cola 2L Value,Coca Cola,Beverages,122.68,202,24781.36,0
2026-01-12,SKU_1014,Coca Cola 2L Value,Coca Cola,Beverages,120.18,206,24757.08,0
2026-01-13,SKU_1014,Coca Cola 2L Value,Coca Cola,Beverages,115.13,217,24983.21,0
2026-01-14,SKU_1014,Coca Cola 2L Value,Coca Cola,Beverages,121.39,205,24884.95,0
2026-01-15,SKU_1014,Coca Cola 2L Value,Coca Cola,Beverages,111.04,240,26649.6,5
2026-01-16,SKU_1014,Coca Cola 2L Value,Coca Cola,Beverages,119.03,248,29519.44,10
2026-01-17,SKU_1014,Coca Cola 2L Value,Coca Cola,Beverages,119.79,211,25275.69,0
2026-01-18,SKU_1014,Coca Cola 2L Value,Coca Cola,Beverages,113.41,253,28692.73,5
2026-01-19,SKU_1014,Coca Cola 2L Value,Coca Cola,Beverages,111.45,261,29088.45,5
2026-01-20,SKU_1014,Coca Cola 2L Value,Coca Cola,Beverages,115.17,217,24991.89,0
2026-01-21,SKU_1014,Coca Cola 2L Value,Coca Cola,Beverages,114.04,219,24974.76,0
2026-01-22,SKU_1014,Coca Cola 2L Value,Coca Cola,Beverages,114.23,219,25016.37,0
2026-01-23,SKU_1014,Coca Cola 2L Value,Coca Cola,Beverages,120.45,232,27944.4,5
2026-01-24,SKU_1014,Coca Cola 2L Value,Coca Cola,Beverages,114.14,250,28535.0,5
2026-01-25,SKU_1014,Coca Cola 2L Value,Coca Cola,Beverages,119.27,207,24688.89,0
2026-01-26,SKU_1014,Coca Cola 2L Value,Coca Cola,Beverages,121.42,206,25012.52,0
2026-01-27,SKU_1014,Coca Cola 2L Value,Coca Cola,Beverages,113.77,220,25029.4,0
2026-01-28,SKU_1014,Coca Cola 2L Value,Coca Cola,Beverages,117.35,211,24760.85,0
2026-01-29,SKU_1014,Coca Cola 2L Value,Coca Cola,Beverages,117.87,213,25106.31,0
2026-01-30,SKU_1014,Coca Cola 2L Value,Coca Cola,Beverages,108.96,229,24951.84,0
2026-01-31,SKU_1014,Coca Cola 2L Value,Coca Cola,Beverages,113.33,235,26632.55,5
2026-02-01,SKU_1014,Coca Cola 2L Value,Coca Cola,Beverages,112.52,234,26329.68,5
2026-02-02,SKU_1014,Coca Cola 2L Value,Coca Cola,Beverages,112.17,225,25238.25,0
2026-02-03,SKU_1014,Coca Cola 2L Value,Coca Cola,Beverages,110.72,228,25244.16,0
2026-02-04,SKU_1014,Coca Cola 2L Value,Coca Cola,Beverages,115.19,218,25111.42,0
2026-02-05,SKU_1014,Coca Cola 2L Value,Coca Cola,Beverages,118.02,211,24902.22,0
2026-02-06,SKU_1014,Coca Cola 2L Value,Coca Cola,Beverages,110.68,247,27337.96,10
2026-02-07,SKU_1014,Coca Cola 2L Value,Coca Cola,Beverages,118.47,236,27958.92,5
2026-02-08,SKU_1014,Coca Cola 2L Value,Coca Cola,Beverages,119.73,208,24903.84,0
2026-02-09,SKU_1014,Coca Cola 2L Value,Coca Cola,Beverages,119.3,237,28274.1,5
2026-02-10,SKU_1014,Coca Cola 2L Value,Coca Cola,Beverages,113.83,220,25042.6,0
2026-02-11,SKU_1014,Coca Cola 2L Value,Coca Cola,Beverages,120.81,199,24041.19,0
2026-02-12,SKU_1014,Coca Cola 2L Value,Coca Cola,Beverages,119.94,236,28305.84,10
2026-02-13,SKU_1014,Coca Cola 2L Value,Coca Cola,Beverages,113.98,220,25075.6,0
2026-02-14,SKU_1014,Coca Cola 2L Value,Coca Cola,Beverages,108.4,254,27533.6,10
2026-02-15,SKU_1014,Coca Cola 2L Value,Coca Cola,Beverages,111.23,250,27807.5,5
2026-02-16,SKU_1014,Coca Cola 2L Value,Coca Cola,Beverages,109.02,229,24965.58,0
2026-02-17,SKU_1014,Coca Cola 2L Value,Coca Cola,Beverages,121.16,204,24716.64,0
2026-02-18,SKU_1014,Coca Cola 2L Value,Coca Cola,Beverages,121.48,201,24417.48,0
2026-02-19,SKU_1014,Coca Cola 2L Value,Coca Cola,Beverages,114.61,218,24984.98,0
2026-02-20,SKU_1014,Coca Cola 2L Value,Coca Cola,Beverages,116.34,215,25013.1,0
2026-02-21,SKU_1014,Coca Cola 2L Value,Coca Cola,Beverages,114.48,218,24956.64,0
2026-02-22,SKU_1014,Coca Cola 2L Value,Coca Cola,Beverages,117.73,211,24841.03,0
2026-02-23,SKU_1014,Coca Cola 2L Value,Coca Cola,Beverages,119.15,225,26808.75,5
2026-02-24,SKU_1014,Coca Cola 2L Value,Coca Cola,Beverages,110.9,227,25174.3,0
2026-02-25,SKU_1014,Coca Cola 2L Value,Coca Cola,Beverages,119.07,245,29172.15,5
2026-02-26,SKU_1014,Coca Cola 2L Value,Coca Cola,Beverages,112.37,241,27081.17,10
2026-02-27,SKU_1014,Coca Cola 2L Value,Coca Cola,Beverages,121.92,225,27432.0,10
2026-02-28,SKU_1014,Coca Cola 2L Value,Coca Cola,Beverages,115.09,218,25089.62,0
2026-03-01,SKU_1014,Coca Cola 2L Value,Coca Cola,Beverages,108.87,232,25257.84,0
2026-03-02,SKU_1014,Coca Cola 2L Value,Coca Cola,Beverages,113.96,220,25071.2,0
2026-03-03,SKU_1014,Coca Cola 2L Value,Coca Cola,Beverages,113.31,221,25041.51,0
2026-03-04,SKU_1014,Coca Cola 2L Value,Coca Cola,Beverages,114.56,219,25088.64,0
2026-03-05,SKU_1014,Coca Cola 2L Value,Coca Cola,Beverages,118.99,206,24511.94,0
2026-03-06,SKU_1014,Coca Cola 2L Value,Coca Cola,Beverages,120.7,205,24743.5,0
2026-03-07,SKU_1014,Coca Cola 2L Value,Coca Cola,Beverages,120.06,205,24612.3,0
2026-03-08,SKU_1014,Coca Cola 2L Value,Coca Cola,Beverages,117.42,212,24893.04,0
2026-03-09,SKU_1014,Coca Cola 2L Value,Coca Cola,Beverages,118.59,237,28105.83,10
2026-03-10,SKU_1014,Coca Cola 2L Value,Coca Cola,Beverages,111.49,227,25308.23,0
2026-03-11,SKU_1014,Coca Cola 2L Value,Coca Cola,Beverages,119.37,205,24470.85,0
2026-03-12,SKU_1014,Coca Cola 2L Value,Coca Cola,Beverages,115.73,256,29626.88,5
2026-03-13,SKU_1014,Coca Cola 2L Value,Coca Cola,Beverages,110.99,225,24972.75,0
2026-03-14,SKU_1014,Coca Cola 2L Value,Coca Cola,Beverages,114.33,250,28582.5,5
2026-03-15,SKU_1014,Coca Cola 2L Value,Coca Cola,Beverages,110.22,262,28877.64,10
2026-03-16,SKU_1014,Coca Cola 2L Value,Coca Cola,Beverages,122.76,202,24797.52,0
2026-03-17,SKU_1014,Coca Cola 2L Value,Coca Cola,Beverages,111.63,226,25228.38,0
2026-03-18,SKU_1014,Coca Cola 2L Value,Coca Cola,Beverages,109.24,265,28948.6,10
2026-03-19,SKU_1014,Coca Cola 2L Value,Coca Cola,Beverages,115.13,237,27285.81,10
2026-03-20,SKU_1014,Coca Cola 2L Value,Coca Cola,Beverages,116.32,224,26055.68,10
2026-03-21,SKU_1014,Coca Cola 2L Value,Coca Cola,Beverages,113.38,235,26644.3,5
2026-03-22,SKU_1014,Coca Cola 2L Value,Coca Cola,Beverages,115.15,216,24872.4,0
2026-03-23,SKU_1014,Coca Cola 2L Value,Coca Cola,Beverages,116.19,234,27188.46,5
2026-03-24,SKU_1014,Coca Cola 2L Value,Coca Cola,Beverages,114.27,259,29595.93,10
2026-03-25,SKU_1014,Coca Cola 2L Value,Coca Cola,Beverages,109.46,230,25175.8,0
2026-03-26,SKU_1014,Coca Cola 2L Value,Coca Cola,Beverages,109.53,252,27601.56,10
2026-03-27,SKU_1014,Coca Cola 2L Value,Coca Cola,Beverages,112.81,254,28653.74,5
2026-03-28,SKU_1014,Coca Cola 2L Value,Coca Cola,Beverages,115.23,232,26733.36,10
2026-03-29,SKU_1014,Coca Cola 2L Value,Coca Cola,Beverages,117.55,245,28799.75,5
2026-03-30,SKU_1014,Coca Cola 2L Value,Coca Cola,Beverages,108.65,268,29118.2,10
2026-03-31,SKU_1014,Coca Cola 2L Value,Coca Cola,Beverages,115.57,231,26696.67,10
2026-04-01,SKU_1014,Coca Cola 2L Value,Coca Cola,Beverages,113.91,275,31325.25,0
2026-04-02,SKU_1014,Coca Cola 2L Value,Coca Cola,Beverages,109.74,284,31166.16,0
2026-04-03,SKU_1014,Coca Cola 2L Value,Coca Cola,Beverages,116.76,268,31291.68,0
2026-04-04,SKU_1014,Coca Cola 2L Value,Coca Cola,Beverages,119.67,280,33507.6,5
2026-04-05,SKU_1014,Coca Cola 2L Value,Coca Cola,Beverages,114.35,311,35562.85,5
2026-04-06,SKU_1014,Coca Cola 2L Value,Coca Cola,Beverages,117.18,267,31287.06,0
2026-04-07,SKU_1014,Coca Cola 2L Value,Coca Cola,Beverages,117.64,263,30939.32,0
2026-04-08,SKU_1014,Coca Cola 2L Value,Coca Cola,Beverages,115.74,270,31249.8,0
2026-04-09,SKU_1014,Coca Cola 2L Value,Coca Cola,Beverages,121.03,274,33162.22,5
2026-04-10,SKU_1014,Coca Cola 2L Value,Coca Cola,Beverages,120.54,257,30978.78,0
2026-04-11,SKU_1014,Coca Cola 2L Value,Coca Cola,Beverages,114.23,274,31299.02,0
2026-04-12,SKU_1014,Coca Cola 2L Value,Coca Cola,Beverages,119.61,257,30739.77,0
2026-04-13,SKU_1014,Coca Cola 2L Value,Coca Cola,Beverages,113.98,298,33966.04,5
2026-04-14,SKU_1014,Coca Cola 2L Value,Coca Cola,Beverages,111.1,280,31108.0,0
2026-04-15,SKU_1014,Coca Cola 2L Value,Coca Cola,Beverages,110.35,286,31560.1,0
2026-04-16,SKU_1014,Coca Cola 2L Value,Coca Cola,Beverages,117.19,264,30938.16,0
2026-04-17,SKU_1014,Coca Cola 2L Value,Coca Cola,Beverages,113.12,307,34727.84,10
2026-04-18,SKU_1014,Coca Cola 2L Value,Coca Cola,Beverages,115.29,272,31358.88,0
2026-04-19,SKU_1014,Coca Cola 2L Value,Coca Cola,Beverages,108.64,318,34547.52,5
2026-04-20,SKU_1014,Coca Cola 2L Value,Coca Cola,Beverages,115.88,270,31287.6,0
2026-04-21,SKU_1014,Coca Cola 2L Value,Coca Cola,Beverages,115.08,271,31186.68,0
2026-04-22,SKU_1014,Coca Cola 2L Value,Coca Cola,Beverages,110.9,286,31717.4,0
2026-04-23,SKU_1014,Coca Cola 2L Value,Coca Cola,Beverages,113.08,277,31323.16,0
2026-04-24,SKU_1014,Coca Cola 2L Value,Coca Cola,Beverages,111.37,282,31406.34,0
2026-04-25,SKU_1014,Coca Cola 2L Value,Coca Cola,Beverages,118.43,263,31147.09,0
2026-04-26,SKU_1014,Coca Cola 2L Value,Coca Cola,Beverages,120.11,282,33871.02,10
2026-04-27,SKU_1014,Coca Cola 2L Value,Coca Cola,Beverages,109.95,287,31555.65,0
2026-04-28,SKU_1014,Coca Cola 2L Value,Coca Cola,Beverages,121.22,249,30183.78,0
2026-04-29,SKU_1014,Coca Cola 2L Value,Coca Cola,Beverages,115.15,270,31090.5,0
2026-04-30,SKU_1014,Coca Cola 2L Value,Coca Cola,Beverages,119.39,295,35220.05,5
2026-05-01,SKU_1014,Coca Cola 2L Value,Coca Cola,Beverages,116.0,281,32596.0,5
2026-05-02,SKU_1014,Coca Cola 2L Value,Coca Cola,Beverages,119.9,266,31893.4,10
2026-05-03,SKU_1014,Coca Cola 2L Value,Coca Cola,Beverages,118.91,292,34721.72,10
2026-05-04,SKU_1014,Coca Cola 2L Value,Coca Cola,Beverages,108.65,289,31399.85,0
2026-05-05,SKU_1014,Coca Cola 2L Value,Coca Cola,Beverages,112.64,278,31313.92,0
2026-05-06,SKU_1014,Coca Cola 2L Value,Coca Cola,Beverages,113.69,305,34675.45,10
2026-05-07,SKU_1014,Coca Cola 2L Value,Coca Cola,Beverages,117.93,264,31133.52,0
2026-05-08,SKU_1014,Coca Cola 2L Value,Coca Cola,Beverages,109.84,323,35478.32,10
2026-05-09,SKU_1014,Coca Cola 2L Value,Coca Cola,Beverages,120.03,255,30607.65,0
2026-05-10,SKU_1014,Coca Cola 2L Value,Coca Cola,Beverages,114.42,273,31236.66,0
2026-05-11,SKU_1014,Coca Cola 2L Value,Coca Cola,Beverages,120.09,261,31343.49,0
2026-05-12,SKU_1014,Coca Cola 2L Value,Coca Cola,Beverages,113.19,315,35654.85,5
2026-05-13,SKU_1014,Coca Cola 2L Value,Coca Cola,Beverages,118.81,259,30771.79,0
2026-05-14,SKU_1014,Coca Cola 2L Value,Coca Cola,Beverages,113.38,276,31292.88,0
2026-05-15,SKU_1014,Coca Cola 2L Value,Coca Cola,Beverages,119.97,273,32751.81,10
2026-05-16,SKU_1014,Coca Cola 2L Value,Coca Cola,Beverages,117.11,264,30917.04,0
2026-05-17,SKU_1014,Coca Cola 2L Value,Coca Cola,Beverages,116.03,271,31444.13,0
2026-05-18,SKU_1014,Coca Cola 2L Value,Coca Cola,Beverages,116.65,266,31028.9,0
