datasets/sales.csv
date,product_id,product_name,brand,category,selling_price,units_sold,revenue,promotion_discount_pct
2025-11-20,SKU_1015,Coca Cola 2L Family,Coca Cola,Beverages,152.88,232,35468.16,0
2025-11-21,SKU_1015,Coca Cola 2L Family,Coca Cola,Beverages,144.18,248,35756.64,0
2025-11-22,SKU_1015,Coca Cola 2L Family,Coca Cola,Beverages,138.24,266,36771.84,0
2025-11-23,SKU_1015,Coca Cola 2L Family,Coca Cola,Beverages,138.09,280,38665.2,5
2025-11-24,SKU_1015,Coca Cola 2L Family,Coca Cola,Beverages,147.17,244,35909.48,0
2025-11-25,SKU_1015,Coca Cola 2L Family,Coca Cola,Beverages,146.18,245,35814.1,0
2025-11-26,SKU_1015,Coca Cola 2L Family,Coca Cola,Beverages,140.18,281,39390.58,10
2025-11-27,SKU_1015,Coca Cola 2L Family,Coca Cola,Beverages,144.21,247,35619.87,0
2025-11-28,SKU_1015,Coca Cola 2L Family,Coca Cola,Beverages,147.3,259,38150.7,10
2025-11-29,SKU_1015,Coca Cola 2L Family,Coca Cola,Beverages,145.07,276,40039.32,5
2025-11-30,SKU_1015,Coca Cola 2L Family,Coca Cola,Beverages,138.51,263,36428.13,0
2025-12-01,SKU_1015,Coca Cola 2L Family,Coca Cola,Beverages,144.34,216,31177.44,0
2025-12-02,SKU_1015,Coca Cola 2L Family,Coca Cola,Beverages,141.72,221,31320.12,0
2025-12-03,SKU_1015,Coca Cola 2L Family,Coca Cola,Beverages,138.16,230,31776.8,0
2025-12-04,SKU_1015,Coca Cola 2L Family,Coca Cola,Beverages,147.42,237,34938.54,5
2025-12-05,SKU_1015,Coca Cola 2L Family,Coca Cola,Beverages,152.28,230,35024.4,10
2025-12-06,SKU_1015,Coca Cola 2L Family,Coca Cola,Beverages,139.61,225,31412.25,0
2025-12-07,SKU_1015,Coca Cola 2L Family,Coca Cola,Beverages,142.76,219,31264.44,0
2025-12-08,SKU_1015,Coca Cola 2L Family,Coca Cola,Beverages,144.77,252,36482.04,10
2025-12-09,SKU_1015,Coca Cola 2L Family,Coca Cola,Beverages,149.11,201,29971.11,0
2025-12-10,SKU_1015,Coca Cola 2L Family,Coca Cola,Beverages,143.65,217,31172.05,0
2025-12-11,SKU_1015,Coca Cola 2L Family,Coca Cola,Beverages,140.12,226,31667.12,0
2025-12-12,SKU_1015,Coca Cola 2L Family,Coca Cola,Beverages,139.6,227,31689.2,0
2025-12-13,SKU_1015,Coca Cola 2L Family,Coca Cola,Beverages,136.12,253,34438.36,10
2025-12-14,SKU_1015,Coca Cola 2L Family,Coca Cola,Beverages,137.07,229,31389.03,0
2025-12-15,SKU_1015,Coca Cola 2L Family,Coca Cola,Beverages,152.16,203,30888.48,0
2025-12-16,SKU_1015,Coca Cola 2L Family,Coca Cola,Beverages,136.5,265,36172.5,10
2025-12-17,SKU_1015,Coca Cola 2L Family,Coca Cola,Beverages,146.14,250,36535.0,10
2025-12-18,SKU_1015,Coca Cola 2L Family,Coca Cola,Beverages,149.85,205,30719.25,0
2025-12-19,SKU_1015,Coca Cola 2L Family,Coca Cola,Beverages,139.01,225,31277.25,0
2025-12-20,SKU_1015,Coca Cola 2L Family,Coca Cola,Beverages,144.19,233,33596.27,10
2025-12-21,SKU_1015,Coca Cola 2L Family,Coca Cola,Beverages,146.46,212,31049.52,0
2025-12-22,SKU_1015,Coca Cola 2L Family,Coca Cola,Beverages,146.15,209,30545.35,0
2025-12-23,SKU_1015,Coca Cola 2L Family,Coca Cola,Beverages,148.71,206,30634.26,0
2025-12-24,SKU_1015,Coca Cola 2L Family,Coca Cola,Beverages,146.29,220,32183.8,5
2025-12-25,SKU_1015,Coca Cola 2L Family,Coca Cola,Beverages,140.04,225,31509.0,0
2025-12-26,SKU_1015,Coca Cola 2L Family,Coca Cola,Beverages,144.5,241,34824.5,10
2025-12-27,SKU_1015,Coca Cola 2L Family,Coca Cola,Beverages,144.9,212,30718.8,0
2025-12-28,SKU_1015,Coca Cola 2L Family,Coca Cola,Beverages,140.27,225,31560.75,0
2025-12-29,SKU_1015,Coca Cola 2L Family,Coca Cola,Beverages,140.47,224,31465.28,0
2025-12-30,SKU_1015,Coca Cola 2L Family,Coca Cola,Beverages,146.97,212,31157.64,0
2025-12-31,SKU_1015,Coca Cola 2L Family,Coca Cola,Beverages,144.41,241,34802.81,10
2026-01-01,SKU_1015,Coca Cola 2L Family,Coca Cola,Beverages,144.56,247,35706.32,5
2026-01-02,SKU_1015,Coca Cola 2L Family,Coca Cola,Beverages,141.02,244,34408.88,5
2026-01-03,SKU_1015,Coca Cola 2L Family,Coca Cola,Beverages,147.19,209,30762.71,0
2026-01-04,SKU_1015,Coca Cola 2L Family,Coca Cola,Beverages,138.96,225,31266.0,0
2026-01-05,SKU_1015,Coca Cola 2L Family,Coca Cola,Beverages,139.32,227,31625.64,0
2026-01-06,SKU_1015,Coca Cola 2L Family,Coca Cola,Beverages,149.57,204,30512.28,0
2026-01-07,SKU_1015,Coca Cola 2L Family,Coca Cola,Beverages,152.56,201,30664.56,0
2026-01-08,SKU_1015,Coca Cola 2L Family,Coca Cola,Beverages,141.37,257,36332.09,5
2026-01-09,SKU_1015,Coca Cola 2L Family,Coca Cola,Beverages,138.56,226,31314.56,0
2026-01-10,SKU_1015,Coca Cola 2L Family,Coca Cola,Beverages,141.41,252,35635.32,5
2026-01-11,SKU_1015,Coca Cola 2L Family,Coca Cola,Beverages,146.4,211,30890.4,0
2026-01-12,SKU_1015,Coca Cola 2L Family,Coca Cola,Beverages,139.61,225,31412.25,0
2026-01-13,SKU_1015,Coca Cola 2L Family,Coca Cola,Beverages,142.24,220,31292.8,0
2026-01-14,SKU_1015,Coca Cola 2L Family,Coca Cola,Beverages,150.74,203,30600.22,0
2026-01-15,SKU_1015,Coca Cola 2L Family,Coca Cola,Beverages,143.25,228,32661.0,5
2026-01-16,SKU_1015,Coca Cola 2L Family,Coca Cola,Beverages,149.5,226,33787.0,5
2026-01-17,SKU_1015,Coca Cola 2L Family,Coca Cola,Beverages,147.34,245,36098.3,5
2026-01-18,SKU_1015,Coca Cola 2L Family,Coca Cola,Beverages,140.45,225,31601.25,0
2026-01-19,SKU_1015,Coca Cola 2L Family,Coca Cola,Beverages,139.24,228,31746.72,0
2026-01-20,SKU_1015,Coca Cola 2L Family,Coca Cola,Beverages,150.8,242,36493.6,5
2026-01-21,SKU_1015,Coca Cola 2L Family,Coca Cola,Beverages,142.46,220,31341.2,0
2026-01-22,SKU_1015,Coca Cola 2L Family,Coca Cola,Beverages,150.15,238,35735.7,5
2026-01-23,SKU_1015,Coca Cola 2L Family,Coca Cola,Beverages,140.45,223,31320.35,0
2026-01-24,SKU_1015,Coca Cola 2L Family,Coca Cola,Beverages,141.4,247,34925.8,10
2026-01-25,SKU_1015,Coca Cola 2L Family,Coca Cola,Beverages,153.01,221,33815.21,5
2026-01-26,SKU_1015,Coca Cola 2L Family,Coca Cola,Beverages,153.15,192,29404.8,0
2026-01-27,SKU_1015,Coca Cola 2L Family,Coca Cola,Beverages,140.56,235,33031.6,5
2026-01-28,SKU_1015,Coca Cola 2L Family,Coca Cola,Beverages,137.25,232,31842.0,0
2026-01-29,SKU_1015,Coca Cola 2L Family,Coca Cola,Beverages,145.34,213,30957.42,0
2026-01-30,SKU_1015,Coca Cola 2L Family,Coca Cola,Beverages,137.43,228,31334.04,0
2026-01-31,SKU_1015,Coca Cola 2L Family,Coca Cola,Beverages,141.39,258,36478.62,5
2026-02-01,SKU_1015,Coca Cola 2L Family,Coca Cola,Beverages,138.19,227,31369.13,0
2026-02-02,SKU_1015,Coca Cola 2L Family,Coca Cola,Beverages,146.01,228,33290.28,5
2026-02-03,SKU_1015,Coca Cola 2L Family,Coca Cola,Beverages,141.45,222,31401.9,0
2026-02-04,SKU_1015,Coca Cola 2L Family,Coca Cola,Beverages,145.69,211,30740.59,0
2026-02-05,SKU_1015,Coca Cola 2L Family,Coca Cola,Beverages,137.98,231,31873.38,0
2026-02-06,SKU_1015,Coca Cola 2L Family,Coca Cola,Beverages,153.11,231,35368.41,5
2026-02-07,SKU_1015,Coca Cola 2L Family,Coca Cola,Beverages,151.76,220,33387.2,5
2026-02-08,SKU_1015,Coca Cola 2L Family,Coca Cola,Beverages,143.91,217,31228.47,0
2026-02-09,SKU_1015,Coca Cola 2L Family,Coca Cola,Beverages,140.11,226,31664.86,0
2026-02-10,SKU_1015,Coca Cola 2L Family,Coca Cola,Beverages,137.97,253,34906.41,5
2026-02-11,SKU_1015,Coca Cola 2L Family,Coca Cola,Beverages,150.31,209,31414.79,10
2026-02-12,SKU_1015,Coca Cola 2L Family,Coca Cola,Beverages,152.29,197,30001.13,0
2026-02-13,SKU_1015,Coca Cola 2L Family,Coca Cola,Beverages,145.85,246,35879.1,10
2026-02-14,SKU_1015,Coca Cola 2L Family,Coca Cola,Beverages,150.16,218,32734.88,5
2026-02-15,SKU_1015,Coca Cola 2L Family,Coca Cola,Beverages,146.02,211,30810.22,0
2026-02-16,SKU_1015,Coca Cola 2L Family,Coca Cola,Beverages,145.85,210,30628.5,0
2026-02-17,SKU_1015,Coca Cola 2L Family,Coca Cola,Beverages,145.23,212,30788.76,0
2026-02-18,SKU_1015,Coca Cola 2L Family,Coca Cola,Beverages,146.01,212,30954.12,0
2026-02-19,SKU_1015,Coca Cola 2L Family,Coca Cola,Beverages,149.3,237,35384.1,5
2026-02-20,SKU_1015,Coca Cola 2L Family,Coca Cola,Beverages,140.5,224,31472.0,0
2026-02-21,SKU_1015,Coca Cola 2L Family,Coca Cola,Beverages,147.42,232,34201.44,10
2026-02-22,SKU_1015,Coca Cola 2L Family,Coca Cola,Beverages,143.79,254,36522.66,5
2026-02-23,SKU_1015,Coca Cola 2L Family,Coca Cola,Beverages,135.77,235,31905.95,0
2026-02-24,SKU_1015,Coca Cola 2L Family,Coca Cola,Beverages,146.93,210,30855.3,0
2026-02-25,SKU_1015,Coca Cola 2L Family,Coca Cola,Beverages,139.55,226,31538.3,0
2026-02-26,SKU_1015,Coca Cola 2L Family,Coca Cola,Beverages,151.22,199,30092.78,0
2026-02-27,SKU_1015,Coca Cola 2L Family,Coca Cola,Beverages,145.24,213,30936.12,0
2026-02-28,SKU_1015,Coca Cola 2L Family,Coca Cola,Beverages,149.64,203,30376.92,0
2026-03-01,SKU_1015,Coca Cola 2L Family,Coca Cola,Beverages,151.92,209,31751.28,10
2026-03-02,SKU_1015,Coca Cola 2L Family,Coca Cola,Beverages,138.87,226,31384.62,0
2026-03-03,SKU_1015,Coca Cola 2L Family,Coca Cola,Beverages,138.74,265,36766.1,10
2026-03-04,SKU_1015,Coca Cola 2L Family,Coca Cola,Beverages,151.02,218,32922.36,10
2026-03-05,SKU_1015,Coca Cola 2L Family,Coca Cola,Beverages,153.06,198,30305.88,0
2026-03-06,SKU_1015,Coca Cola 2L Family,Coca Cola,Beverages,152.57,194,29598.58,0
2026-03-07,SKU_1015,Coca Cola 2L Family,Coca Cola,Beverages,140.99,223,31440.77,0
2026-03-08,SKU_1015,Coca Cola 2L Family,Coca Cola,Beverages,139.69,228,31849.32,0
2026-03-09,SKU_1015,Coca Cola 2L Family,Coca Cola,Beverages,135.88,251,34105.88,5
2026-03-10,SKU_1015,Coca Cola 2L Family,Coca Cola,Beverages,150.83,239,36048.37,5
2026-03-11,SKU_1015,Coca Cola 2L Family,Coca Cola,Beverages,149.16,213,31771.08,5
2026-03-12,SKU_1015,Coca Cola 2L Family,Coca Cola,Beverages,143.65,217,31172.05,0
2026-03-13,SKU_1015,Coca Cola 2L Family,Coca Cola,Beverages,149.66,202,30231.32,0
2026-03-14,SKU_1015,Coca Cola 2L Family,Coca Cola,Beverages,137.1,262,35920.2,10
2026-03-15,SKU_1015,Coca Cola 2L Family,Coca Cola,Beverages,144.94,215,31162.1,0
2026-03-16,SKU_1015,Coca Cola 2L Family,Coca Cola,Beverages,137.6,251,34537.6,10
2026-03-17,SKU_1015,Coca Cola 2L Family,Coca Cola,Beverages,149.26,206,30747.56,0
2026-03-18,SKU_1015,Coca Cola 2L Family,Coca Cola,Beverages,139.27,246,34260.42,10
2026-03-19,SKU_1015,Coca Cola 2L Family,Coca Cola,Beverages,144.23,226,32595.98,5
2026-03-20,SKU_1015,Coca Cola 2L Family,Coca Cola,Beverages,135.51,278,37671.78,5
2026-03-21,SKU_1015,Coca Cola 2L Family,Coca Cola,Beverages,151.26,202,30554.52,0
2026-03-22,SKU_1015,Coca Cola 2L Family,Coca Cola,Beverages,150.87,201,30324.87,0
2026-03-23,SKU_1015,Coca Cola 2L Family,Coca Cola,Beverages,139.62,265,36999.3,5
2026-03-24,SKU_1015,Coca Cola 2L Family,Coca Cola,Beverages,144.11,215,30983.65,0
2026-03-25,SKU_1015,Coca Cola 2L Family,Coca Cola,Beverages,148.89,201,29926.89,0
2026-03-26,SKU_1015,Coca Cola 2L Family,Coca Cola,Beverages,137.98,238,32839.24,10
2026-03-27,SKU_1015,Coca Cola 2L Family,Coca Cola,Beverages,137.75,262,36090.5,5
2026-03-28,SKU_1015,Coca Cola 2L Family,Coca Cola,Beverages,136.1,235,31983.5,0
2026-03-29,SKU_1015,Coca Cola 2L Family,Coca Cola,Beverages,151.42,197,29829.74,0
2026-03-30,SKU_1015,Coca Cola 2L Family,Coca Cola,Beverages,146.82,223,32740.86,5
2026-03-31,SKU_1015,Coca Cola 2L Family,Coca Cola,Beverages,138.61,228,31603.08,0
2026-04-01,SKU_1015,Coca Cola 2L Family,Coca Cola,Beverages,149.12,252,37578.24,0
2026-04-02,SKU_1015,Coca Cola 2L Family,Coca Cola,Beverages,142.14,276,39230.64,0
2026-04-03,SKU_1015,Coca Cola 2L Family,Coca Cola,Beverages,135.93,319,43361.67,5
2026-04-04,SKU_1015,Coca Cola 2L Family,Coca Cola,Beverages,142.29,295,41975.55,10
2026-04-05,SKU_1015,Coca Cola 2L Family,Coca Cola,Beverages,135.9,287,39003.3,0
2026-04-06,SKU_1015,Coca Cola 2L Family,Coca Cola,Beverages,151.84,256,38871.04,0
2026-04-07,SKU_1015,Coca Cola 2L Family,Coca Cola,Beverages,152.3,289,44014.7,5
2026-04-08,SKU_1015,Coca Cola 2L Family,Coca Cola,Beverages,146.46,263,38518.98,0
2026-04-09,SKU_1015,Coca Cola 2L Family,Coca Cola,Beverages,137.23,288,39522.24,0
2026-04-10,SKU_1015,Coca Cola 2L Family,Coca Cola,Beverages,137.08,295,40438.6,0
2026-04-11,SKU_1015,Coca Cola 2L Family,Coca Cola,Beverages,153.32,282,43236.24,5
2026-04-12,SKU_1015,Coca Cola 2L Family,Coca Cola,Beverages,152.01,284,43170.84,10
2026-04-13,SKU_1015,Coca Cola 2L Family,Coca Cola,Beverages,147.17,301,44298.17,5
2026-04-14,SKU_1015,Coca Cola 2L Family,Coca Cola,Beverages,152.1,275,41827.5,10
2026-04-15,SKU_1015,Coca Cola 2L Family,Coca Cola,Beverages,153.1,241,36897.1,0
2026-04-16,SKU_1015,Coca Cola 2L Family,Coca Cola,Beverages,144.23,285,41105.55,10
2026-04-17,SKU_1015,Coca Cola 2L Family,Coca Cola,Beverages,137.71,288,39660.48,0
2026-04-18,SKU_1015,Coca Cola 2L Family,Coca Cola,Beverages,139.55,280,39074.0,0
2026-04-19,SKU_1015,Coca Cola 2L Family,Coca Cola,Beverages,148.66,273,40584.18,10
2026-04-20,SKU_1015,Coca Cola 2L Family,Coca Cola,Beverages,140.0,280,39200.0,0
2026-04-21,SKU_1015,Coca Cola 2L Family,Coca Cola,Beverages,141.46,304,43003.84,10
2026-04-22,SKU_1015,Coca Cola 2L Family,Coca Cola,Beverages,144.95,265,38411.75,0
2026-04-23,SKU_1015,Coca Cola 2L Family,Coca Cola,Beverages,149.45,281,41995.45,5
2026-04-24,SKU_1015,Coca Cola 2L Family,Coca Cola,Beverages,147.62,259,38233.58,0
2026-04-25,SKU_1015,Coca Cola 2L Family,Coca Cola,Beverages,149.23,252,37605.96,0
2026-04-26,SKU_1015,Coca Cola 2L Family,Coca Cola,Beverages,150.09,246,36922.14,0
2026-04-27,SKU_1015,Coca Cola 2L Family,Coca Cola,Beverages,138.02,283,39059.66,0
2026-04-28,SKU_1015,Coca Cola 2L Family,Coca Cola,Beverages,138.37,310,42894.7,10
2026-04-29,SKU_1015,Coca Cola 2L Family,Coca Cola,Beverages,144.34,292,42147.28,10
2026-04-30,SKU_1015,Coca Cola 2L Family,Coca Cola,Beverages,143.75,290,41687.5,10
2026-05-01,SKU_1015,Coca Cola 2L Family,Coca Cola,Beverages,145.49,268,38991.32,0
2026-05-02,SKU_1015,Coca Cola 2L Family,Coca Cola,Beverages,147.52,260,38355.2,0
2026-05-03,SKU_1015,Coca Cola 2L Family,Coca Cola,Beverages,141.62,278,39370.36,0
2026-05-04,SKU_1015,Coca Cola 2L Family,Coca Cola,Beverages,141.69,301,42648.69,10
2026-05-05,SKU_1015,Coca Cola 2L Family,Coca Cola,Beverages,147.66,258,38096.28,0
2026-05-06,SKU_1015,Coca Cola 2L Family,Coca Cola,Beverages,149.51,258,38573.58,0
2026-05-07,SKU_1015,Coca Cola 2L Family,Coca Cola,Beverages,143.28,287,41121.36,10
2026-05-08,SKU_1015,Coca Cola 2L Family,Coca Cola,Beverages,137.13,294,40316.22,0
2026-05-09,SKU_1015,Coca Cola 2L Family,Coca Cola,Beverages,137.6,290,39904.0,0
2026-05-10,SKU_1015,Coca Cola 2L Family,Coca Cola,Beverages,151.55,279,42282.45,5
2026-05-11,SKU_1015,Coca Cola 2L Family,Coca Cola,Beverages,153.61,267,41013.87,10
2026-05-12,SKU_1015,Coca Cola 2L Family,Coca Cola,Beverages,142.74,290,41394.6,10
2026-05-13,SKU_1015,Coca Cola 2L Family,Coca Cola,Beverages,138.0,289,39882.0,0
2026-05-14,SKU_1015,Coca Cola 2L Family,Coca Cola,Beverages,139.06,315,43803.9,10
2026-05-15,SKU_1015,Coca Cola 2L Family,Coca Cola,Beverages,149.82,279,41799.78,10
2026-05-16,SKU_1015,Coca Cola 2L Family,Coca Cola,Beverages,136.25,309,42101.25,10
2026-05-17,SKU_1015,Coca Cola 2L Family,Coca Cola,Beverages,148.23,253,37502.19,0
2026-05-18,SKU_1015,Coca Cola 2L Family,Coca Cola,Beverages,142.31,275,39135.25,0
