datasets/sales.csv
date,product_id,product_name,brand,category,selling_price,units_sold,revenue,promotion_discount_pct
2025-11-20,SKU_1016,Coke Zero 300ml Mini,Coca Cola,Beverages,28.91,250,7227.5,0
2025-11-21,SKU_1016,Coke Zero 300ml Mini,Coca Cola,Beverages,29.67,247,7328.49,0
2025-11-22,SKU_1016,Coke Zero 300ml Mini,Coca Cola,Beverages,28.57,288,8228.16,5
2025-11-23,SKU_1016,Coke Zero 300ml Mini,Coca Cola,Beverages,27.34,273,7463.82,5
2025-11-24,SKU_1016,Coke Zero 300ml Mini,Coca Cola,Beverages,28.02,290,8125.8,5
2025-11-25,SKU_1016,Coke Zero 300ml Mini,Coca Cola,Beverages,28.33,252,7139.16,0
2025-11-26,SKU_1016,Coke Zero 300ml Mini,Coca Cola,Beverages,26.6,287,7634.2,10
2025-11-27,SKU_1016,Coke Zero 300ml Mini,Coca Cola,Beverages,27.73,282,7819.86,10
2025-11-28,SKU_1016,Coke Zero 300ml Mini,Coca Cola,Beverages,30.09,263,7913.67,5
2025-11-29,SKU_1016,Coke Zero 300ml Mini,Coca Cola,Beverages,27.12,255,6915.6,0
2025-11-30,SKU_1016,Coke Zero 300ml Mini,Coca Cola,Beverages,28.02,274,7677.48,5
2025-12-01,SKU_1016,Coke Zero 300ml Mini,Coca Cola,Beverages,28.75,218,6267.5,0
2025-12-02,SKU_1016,Coke Zero 300ml Mini,Coca Cola,Beverages,26.86,223,5989.78,0
2025-12-03,SKU_1016,Coke Zero 300ml Mini,Coca Cola,Beverages,27.11,261,7075.71,10
2025-12-04,SKU_1016,Coke Zero 300ml Mini,Coca Cola,Beverages,29.05,218,6332.9,0
2025-12-05,SKU_1016,Coke Zero 300ml Mini,Coca Cola,Beverages,29.05,217,6303.85,0
2025-12-06,SKU_1016,Coke Zero 300ml Mini,Coca Cola,Beverages,28.92,230,6651.6,10
2025-12-07,SKU_1016,Coke Zero 300ml Mini,Coca Cola,Beverages,29.41,216,6352.56,0
2025-12-08,SKU_1016,Coke Zero 300ml Mini,Coca Cola,Beverages,29.0,218,6322.0,0
2025-12-09,SKU_1016,Coke Zero 300ml Mini,Coca Cola,Beverages,28.57,218,6228.26,0
2025-12-10,SKU_1016,Coke Zero 300ml Mini,Coca Cola,Beverages,26.86,223,5989.78,0
2025-12-11,SKU_1016,Coke Zero 300ml Mini,Coca Cola,Beverages,29.79,214,6375.06,0
2025-12-12,SKU_1016,Coke Zero 300ml Mini,Coca Cola,Beverages,27.99,220,6157.8,0
2025-12-13,SKU_1016,Coke Zero 300ml Mini,Coca Cola,Beverages,28.88,218,6295.84,0
2025-12-14,SKU_1016,Coke Zero 300ml Mini,Coca Cola,Beverages,29.79,249,7417.71,5
2025-12-15,SKU_1016,Coke Zero 300ml Mini,Coca Cola,Beverages,27.66,220,6085.2,0
2025-12-16,SKU_1016,Coke Zero 300ml Mini,Coca Cola,Beverages,30.23,251,7587.73,10
2025-12-17,SKU_1016,Coke Zero 300ml Mini,Coca Cola,Beverages,27.92,256,7147.52,5
2025-12-18,SKU_1016,Coke Zero 300ml Mini,Coca Cola,Beverages,29.15,217,6325.55,0
2025-12-19,SKU_1016,Coke Zero 300ml Mini,Coca Cola,Beverages,28.92,217,6275.64,0
2025-12-20,SKU_1016,Coke Zero 300ml Mini,Coca Cola,Beverages,29.67,215,6379.05,0
2025-12-21,SKU_1016,Coke Zero 300ml Mini,Coca Cola,Beverages,28.93,218,6306.74,0
2025-12-22,SKU_1016,Coke Zero 300ml Mini,Coca Cola,Beverages,30.18,216,6518.88,0
2025-12-23,SKU_1016,Coke Zero 300ml Mini,Coca Cola,Beverages,29.2,242,7066.4,10
2025-12-24,SKU_1016,Coke Zero 300ml Mini,Coca Cola,Beverages,27.41,221,6057.61,0
2025-12-25,SKU_1016,Coke Zero 300ml Mini,Coca Cola,Beverages,26.98,249,6718.02,5
2025-12-26,SKU_1016,Coke Zero 300ml Mini,Coca Cola,Beverages,28.81,244,7029.64,10
2025-12-27,SKU_1016,Coke Zero 300ml Mini,Coca Cola,Beverages,29.77,215,6400.55,0
2025-12-28,SKU_1016,Coke Zero 300ml Mini,Coca Cola,Beverages,28.79,218,6276.22,0
2025-12-29,SKU_1016,Coke Zero 300ml Mini,Coca Cola,Beverages,28.7,218,6256.6,0
2025-12-30,SKU_1016,Coke Zero 300ml Mini,Coca Cola,Beverages,27.91,243,6782.13,10
2025-12-31,SKU_1016,Coke Zero 300ml Mini,Coca Cola,Beverages,29.57,215,6357.55,0
2026-01-01,SKU_1016,Coke Zero 300ml Mini,Coca Cola,Beverages,27.86,248,6909.28,5
2026-01-02,SKU_1016,Coke Zero 300ml Mini,Coca Cola,Beverages,29.74,253,7524.22,5
2026-01-03,SKU_1016,Coke Zero 300ml Mini,Coca Cola,Beverages,29.53,246,7264.38,5
2026-01-04,SKU_1016,Coke Zero 300ml Mini,Coca Cola,Beverages,29.91,216,6460.56,0
2026-01-05,SKU_1016,Coke Zero 300ml Mini,Coca Cola,Beverages,26.69,223,5951.87,0
2026-01-06,SKU_1016,Coke Zero 300ml Mini,Coca Cola,Beverages,27.66,220,6085.2,0
2026-01-07,SKU_1016,Coke Zero 300ml Mini,Coca Cola,Beverages,29.25,216,6318.0,0
2026-01-08,SKU_1016,Coke Zero 300ml Mini,Coca Cola,Beverages,27.91,220,6140.2,0
2026-01-09,SKU_1016,Coke Zero 300ml Mini,Coca Cola,Beverages,30.14,250,7535.0,5
2026-01-10,SKU_1016,Coke Zero 300ml Mini,Coca Cola,Beverages,26.77,222,5942.94,0
2026-01-11,SKU_1016,Coke Zero 300ml Mini,Coca Cola,Beverages,29.4,251,7379.4,10
2026-01-12,SKU_1016,Coke Zero 300ml Mini,Coca Cola,Beverages,29.74,249,7405.26,5
2026-01-13,SKU_1016,Coke Zero 300ml Mini,Coca Cola,Beverages,27.87,257,7162.59,5
2026-01-14,SKU_1016,Coke Zero 300ml Mini,Coca Cola,Beverages,26.92,255,6864.6,10
2026-01-15,SKU_1016,Coke Zero 300ml Mini,Coca Cola,Beverages,29.53,215,6348.95,0
2026-01-16,SKU_1016,Coke Zero 300ml Mini,Coca Cola,Beverages,29.62,217,6427.54,0
2026-01-17,SKU_1016,Coke Zero 300ml Mini,Coca Cola,Beverages,28.93,248,7174.64,5
2026-01-18,SKU_1016,Coke Zero 300ml Mini,Coca Cola,Beverages,27.28,221,6028.88,0
2026-01-19,SKU_1016,Coke Zero 300ml Mini,Coca Cola,Beverages,29.72,216,6419.52,0
2026-01-20,SKU_1016,Coke Zero 300ml Mini,Coca Cola,Beverages,29.53,215,6348.95,0
2026-01-21,SKU_1016,Coke Zero 300ml Mini,Coca Cola,Beverages,30.09,215,6469.35,0
2026-01-22,SKU_1016,Coke Zero 300ml Mini,Coca Cola,Beverages,27.29,253,6904.37,10
2026-01-23,SKU_1016,Coke Zero 300ml Mini,Coca Cola,Beverages,28.94,245,7090.3,10
2026-01-24,SKU_1016,Coke Zero 300ml Mini,Coca Cola,Beverages,27.25,221,6022.25,0
2026-01-25,SKU_1016,Coke Zero 300ml Mini,Coca Cola,Beverages,27.32,260,7103.2,10
2026-01-26,SKU_1016,Coke Zero 300ml Mini,Coca Cola,Beverages,29.79,216,6434.64,0
2026-01-27,SKU_1016,Coke Zero 300ml Mini,Coca Cola,Beverages,27.13,221,5995.73,0
2026-01-28,SKU_1016,Coke Zero 300ml Mini,Coca Cola,Beverages,28.04,219,6140.76,0
2026-01-29,SKU_1016,Coke Zero 300ml Mini,Coca Cola,Beverages,29.68,215,6381.2,0
2026-01-30,SKU_1016,Coke Zero 300ml Mini,Coca Cola,Beverages,28.83,217,6256.11,0
2026-01-31,SKU_1016,Coke Zero 300ml Mini,Coca Cola,Beverages,30.24,215,6501.6,0
2026-02-01,SKU_1016,Coke Zero 300ml Mini,Coca Cola,Beverages,27.5,220,6050.0,0
2026-02-02,SKU_1016,Coke Zero 300ml Mini,Coca Cola,Beverages,26.7,222,5927.4,0
2026-02-03,SKU_1016,Coke Zero 300ml Mini,Coca Cola,Beverages,27.49,220,6047.8,0
2026-02-04,SKU_1016,Coke Zero 300ml Mini,Coca Cola,Beverages,27.13,221,5995.73,0
2026-02-05,SKU_1016,Coke Zero 300ml Mini,Coca Cola,Beverages,29.72,239,7103.08,5
2026-02-06,SKU_1016,Coke Zero 300ml Mini,Coca Cola,Beverages,28.63,218,6241.34,0
2026-02-07,SKU_1016,Coke Zero 300ml Mini,Coca Cola,Beverages,28.1,241,6772.1,10
2026-02-08,SKU_1016,Coke Zero 300ml Mini,Coca Cola,Beverages,28.88,250,7220.0,5
2026-02-09,SKU_1016,Coke Zero 300ml Mini,Coca Cola,Beverages,27.55,221,6088.55,0
2026-02-10,SKU_1016,Coke Zero 300ml Mini,Coca Cola,Beverages,29.52,217,6405.84,0
2026-02-11,SKU_1016,Coke Zero 300ml Mini,Coca Cola,Beverages,27.93,220,6144.6,0
2026-02-12,SKU_1016,Coke Zero 300ml Mini,Coca Cola,Beverages,27.77,220,6109.4,0
2026-02-13,SKU_1016,Coke Zero 300ml Mini,Coca Cola,Beverages,27.77,220,6109.4,0
2026-02-14,SKU_1016,Coke Zero 300ml Mini,Coca Cola,Beverages,29.5,216,6372.0,0
2026-02-15,SKU_1016,Coke Zero 300ml Mini,Coca Cola,Beverages,30.17,246,7421.82,10
2026-02-16,SKU_1016,Coke Zero 300ml Mini,Coca Cola,Beverages,28.33,236,6685.88,10
2026-02-17,SKU_1016,Coke Zero 300ml Mini,Coca Cola,Beverages,29.22,252,7363.44,10
2026-02-18,SKU_1016,Coke Zero 300ml Mini,Coca Cola,Beverages,30.19,251,7577.69,10
2026-02-19,SKU_1016,Coke Zero 300ml Mini,Coca Cola,Beverages,26.79,250,6697.5,5
2026-02-20,SKU_1016,Coke Zero 300ml Mini,Coca Cola,Beverages,28.19,219,6173.61,0
2026-02-21,SKU_1016,Coke Zero 300ml Mini,Coca Cola,Beverages,26.68,222,5922.96,0
2026-02-22,SKU_1016,Coke Zero 300ml Mini,Coca Cola,Beverages,29.86,215,6419.9,0
2026-02-23,SKU_1016,Coke Zero 300ml Mini,Coca Cola,Beverages,26.83,222,5956.26,0
2026-02-24,SKU_1016,Coke Zero 300ml Mini,Coca Cola,Beverages,28.67,218,6250.06,0
2026-02-25,SKU_1016,Coke Zero 300ml Mini,Coca Cola,Beverages,29.2,217,6336.4,0
2026-02-26,SKU_1016,Coke Zero 300ml Mini,Coca Cola,Beverages,30.19,235,7094.65,5
2026-02-27,SKU_1016,Coke Zero 300ml Mini,Coca Cola,Beverages,28.56,218,6226.08,0
2026-02-28,SKU_1016,Coke Zero 300ml Mini,Coca Cola,Beverages,27.45,261,7164.45,10
2026-03-01,SKU_1016,Coke Zero 300ml Mini,Coca Cola,Beverages,28.08,239,6711.12,10
2026-03-02,SKU_1016,Coke Zero 300ml Mini,Coca Cola,Beverages,29.74,214,6364.36,0
2026-03-03,SKU_1016,Coke Zero 300ml Mini,Coca Cola,Beverages,29.19,217,6334.23,0
2026-03-04,SKU_1016,Coke Zero 300ml Mini,Coca Cola,Beverages,29.42,217,6384.14,0
2026-03-05,SKU_1016,Coke Zero 300ml Mini,Coca Cola,Beverages,28.53,218,6219.54,0
2026-03-06,SKU_1016,Coke Zero 300ml Mini,Coca Cola,Beverages,27.51,221,6079.71,0
2026-03-07,SKU_1016,Coke Zero 300ml Mini,Coca Cola,Beverages,29.64,250,7410.0,5
2026-03-08,SKU_1016,Coke Zero 300ml Mini,Coca Cola,Beverages,27.03,249,6730.47,5
2026-03-09,SKU_1016,Coke Zero 300ml Mini,Coca Cola,Beverages,29.15,239,6966.85,5
2026-03-10,SKU_1016,Coke Zero 300ml Mini,Coca Cola,Beverages,29.13,218,6350.34,0
2026-03-11,SKU_1016,Coke Zero 300ml Mini,Coca Cola,Beverages,27.27,221,6026.67,0
2026-03-12,SKU_1016,Coke Zero 300ml Mini,Coca Cola,Beverages,29.17,228,6650.76,5
2026-03-13,SKU_1016,Coke Zero 300ml Mini,Coca Cola,Beverages,27.27,221,6026.67,0
2026-03-14,SKU_1016,Coke Zero 300ml Mini,Coca Cola,Beverages,27.88,220,6133.6,0
2026-03-15,SKU_1016,Coke Zero 300ml Mini,Coca Cola,Beverages,27.84,238,6625.92,10
2026-03-16,SKU_1016,Coke Zero 300ml Mini,Coca Cola,Beverages,26.67,234,6240.78,10
2026-03-17,SKU_1016,Coke Zero 300ml Mini,Coca Cola,Beverages,29.09,218,6341.62,0
2026-03-18,SKU_1016,Coke Zero 300ml Mini,Coca Cola,Beverages,30.11,215,6473.65,0
2026-03-19,SKU_1016,Coke Zero 300ml Mini,Coca Cola,Beverages,27.79,248,6891.92,10
2026-03-20,SKU_1016,Coke Zero 300ml Mini,Coca Cola,Beverages,27.96,220,6151.2,0
2026-03-21,SKU_1016,Coke Zero 300ml Mini,Coca Cola,Beverages,27.29,221,6031.09,0
2026-03-22,SKU_1016,Coke Zero 300ml Mini,Coca Cola,Beverages,28.55,218,6223.9,0
2026-03-23,SKU_1016,Coke Zero 300ml Mini,Coca Cola,Beverages,29.77,235,6995.95,10
2026-03-24,SKU_1016,Coke Zero 300ml Mini,Coca Cola,Beverages,28.69,218,6254.42,0
2026-03-25,SKU_1016,Coke Zero 300ml Mini,Coca Cola,Beverages,28.45,228,6486.6,5
2026-03-26,SKU_1016,Coke Zero 300ml Mini,Coca Cola,Beverages,28.86,217,6262.62,0
2026-03-27,SKU_1016,Coke Zero 300ml Mini,Coca Cola,Beverages,29.54,216,6380.64,0
2026-03-28,SKU_1016,Coke Zero 300ml Mini,Coca Cola,Beverages,26.99,248,6693.52,10
2026-03-29,SKU_1016,Coke Zero 300ml Mini,Coca Cola,Beverages,27.21,221,6013.41,0
2026-03-30,SKU_1016,Coke Zero 300ml Mini,Coca Cola,Beverages,28.8,217,6249.6,0
2026-03-31,SKU_1016,Coke Zero 300ml Mini,Coca Cola,Beverages,30.01,250,7502.5,10
2026-04-01,SKU_1016,Coke Zero 300ml Mini,Coca Cola,Beverages,28.02,274,7677.48,0
2026-04-02,SKU_1016,Coke Zero 300ml Mini,Coca Cola,Beverages,29.03,272,7896.16,0
2026-04-03,SKU_1016,Coke Zero 300ml Mini,Coca Cola,Beverages,27.93,291,8127.63,5
2026-04-04,SKU_1016,Coke Zero 300ml Mini,Coca Cola,Beverages,29.49,272,8021.28,0
2026-04-05,SKU_1016,Coke Zero 300ml Mini,Coca Cola,Beverages,29.94,281,8413.14,10
2026-04-06,SKU_1016,Coke Zero 300ml Mini,Coca Cola,Beverages,29.69,271,8045.99,0
2026-04-07,SKU_1016,Coke Zero 300ml Mini,Coca Cola,Beverages,29.92,295,8826.4,10
2026-04-08,SKU_1016,Coke Zero 300ml Mini,Coca Cola,Beverages,28.03,274,7680.22,0
2026-04-09,SKU_1016,Coke Zero 300ml Mini,Coca Cola,Beverages,27.63,275,7598.25,0
2026-04-10,SKU_1016,Coke Zero 300ml Mini,Coca Cola,Beverages,27.67,299,8273.33,5
2026-04-11,SKU_1016,Coke Zero 300ml Mini,Coca Cola,Beverages,27.97,288,8055.36,5
2026-04-12,SKU_1016,Coke Zero 300ml Mini,Coca Cola,Beverages,27.77,294,8164.38,5
2026-04-13,SKU_1016,Coke Zero 300ml Mini,Coca Cola,Beverages,28.41,273,7755.93,0
2026-04-14,SKU_1016,Coke Zero 300ml Mini,Coca Cola,Beverages,29.41,306,8999.46,10
2026-04-15,SKU_1016,Coke Zero 300ml Mini,Coca Cola,Beverages,26.75,279,7463.25,0
2026-04-16,SKU_1016,Coke Zero 300ml Mini,Coca Cola,Beverages,29.85,295,8805.75,10
2026-04-17,SKU_1016,Coke Zero 300ml Mini,Coca Cola,Beverages,27.23,276,7515.48,0
2026-04-18,SKU_1016,Coke Zero 300ml Mini,Coca Cola,Beverages,28.54,273,7791.42,0
2026-04-19,SKU_1016,Coke Zero 300ml Mini,Coca Cola,Beverages,28.0,286,8008.0,10
2026-04-20,SKU_1016,Coke Zero 300ml Mini,Coca Cola,Beverages,29.6,302,8939.2,5
2026-04-21,SKU_1016,Coke Zero 300ml Mini,Coca Cola,Beverages,28.45,294,8364.3,10
2026-04-22,SKU_1016,Coke Zero 300ml Mini,Coca Cola,Beverages,29.08,272,7909.76,0
2026-04-23,SKU_1016,Coke Zero 300ml Mini,Coca Cola,Beverages,26.96,278,7494.88,0
2026-04-24,SKU_1016,Coke Zero 300ml Mini,Coca Cola,Beverages,29.19,272,7939.68,0
2026-04-25,SKU_1016,Coke Zero 300ml Mini,Coca Cola,Beverages,28.4,283,8037.2,10
2026-04-26,SKU_1016,Coke Zero 300ml Mini,Coca Cola,Beverages,26.76,278,7439.28,0
2026-04-27,SKU_1016,Coke Zero 300ml Mini,Coca Cola,Beverages,29.96,271,8119.16,0
2026-04-28,SKU_1016,Coke Zero 300ml Mini,Coca Cola,Beverages,29.0,271,7859.0,0
2026-04-29,SKU_1016,Coke Zero 300ml Mini,Coca Cola,Beverages,30.18,266,8027.88,0
2026-04-30,SKU_1016,Coke Zero 300ml Mini,Coca Cola,Beverages,27.95,275,7686.25,0
2026-05-01,SKU_1016,Coke Zero 300ml Mini,Coca Cola,Beverages,27.17,308,8368.36,10
2026-05-02,SKU_1016,Coke Zero 300ml Mini,Coca Cola,Beverages,27.54,308,8482.32,10
2026-05-03,SKU_1016,Coke Zero 300ml Mini,Coca Cola,Beverages,29.74,269,8000.06,0
2026-05-04,SKU_1016,Coke Zero 300ml Mini,Coca Cola,Beverages,30.02,268,8045.36,0
2026-05-05,SKU_1016,Coke Zero 300ml Mini,Coca Cola,Beverages,28.09,296,8314.64,5
2026-05-06,SKU_1016,Coke Zero 300ml Mini,Coca Cola,Beverages,27.61,294,8117.34,5
2026-05-07,SKU_1016,Coke Zero 300ml Mini,Coca Cola,Beverages,28.78,283,8144.74,5
2026-05-08,SKU_1016,Coke Zero 300ml Mini,Coca Cola,Beverages,29.13,271,7894.23,0
2026-05-09,SKU_1016,Coke Zero 300ml Mini,Coca Cola,Beverages,26.86,277,7440.22,0
2026-05-10,SKU_1016,Coke Zero 300ml Mini,Coca Cola,Beverages,29.88,269,8037.72,0
2026-05-11,SKU_1016,Coke Zero 300ml Mini,Coca Cola,Beverages,28.55,273,7794.15,0
2026-05-12,SKU_1016,Coke Zero 300ml Mini,Coca Cola,Beverages,30.08,287,8632.96,5
2026-05-13,SKU_1016,Coke Zero 300ml Mini,Coca Cola,Beverages,28.55,291,8308.05,10
2026-05-14,SKU_1016,Coke Zero 300ml Mini,Coca Cola,Beverages,26.99,277,7476.23,0
2026-05-15,SKU_1016,Coke Zero 300ml Mini,Coca Cola,Beverages,30.06,284,8537.04,5
2026-05-16,SKU_1016,Coke Zero 300ml Mini,Coca Cola,Beverages,27.06,303,8199.18,5
2026-05-17,SKU_1016,Coke Zero 300ml Mini,Coca Cola,Beverages,27.0,292,7884.0,5
2026-05-18,SKU_1016,Coke Zero 300ml Mini,Coca Cola,Beverages,26.9,278,7478.2,0
