datasets/sales.csv
date,product_id,product_name,brand,category,selling_price,units_sold,revenue,promotion_discount_pct
2025-11-20,SKU_1017,Coke Zero 300ml Regular,Coca Cola,Beverages,39.26,288,11306.88,5
2025-11-21,SKU_1017,Coke Zero 300ml Regular,Coca Cola,Beverages,38.74,256,9917.44,0
2025-11-22,SKU_1017,Coke Zero 300ml Regular,Coca Cola,Beverages,41.45,249,10321.05,0
2025-11-23,SKU_1017,Coke Zero 300ml Regular,Coca Cola,Beverages,42.0,247,10374.0,0
2025-11-24,SKU_1017,Coke Zero 300ml Regular,Coca Cola,Beverages,40.96,249,10199.04,0
2025-11-25,SKU_1017,Coke Zero 300ml Regular,Coca Cola,Beverages,42.47,247,10490.09,0
2025-11-26,SKU_1017,Coke Zero 300ml Regular,Coca Cola,Beverages,39.82,253,10074.46,0
2025-11-27,SKU_1017,Coke Zero 300ml Regular,Coca Cola,Beverages,40.03,252,10087.56,0
2025-11-28,SKU_1017,Coke Zero 300ml Regular,Coca Cola,Beverages,40.63,251,10198.13,0
2025-11-29,SKU_1017,Coke Zero 300ml Regular,Coca Cola,Beverages,39.75,253,10056.75,0
2025-11-30,SKU_1017,Coke Zero 300ml Regular,Coca Cola,Beverages,42.53,248,10547.44,0
2025-12-01,SKU_1017,Coke Zero 300ml Regular,Coca Cola,Beverages,41.13,217,8925.21,0
2025-12-02,SKU_1017,Coke Zero 300ml Regular,Coca Cola,Beverages,38.75,223,8641.25,0
2025-12-03,SKU_1017,Coke Zero 300ml Regular,Coca Cola,Beverages,38.58,249,9606.42,10
2025-12-04,SKU_1017,Coke Zero 300ml Regular,Coca Cola,Beverages,38.09,224,8532.16,0
2025-12-05,SKU_1017,Coke Zero 300ml Regular,Coca Cola,Beverages,39.93,220,8784.6,0
2025-12-06,SKU_1017,Coke Zero 300ml Regular,Coca Cola,Beverages,41.56,217,9018.52,0
2025-12-07,SKU_1017,Coke Zero 300ml Regular,Coca Cola,Beverages,40.93,230,9413.9,10
2025-12-08,SKU_1017,Coke Zero 300ml Regular,Coca Cola,Beverages,42.46,213,9043.98,0
2025-12-09,SKU_1017,Coke Zero 300ml Regular,Coca Cola,Beverages,40.93,257,10519.01,5
2025-12-10,SKU_1017,Coke Zero 300ml Regular,Coca Cola,Beverages,40.97,239,9791.83,10
2025-12-11,SKU_1017,Coke Zero 300ml Regular,Coca Cola,Beverages,40.34,248,10004.32,5
2025-12-12,SKU_1017,Coke Zero 300ml Regular,Coca Cola,Beverages,39.3,247,9707.1,5
2025-12-13,SKU_1017,Coke Zero 300ml Regular,Coca Cola,Beverages,42.78,253,10823.34,10
2025-12-14,SKU_1017,Coke Zero 300ml Regular,Coca Cola,Beverages,39.87,220,8771.4,0
2025-12-15,SKU_1017,Coke Zero 300ml Regular,Coca Cola,Beverages,43.01,213,9161.13,0
2025-12-16,SKU_1017,Coke Zero 300ml Regular,Coca Cola,Beverages,42.59,214,9114.26,0
2025-12-17,SKU_1017,Coke Zero 300ml Regular,Coca Cola,Beverages,40.25,219,8814.75,0
2025-12-18,SKU_1017,Coke Zero 300ml Regular,Coca Cola,Beverages,40.39,255,10299.45,10
2025-12-19,SKU_1017,Coke Zero 300ml Regular,Coca Cola,Beverages,39.18,221,8658.78,0
2025-12-20,SKU_1017,Coke Zero 300ml Regular,Coca Cola,Beverages,39.08,245,9574.6,5
2025-12-21,SKU_1017,Coke Zero 300ml Regular,Coca Cola,Beverages,41.81,240,10034.4,5
2025-12-22,SKU_1017,Coke Zero 300ml Regular,Coca Cola,Beverages,39.89,234,9334.26,5
2025-12-23,SKU_1017,Coke Zero 300ml Regular,Coca Cola,Beverages,41.76,216,9020.16,0
2025-12-24,SKU_1017,Coke Zero 300ml Regular,Coca Cola,Beverages,41.71,236,9843.56,10
2025-12-25,SKU_1017,Coke Zero 300ml Regular,Coca Cola,Beverages,42.68,234,9987.12,5
2025-12-26,SKU_1017,Coke Zero 300ml Regular,Coca Cola,Beverages,41.35,217,8972.95,0
2025-12-27,SKU_1017,Coke Zero 300ml Regular,Coca Cola,Beverages,40.45,237,9586.65,5
2025-12-28,SKU_1017,Coke Zero 300ml Regular,Coca Cola,Beverages,42.7,235,10034.5,10
2025-12-29,SKU_1017,Coke Zero 300ml Regular,Coca Cola,Beverages,38.26,261,9985.86,10
2025-12-30,SKU_1017,Coke Zero 300ml Regular,Coca Cola,Beverages,38.81,245,9508.45,10
2025-12-31,SKU_1017,Coke Zero 300ml Regular,Coca Cola,Beverages,38.94,222,8644.68,0
2026-01-01,SKU_1017,Coke Zero 300ml Regular,Coca Cola,Beverages,40.01,219,8762.19,0
2026-01-02,SKU_1017,Coke Zero 300ml Regular,Coca Cola,Beverages,43.11,212,9139.32,0
2026-01-03,SKU_1017,Coke Zero 300ml Regular,Coca Cola,Beverages,41.33,216,8927.28,0
2026-01-04,SKU_1017,Coke Zero 300ml Regular,Coca Cola,Beverages,38.78,222,8609.16,0
2026-01-05,SKU_1017,Coke Zero 300ml Regular,Coca Cola,Beverages,42.51,235,9989.85,5
2026-01-06,SKU_1017,Coke Zero 300ml Regular,Coca Cola,Beverages,41.17,249,10251.33,10
2026-01-07,SKU_1017,Coke Zero 300ml Regular,Coca Cola,Beverages,41.27,218,8996.86,0
2026-01-08,SKU_1017,Coke Zero 300ml Regular,Coca Cola,Beverages,42.09,216,9091.44,0
2026-01-09,SKU_1017,Coke Zero 300ml Regular,Coca Cola,Beverages,42.78,212,9069.36,0
2026-01-10,SKU_1017,Coke Zero 300ml Regular,Coca Cola,Beverages,42.43,215,9122.45,0
2026-01-11,SKU_1017,Coke Zero 300ml Regular,Coca Cola,Beverages,39.06,221,8632.26,0
2026-01-12,SKU_1017,Coke Zero 300ml Regular,Coca Cola,Beverages,39.6,259,10256.4,10
2026-01-13,SKU_1017,Coke Zero 300ml Regular,Coca Cola,Beverages,39.64,246,9751.44,5
2026-01-14,SKU_1017,Coke Zero 300ml Regular,Coca Cola,Beverages,39.76,220,8747.2,0
2026-01-15,SKU_1017,Coke Zero 300ml Regular,Coca Cola,Beverages,38.53,223,8592.19,0
2026-01-16,SKU_1017,Coke Zero 300ml Regular,Coca Cola,Beverages,38.85,244,9479.4,10
2026-01-17,SKU_1017,Coke Zero 300ml Regular,Coca Cola,Beverages,38.82,254,9860.28,5
2026-01-18,SKU_1017,Coke Zero 300ml Regular,Coca Cola,Beverages,43.11,212,9139.32,0
2026-01-19,SKU_1017,Coke Zero 300ml Regular,Coca Cola,Beverages,43.08,212,9132.96,0
2026-01-20,SKU_1017,Coke Zero 300ml Regular,Coca Cola,Beverages,42.73,215,9186.95,0
2026-01-21,SKU_1017,Coke Zero 300ml Regular,Coca Cola,Beverages,38.71,247,9561.37,5
2026-01-22,SKU_1017,Coke Zero 300ml Regular,Coca Cola,Beverages,38.89,221,8594.69,0
2026-01-23,SKU_1017,Coke Zero 300ml Regular,Coca Cola,Beverages,42.84,213,9124.92,0
2026-01-24,SKU_1017,Coke Zero 300ml Regular,Coca Cola,Beverages,40.33,259,10445.47,5
2026-01-25,SKU_1017,Coke Zero 300ml Regular,Coca Cola,Beverages,41.49,216,8961.84,0
2026-01-26,SKU_1017,Coke Zero 300ml Regular,Coca Cola,Beverages,43.14,211,9102.54,0
2026-01-27,SKU_1017,Coke Zero 300ml Regular,Coca Cola,Beverages,38.92,261,10158.12,5
2026-01-28,SKU_1017,Coke Zero 300ml Regular,Coca Cola,Beverages,38.78,223,8647.94,0
2026-01-29,SKU_1017,Coke Zero 300ml Regular,Coca Cola,Beverages,43.0,214,9202.0,0
2026-01-30,SKU_1017,Coke Zero 300ml Regular,Coca Cola,Beverages,39.84,230,9163.2,5
2026-01-31,SKU_1017,Coke Zero 300ml Regular,Coca Cola,Beverages,41.23,217,8946.91,0
2026-02-01,SKU_1017,Coke Zero 300ml Regular,Coca Cola,Beverages,39.9,238,9496.2,10
2026-02-02,SKU_1017,Coke Zero 300ml Regular,Coca Cola,Beverages,43.11,211,9096.21,0
2026-02-03,SKU_1017,Coke Zero 300ml Regular,Coca Cola,Beverages,40.55,218,8839.9,0
2026-02-04,SKU_1017,Coke Zero 300ml Regular,Coca Cola,Beverages,41.38,216,8938.08,0
2026-02-05,SKU_1017,Coke Zero 300ml Regular,Coca Cola,Beverages,40.33,219,8832.27,0
2026-02-06,SKU_1017,Coke Zero 300ml Regular,Coca Cola,Beverages,39.42,252,9933.84,5
2026-02-07,SKU_1017,Coke Zero 300ml Regular,Coca Cola,Beverages,38.42,223,8567.66,0
2026-02-08,SKU_1017,Coke Zero 300ml Regular,Coca Cola,Beverages,42.53,212,9016.36,0
2026-02-09,SKU_1017,Coke Zero 300ml Regular,Coca Cola,Beverages,41.82,233,9744.06,5
2026-02-10,SKU_1017,Coke Zero 300ml Regular,Coca Cola,Beverages,42.7,214,9137.8,0
2026-02-11,SKU_1017,Coke Zero 300ml Regular,Coca Cola,Beverages,41.62,236,9822.32,5
2026-02-12,SKU_1017,Coke Zero 300ml Regular,Coca Cola,Beverages,39.91,243,9698.13,5
2026-02-13,SKU_1017,Coke Zero 300ml Regular,Coca Cola,Beverages,41.68,217,9044.56,0
2026-02-14,SKU_1017,Coke Zero 300ml Regular,Coca Cola,Beverages,41.74,234,9767.16,5
2026-02-15,SKU_1017,Coke Zero 300ml Regular,Coca Cola,Beverages,39.39,221,8705.19,0
2026-02-16,SKU_1017,Coke Zero 300ml Regular,Coca Cola,Beverages,42.19,251,10589.69,10
2026-02-17,SKU_1017,Coke Zero 300ml Regular,Coca Cola,Beverages,38.59,223,8605.57,0
2026-02-18,SKU_1017,Coke Zero 300ml Regular,Coca Cola,Beverages,39.26,221,8676.46,0
2026-02-19,SKU_1017,Coke Zero 300ml Regular,Coca Cola,Beverages,38.8,223,8652.4,0
2026-02-20,SKU_1017,Coke Zero 300ml Regular,Coca Cola,Beverages,42.49,216,9177.84,0
2026-02-21,SKU_1017,Coke Zero 300ml Regular,Coca Cola,Beverages,41.83,228,9537.24,10
2026-02-22,SKU_1017,Coke Zero 300ml Regular,Coca Cola,Beverages,38.81,252,9780.12,5
2026-02-23,SKU_1017,Coke Zero 300ml Regular,Coca Cola,Beverages,42.54,213,9061.02,0
2026-02-24,SKU_1017,Coke Zero 300ml Regular,Coca Cola,Beverages,41.19,218,8979.42,0
2026-02-25,SKU_1017,Coke Zero 300ml Regular,Coca Cola,Beverages,39.04,222,8666.88,0
2026-02-26,SKU_1017,Coke Zero 300ml Regular,Coca Cola,Beverages,38.96,222,8649.12,0
2026-02-27,SKU_1017,Coke Zero 300ml Regular,Coca Cola,Beverages,38.02,225,8554.5,0
2026-02-28,SKU_1017,Coke Zero 300ml Regular,Coca Cola,Beverages,39.09,242,9459.78,5
2026-03-01,SKU_1017,Coke Zero 300ml Regular,Coca Cola,Beverages,41.25,217,8951.25,0
2026-03-02,SKU_1017,Coke Zero 300ml Regular,Coca Cola,Beverages,41.68,216,9002.88,0
2026-03-03,SKU_1017,Coke Zero 300ml Regular,Coca Cola,Beverages,40.44,255,10312.2,10
2026-03-04,SKU_1017,Coke Zero 300ml Regular,Coca Cola,Beverages,42.48,224,9515.52,10
2026-03-05,SKU_1017,Coke Zero 300ml Regular,Coca Cola,Beverages,38.41,224,8603.84,0
2026-03-06,SKU_1017,Coke Zero 300ml Regular,Coca Cola,Beverages,38.75,222,8602.5,0
2026-03-07,SKU_1017,Coke Zero 300ml Regular,Coca Cola,Beverages,41.64,215,8952.6,0
2026-03-08,SKU_1017,Coke Zero 300ml Regular,Coca Cola,Beverages,38.98,222,8653.56,0
2026-03-09,SKU_1017,Coke Zero 300ml Regular,Coca Cola,Beverages,38.84,241,9360.44,10
2026-03-10,SKU_1017,Coke Zero 300ml Regular,Coca Cola,Beverages,41.13,217,8925.21,0
2026-03-11,SKU_1017,Coke Zero 300ml Regular,Coca Cola,Beverages,39.13,221,8647.73,0
2026-03-12,SKU_1017,Coke Zero 300ml Regular,Coca Cola,Beverages,41.82,215,8991.3,0
2026-03-13,SKU_1017,Coke Zero 300ml Regular,Coca Cola,Beverages,39.46,220,8681.2,0
2026-03-14,SKU_1017,Coke Zero 300ml Regular,Coca Cola,Beverages,38.33,223,8547.59,0
2026-03-15,SKU_1017,Coke Zero 300ml Regular,Coca Cola,Beverages,41.22,216,8903.52,0
2026-03-16,SKU_1017,Coke Zero 300ml Regular,Coca Cola,Beverages,41.5,225,9337.5,5
2026-03-17,SKU_1017,Coke Zero 300ml Regular,Coca Cola,Beverages,43.08,212,9132.96,0
2026-03-18,SKU_1017,Coke Zero 300ml Regular,Coca Cola,Beverages,41.06,216,8868.96,0
2026-03-19,SKU_1017,Coke Zero 300ml Regular,Coca Cola,Beverages,41.63,216,8992.08,0
2026-03-20,SKU_1017,Coke Zero 300ml Regular,Coca Cola,Beverages,40.96,217,8888.32,0
2026-03-21,SKU_1017,Coke Zero 300ml Regular,Coca Cola,Beverages,40.34,240,9681.6,5
2026-03-22,SKU_1017,Coke Zero 300ml Regular,Coca Cola,Beverages,40.6,218,8850.8,0
2026-03-23,SKU_1017,Coke Zero 300ml Regular,Coca Cola,Beverages,40.84,217,8862.28,0
2026-03-24,SKU_1017,Coke Zero 300ml Regular,Coca Cola,Beverages,41.05,218,8948.9,0
2026-03-25,SKU_1017,Coke Zero 300ml Regular,Coca Cola,Beverages,40.13,219,8788.47,0
2026-03-26,SKU_1017,Coke Zero 300ml Regular,Coca Cola,Beverages,42.8,236,10100.8,5
2026-03-27,SKU_1017,Coke Zero 300ml Regular,Coca Cola,Beverages,42.52,214,9099.28,0
2026-03-28,SKU_1017,Coke Zero 300ml Regular,Coca Cola,Beverages,38.74,263,10188.62,5
2026-03-29,SKU_1017,Coke Zero 300ml Regular,Coca Cola,Beverages,38.13,223,8502.99,0
2026-03-30,SKU_1017,Coke Zero 300ml Regular,Coca Cola,Beverages,39.98,220,8795.6,0
2026-03-31,SKU_1017,Coke Zero 300ml Regular,Coca Cola,Beverages,40.08,219,8777.52,0
2026-04-01,SKU_1017,Coke Zero 300ml Regular,Coca Cola,Beverages,38.79,279,10822.41,0
2026-04-02,SKU_1017,Coke Zero 300ml Regular,Coca Cola,Beverages,38.49,278,10700.22,0
2026-04-03,SKU_1017,Coke Zero 300ml Regular,Coca Cola,Beverages,39.41,298,11744.18,5
2026-04-04,SKU_1017,Coke Zero 300ml Regular,Coca Cola,Beverages,38.82,297,11529.54,10
2026-04-05,SKU_1017,Coke Zero 300ml Regular,Coca Cola,Beverages,39.18,300,11754.0,5
2026-04-06,SKU_1017,Coke Zero 300ml Regular,Coca Cola,Beverages,40.26,305,12279.3,5
2026-04-07,SKU_1017,Coke Zero 300ml Regular,Coca Cola,Beverages,38.31,281,10765.11,0
2026-04-08,SKU_1017,Coke Zero 300ml Regular,Coca Cola,Beverages,42.96,284,12200.64,10
2026-04-09,SKU_1017,Coke Zero 300ml Regular,Coca Cola,Beverages,38.74,313,12125.62,5
2026-04-10,SKU_1017,Coke Zero 300ml Regular,Coca Cola,Beverages,39.13,277,10839.01,0
2026-04-11,SKU_1017,Coke Zero 300ml Regular,Coca Cola,Beverages,41.28,271,11186.88,0
2026-04-12,SKU_1017,Coke Zero 300ml Regular,Coca Cola,Beverages,41.56,270,11221.2,0
2026-04-13,SKU_1017,Coke Zero 300ml Regular,Coca Cola,Beverages,41.12,271,11143.52,0
2026-04-14,SKU_1017,Coke Zero 300ml Regular,Coca Cola,Beverages,41.77,269,11236.13,0
2026-04-15,SKU_1017,Coke Zero 300ml Regular,Coca Cola,Beverages,39.92,275,10978.0,0
2026-04-16,SKU_1017,Coke Zero 300ml Regular,Coca Cola,Beverages,38.09,279,10627.11,0
2026-04-17,SKU_1017,Coke Zero 300ml Regular,Coca Cola,Beverages,39.09,277,10827.93,0
2026-04-18,SKU_1017,Coke Zero 300ml Regular,Coca Cola,Beverages,42.73,300,12819.0,5
2026-04-19,SKU_1017,Coke Zero 300ml Regular,Coca Cola,Beverages,39.46,276,10890.96,0
2026-04-20,SKU_1017,Coke Zero 300ml Regular,Coca Cola,Beverages,41.63,269,11198.47,0
2026-04-21,SKU_1017,Coke Zero 300ml Regular,Coca Cola,Beverages,42.06,268,11272.08,0
2026-04-22,SKU_1017,Coke Zero 300ml Regular,Coca Cola,Beverages,41.68,269,11211.92,0
2026-04-23,SKU_1017,Coke Zero 300ml Regular,Coca Cola,Beverages,40.54,273,11067.42,0
2026-04-24,SKU_1017,Coke Zero 300ml Regular,Coca Cola,Beverages,39.63,310,12285.3,5
2026-04-25,SKU_1017,Coke Zero 300ml Regular,Coca Cola,Beverages,38.77,303,11747.31,10
2026-04-26,SKU_1017,Coke Zero 300ml Regular,Coca Cola,Beverages,40.41,273,11031.93,0
2026-04-27,SKU_1017,Coke Zero 300ml Regular,Coca Cola,Beverages,38.35,279,10699.65,0
2026-04-28,SKU_1017,Coke Zero 300ml Regular,Coca Cola,Beverages,42.11,269,11327.59,0
2026-04-29,SKU_1017,Coke Zero 300ml Regular,Coca Cola,Beverages,39.89,292,11647.88,5
2026-04-30,SKU_1017,Coke Zero 300ml Regular,Coca Cola,Beverages,39.16,276,10808.16,0
2026-05-01,SKU_1017,Coke Zero 300ml Regular,Coca Cola,Beverages,42.29,268,11333.72,0
2026-05-02,SKU_1017,Coke Zero 300ml Regular,Coca Cola,Beverages,42.08,287,12076.96,5
2026-05-03,SKU_1017,Coke Zero 300ml Regular,Coca Cola,Beverages,41.14,271,11148.94,0
2026-05-04,SKU_1017,Coke Zero 300ml Regular,Coca Cola,Beverages,42.98,266,11432.68,0
2026-05-05,SKU_1017,Coke Zero 300ml Regular,Coca Cola,Beverages,39.54,275,10873.5,0
2026-05-06,SKU_1017,Coke Zero 300ml Regular,Coca Cola,Beverages,40.72,272,11075.84,0
2026-05-07,SKU_1017,Coke Zero 300ml Regular,Coca Cola,Beverages,42.11,269,11327.59,0
2026-05-08,SKU_1017,Coke Zero 300ml Regular,Coca Cola,Beverages,39.55,276,10915.8,0
2026-05-09,SKU_1017,Coke Zero 300ml Regular,Coca Cola,Beverages,38.13,292,11133.96,5
2026-05-10,SKU_1017,Coke Zero 300ml Regular,Coca Cola,Beverages,39.92,275,10978.0,0
2026-05-11,SKU_1017,Coke Zero 300ml Regular,Coca Cola,Beverages,40.32,274,11047.68,0
2026-05-12,SKU_1017,Coke Zero 300ml Regular,Coca Cola,Beverages,41.09,271,11135.39,0
2026-05-13,SKU_1017,Coke Zero 300ml Regular,Coca Cola,Beverages,42.87,267,11446.29,0
2026-05-14,SKU_1017,Coke Zero 300ml Regular,Coca Cola,Beverages,41.67,270,11250.9,0
2026-05-15,SKU_1017,Coke Zero 300ml Regular,Coca Cola,Beverages,41.05,272,11165.6,0
2026-05-16,SKU_1017,Coke Zero 300ml Regular,Coca Cola,Beverages,38.64,304,11746.56,10
2026-05-17,SKU_1017,Coke Zero 300ml Regular,Coca Cola,Beverages,39.92,302,12055.84,5
2026-05-18,SKU_1017,Coke Zero 300ml Regular,Coca Cola,Beverages,38.13,280,10676.4,0
