datasets/sales.csv
date,product_id,product_name,brand,category,selling_price,units_sold,revenue,promotion_discount_pct
2025-11-20,SKU_1018,Coke Zero 300ml Value,Coca Cola,Beverages,48.07,252,12113.64,0
2025-11-21,SKU_1018,Coke Zero 300ml Value,Coca Cola,Beverages,49.62,260,12901.2,10
2025-11-22,SKU_1018,Coke Zero 300ml Value,Coca Cola,Beverages,51.11,247,12624.17,0
2025-11-23,SKU_1018,Coke Zero 300ml Value,Coca Cola,Beverages,48.7,250,12175.0,0
2025-11-24,SKU_1018,Coke Zero 300ml Value,Coca Cola,Beverages,46.55,256,11916.8,0
2025-11-25,SKU_1018,Coke Zero 300ml Value,Coca Cola,Beverages,46.17,257,11865.69,0
2025-11-26,SKU_1018,Coke Zero 300ml Value,Coca Cola,Beverages,47.71,253,12070.63,0
2025-11-27,SKU_1018,Coke Zero 300ml Value,Coca Cola,Beverages,48.67,274,13335.58,10
2025-11-28,SKU_1018,Coke Zero 300ml Value,Coca Cola,Beverages,49.6,249,12350.4,0
2025-11-29,SKU_1018,Coke Zero 300ml Value,Coca Cola,Beverages,49.02,251,12304.02,0
2025-11-30,SKU_1018,Coke Zero 300ml Value,Coca Cola,Beverages,48.4,252,12196.8,0
2025-12-01,SKU_1018,Coke Zero 300ml Value,Coca Cola,Beverages,47.02,231,10861.62,10
2025-12-02,SKU_1018,Coke Zero 300ml Value,Coca Cola,Beverages,45.93,225,10334.25,0
2025-12-03,SKU_1018,Coke Zero 300ml Value,Coca Cola,Beverages,48.59,219,10641.21,0
2025-12-04,SKU_1018,Coke Zero 300ml Value,Coca Cola,Beverages,51.53,209,10769.77,0
2025-12-05,SKU_1018,Coke Zero 300ml Value,Coca Cola,Beverages,48.72,228,11108.16,5
2025-12-06,SKU_1018,Coke Zero 300ml Value,Coca Cola,Beverages,48.78,218,10634.04,0
2025-12-07,SKU_1018,Coke Zero 300ml Value,Coca Cola,Beverages,49.78,227,11300.06,10
2025-12-08,SKU_1018,Coke Zero 300ml Value,Coca Cola,Beverages,45.85,225,10316.25,0
2025-12-09,SKU_1018,Coke Zero 300ml Value,Coca Cola,Beverages,47.03,222,10440.66,0
2025-12-10,SKU_1018,Coke Zero 300ml Value,Coca Cola,Beverages,49.98,215,10745.7,0
2025-12-11,SKU_1018,Coke Zero 300ml Value,Coca Cola,Beverages,48.78,233,11365.74,5
2025-12-12,SKU_1018,Coke Zero 300ml Value,Coca Cola,Beverages,46.55,241,11218.55,10
2025-12-13,SKU_1018,Coke Zero 300ml Value,Coca Cola,Beverages,47.26,236,11153.36,5
2025-12-14,SKU_1018,Coke Zero 300ml Value,Coca Cola,Beverages,50.81,212,10771.72,0
2025-12-15,SKU_1018,Coke Zero 300ml Value,Coca Cola,Beverages,47.69,220,10491.8,0
2025-12-16,SKU_1018,Coke Zero 300ml Value,Coca Cola,Beverages,48.05,229,11003.45,5
2025-12-17,SKU_1018,Coke Zero 300ml Value,Coca Cola,Beverages,48.38,252,12191.76,10
2025-12-18,SKU_1018,Coke Zero 300ml Value,Coca Cola,Beverages,48.13,219,10540.47,0
2025-12-19,SKU_1018,Coke Zero 300ml Value,Coca Cola,Beverages,48.02,219,10516.38,0
2025-12-20,SKU_1018,Coke Zero 300ml Value,Coca Cola,Beverages,46.85,222,10400.7,0
2025-12-21,SKU_1018,Coke Zero 300ml Value,Coca Cola,Beverages,50.8,248,12598.4,10
2025-12-22,SKU_1018,Coke Zero 300ml Value,Coca Cola,Beverages,47.49,221,10495.29,0
2025-12-23,SKU_1018,Coke Zero 300ml Value,Coca Cola,Beverages,49.14,216,10614.24,0
2025-12-24,SKU_1018,Coke Zero 300ml Value,Coca Cola,Beverages,46.95,221,10375.95,0
2025-12-25,SKU_1018,Coke Zero 300ml Value,Coca Cola,Beverages,46.95,221,10375.95,0
2025-12-26,SKU_1018,Coke Zero 300ml Value,Coca Cola,Beverages,46.89,256,12003.84,5
2025-12-27,SKU_1018,Coke Zero 300ml Value,Coca Cola,Beverages,47.64,255,12148.2,10
2025-12-28,SKU_1018,Coke Zero 300ml Value,Coca Cola,Beverages,46.63,252,11750.76,10
2025-12-29,SKU_1018,Coke Zero 300ml Value,Coca Cola,Beverages,47.38,221,10470.98,0
2025-12-30,SKU_1018,Coke Zero 300ml Value,Coca Cola,Beverages,46.08,223,10275.84,0
2025-12-31,SKU_1018,Coke Zero 300ml Value,Coca Cola,Beverages,50.92,212,10795.04,0
2026-01-01,SKU_1018,Coke Zero 300ml Value,Coca Cola,Beverages,51.51,209,10765.59,0
2026-01-02,SKU_1018,Coke Zero 300ml Value,Coca Cola,Beverages,48.38,219,10595.22,0
2026-01-03,SKU_1018,Coke Zero 300ml Value,Coca Cola,Beverages,46.21,223,10304.83,0
2026-01-04,SKU_1018,Coke Zero 300ml Value,Coca Cola,Beverages,51.66,210,10848.6,0
2026-01-05,SKU_1018,Coke Zero 300ml Value,Coca Cola,Beverages,46.07,224,10319.68,0
2026-01-06,SKU_1018,Coke Zero 300ml Value,Coca Cola,Beverages,47.46,220,10441.2,0
2026-01-07,SKU_1018,Coke Zero 300ml Value,Coca Cola,Beverages,47.48,220,10445.6,0
2026-01-08,SKU_1018,Coke Zero 300ml Value,Coca Cola,Beverages,46.35,224,10382.4,0
2026-01-09,SKU_1018,Coke Zero 300ml Value,Coca Cola,Beverages,51.09,211,10779.99,0
2026-01-10,SKU_1018,Coke Zero 300ml Value,Coca Cola,Beverages,45.69,223,10188.87,0
2026-01-11,SKU_1018,Coke Zero 300ml Value,Coca Cola,Beverages,48.44,236,11431.84,10
2026-01-12,SKU_1018,Coke Zero 300ml Value,Coca Cola,Beverages,47.29,233,11018.57,5
2026-01-13,SKU_1018,Coke Zero 300ml Value,Coca Cola,Beverages,50.16,216,10834.56,0
2026-01-14,SKU_1018,Coke Zero 300ml Value,Coca Cola,Beverages,48.08,219,10529.52,0
2026-01-15,SKU_1018,Coke Zero 300ml Value,Coca Cola,Beverages,48.7,233,11347.1,5
2026-01-16,SKU_1018,Coke Zero 300ml Value,Coca Cola,Beverages,51.67,211,10902.37,0
2026-01-17,SKU_1018,Coke Zero 300ml Value,Coca Cola,Beverages,49.7,215,10685.5,0
2026-01-18,SKU_1018,Coke Zero 300ml Value,Coca Cola,Beverages,50.03,214,10706.42,0
2026-01-19,SKU_1018,Coke Zero 300ml Value,Coca Cola,Beverages,50.6,216,10929.6,0
2026-01-20,SKU_1018,Coke Zero 300ml Value,Coca Cola,Beverages,51.61,248,12799.28,5
2026-01-21,SKU_1018,Coke Zero 300ml Value,Coca Cola,Beverages,45.61,261,11904.21,10
2026-01-22,SKU_1018,Coke Zero 300ml Value,Coca Cola,Beverages,50.95,248,12635.6,5
2026-01-23,SKU_1018,Coke Zero 300ml Value,Coca Cola,Beverages,47.04,222,10442.88,0
2026-01-24,SKU_1018,Coke Zero 300ml Value,Coca Cola,Beverages,47.39,220,10425.8,0
2026-01-25,SKU_1018,Coke Zero 300ml Value,Coca Cola,Beverages,48.45,219,10610.55,0
2026-01-26,SKU_1018,Coke Zero 300ml Value,Coca Cola,Beverages,47.93,247,11838.71,10
2026-01-27,SKU_1018,Coke Zero 300ml Value,Coca Cola,Beverages,46.51,223,10371.73,0
2026-01-28,SKU_1018,Coke Zero 300ml Value,Coca Cola,Beverages,48.14,219,10542.66,0
2026-01-29,SKU_1018,Coke Zero 300ml Value,Coca Cola,Beverages,48.52,218,10577.36,0
2026-01-30,SKU_1018,Coke Zero 300ml Value,Coca Cola,Beverages,46.52,254,11816.08,5
2026-01-31,SKU_1018,Coke Zero 300ml Value,Coca Cola,Beverages,48.98,230,11265.4,5
2026-02-01,SKU_1018,Coke Zero 300ml Value,Coca Cola,Beverages,49.36,216,10661.76,0
2026-02-02,SKU_1018,Coke Zero 300ml Value,Coca Cola,Beverages,51.37,245,12585.65,5
2026-02-03,SKU_1018,Coke Zero 300ml Value,Coca Cola,Beverages,48.96,217,10624.32,0
2026-02-04,SKU_1018,Coke Zero 300ml Value,Coca Cola,Beverages,47.74,220,10502.8,0
2026-02-05,SKU_1018,Coke Zero 300ml Value,Coca Cola,Beverages,49.34,216,10657.44,0
2026-02-06,SKU_1018,Coke Zero 300ml Value,Coca Cola,Beverages,50.91,213,10843.83,0
2026-02-07,SKU_1018,Coke Zero 300ml Value,Coca Cola,Beverages,50.75,252,12789.0,5
2026-02-08,SKU_1018,Coke Zero 300ml Value,Coca Cola,Beverages,46.3,223,10324.9,0
2026-02-09,SKU_1018,Coke Zero 300ml Value,Coca Cola,Beverages,48.84,218,10647.12,0
2026-02-10,SKU_1018,Coke Zero 300ml Value,Coca Cola,Beverages,51.43,211,10851.73,0
2026-02-11,SKU_1018,Coke Zero 300ml Value,Coca Cola,Beverages,50.22,214,10747.08,0
2026-02-12,SKU_1018,Coke Zero 300ml Value,Coca Cola,Beverages,48.65,218,10605.7,0
2026-02-13,SKU_1018,Coke Zero 300ml Value,Coca Cola,Beverages,49.02,234,11470.68,5
2026-02-14,SKU_1018,Coke Zero 300ml Value,Coca Cola,Beverages,49.2,216,10627.2,0
2026-02-15,SKU_1018,Coke Zero 300ml Value,Coca Cola,Beverages,47.01,222,10436.22,0
2026-02-16,SKU_1018,Coke Zero 300ml Value,Coca Cola,Beverages,50.81,212,10771.72,0
2026-02-17,SKU_1018,Coke Zero 300ml Value,Coca Cola,Beverages,50.07,249,12467.43,10
2026-02-18,SKU_1018,Coke Zero 300ml Value,Coca Cola,Beverages,46.27,222,10271.94,0
2026-02-19,SKU_1018,Coke Zero 300ml Value,Coca Cola,Beverages,49.94,235,11735.9,5
2026-02-20,SKU_1018,Coke Zero 300ml Value,Coca Cola,Beverages,50.75,213,10809.75,0
2026-02-21,SKU_1018,Coke Zero 300ml Value,Coca Cola,Beverages,51.54,213,10978.02,0
2026-02-22,SKU_1018,Coke Zero 300ml Value,Coca Cola,Beverages,45.79,223,10211.17,0
2026-02-23,SKU_1018,Coke Zero 300ml Value,Coca Cola,Beverages,50.76,213,10811.88,0
2026-02-24,SKU_1018,Coke Zero 300ml Value,Coca Cola,Beverages,47.18,262,12361.16,5
2026-02-25,SKU_1018,Coke Zero 300ml Value,Coca Cola,Beverages,47.83,239,11431.37,10
2026-02-26,SKU_1018,Coke Zero 300ml Value,Coca Cola,Beverages,47.74,220,10502.8,0
2026-02-27,SKU_1018,Coke Zero 300ml Value,Coca Cola,Beverages,48.27,249,12019.23,5
2026-02-28,SKU_1018,Coke Zero 300ml Value,Coca Cola,Beverages,49.44,228,11272.32,5
2026-03-01,SKU_1018,Coke Zero 300ml Value,Coca Cola,Beverages,48.72,218,10620.96,0
2026-03-02,SKU_1018,Coke Zero 300ml Value,Coca Cola,Beverages,49.97,248,12392.56,5
2026-03-03,SKU_1018,Coke Zero 300ml Value,Coca Cola,Beverages,48.96,247,12093.12,10
2026-03-04,SKU_1018,Coke Zero 300ml Value,Coca Cola,Beverages,51.1,220,11242.0,5
2026-03-05,SKU_1018,Coke Zero 300ml Value,Coca Cola,Beverages,47.97,220,10553.4,0
2026-03-06,SKU_1018,Coke Zero 300ml Value,Coca Cola,Beverages,48.56,218,10586.08,0
2026-03-07,SKU_1018,Coke Zero 300ml Value,Coca Cola,Beverages,47.13,222,10462.86,0
2026-03-08,SKU_1018,Coke Zero 300ml Value,Coca Cola,Beverages,48.44,218,10559.92,0
2026-03-09,SKU_1018,Coke Zero 300ml Value,Coca Cola,Beverages,49.37,216,10663.92,0
2026-03-10,SKU_1018,Coke Zero 300ml Value,Coca Cola,Beverages,47.53,237,11264.61,5
2026-03-11,SKU_1018,Coke Zero 300ml Value,Coca Cola,Beverages,49.43,217,10726.31,0
2026-03-12,SKU_1018,Coke Zero 300ml Value,Coca Cola,Beverages,49.3,216,10648.8,0
2026-03-13,SKU_1018,Coke Zero 300ml Value,Coca Cola,Beverages,51.44,227,11676.88,10
2026-03-14,SKU_1018,Coke Zero 300ml Value,Coca Cola,Beverages,48.49,253,12267.97,5
2026-03-15,SKU_1018,Coke Zero 300ml Value,Coca Cola,Beverages,51.37,211,10839.07,0
2026-03-16,SKU_1018,Coke Zero 300ml Value,Coca Cola,Beverages,47.18,246,11606.28,10
2026-03-17,SKU_1018,Coke Zero 300ml Value,Coca Cola,Beverages,46.69,222,10365.18,0
2026-03-18,SKU_1018,Coke Zero 300ml Value,Coca Cola,Beverages,45.85,238,10912.3,5
2026-03-19,SKU_1018,Coke Zero 300ml Value,Coca Cola,Beverages,49.89,214,10676.46,0
2026-03-20,SKU_1018,Coke Zero 300ml Value,Coca Cola,Beverages,46.84,222,10398.48,0
2026-03-21,SKU_1018,Coke Zero 300ml Value,Coca Cola,Beverages,48.02,219,10516.38,0
2026-03-22,SKU_1018,Coke Zero 300ml Value,Coca Cola,Beverages,50.42,216,10890.72,0
2026-03-23,SKU_1018,Coke Zero 300ml Value,Coca Cola,Beverages,46.99,259,12170.41,10
2026-03-24,SKU_1018,Coke Zero 300ml Value,Coca Cola,Beverages,48.68,218,10612.24,0
2026-03-25,SKU_1018,Coke Zero 300ml Value,Coca Cola,Beverages,46.23,251,11603.73,10
2026-03-26,SKU_1018,Coke Zero 300ml Value,Coca Cola,Beverages,45.75,235,10751.25,5
2026-03-27,SKU_1018,Coke Zero 300ml Value,Coca Cola,Beverages,50.02,214,10704.28,0
2026-03-28,SKU_1018,Coke Zero 300ml Value,Coca Cola,Beverages,49.56,228,11299.68,5
2026-03-29,SKU_1018,Coke Zero 300ml Value,Coca Cola,Beverages,47.34,233,11030.22,5
2026-03-30,SKU_1018,Coke Zero 300ml Value,Coca Cola,Beverages,46.01,223,10260.23,0
2026-03-31,SKU_1018,Coke Zero 300ml Value,Coca Cola,Beverages,48.56,218,10586.08,0
2026-04-01,SKU_1018,Coke Zero 300ml Value,Coca Cola,Beverages,51.26,263,13481.38,0
2026-04-02,SKU_1018,Coke Zero 300ml Value,Coca Cola,Beverages,45.75,279,12764.25,0
2026-04-03,SKU_1018,Coke Zero 300ml Value,Coca Cola,Beverages,49.75,291,14477.25,10
2026-04-04,SKU_1018,Coke Zero 300ml Value,Coca Cola,Beverages,49.08,272,13349.76,0
2026-04-05,SKU_1018,Coke Zero 300ml Value,Coca Cola,Beverages,49.23,272,13390.56,0
2026-04-06,SKU_1018,Coke Zero 300ml Value,Coca Cola,Beverages,47.05,277,13032.85,0
2026-04-07,SKU_1018,Coke Zero 300ml Value,Coca Cola,Beverages,50.26,269,13519.94,0
2026-04-08,SKU_1018,Coke Zero 300ml Value,Coca Cola,Beverages,45.97,281,12917.57,0
2026-04-09,SKU_1018,Coke Zero 300ml Value,Coca Cola,Beverages,48.87,282,13781.34,10
2026-04-10,SKU_1018,Coke Zero 300ml Value,Coca Cola,Beverages,47.49,276,13107.24,0
2026-04-11,SKU_1018,Coke Zero 300ml Value,Coca Cola,Beverages,51.35,263,13505.05,0
2026-04-12,SKU_1018,Coke Zero 300ml Value,Coca Cola,Beverages,46.78,294,13753.32,5
2026-04-13,SKU_1018,Coke Zero 300ml Value,Coca Cola,Beverages,46.22,316,14605.52,10
2026-04-14,SKU_1018,Coke Zero 300ml Value,Coca Cola,Beverages,50.62,269,13616.78,0
2026-04-15,SKU_1018,Coke Zero 300ml Value,Coca Cola,Beverages,50.95,268,13654.6,0
2026-04-16,SKU_1018,Coke Zero 300ml Value,Coca Cola,Beverages,48.58,272,13213.76,0
2026-04-17,SKU_1018,Coke Zero 300ml Value,Coca Cola,Beverages,49.13,308,15132.04,5
2026-04-18,SKU_1018,Coke Zero 300ml Value,Coca Cola,Beverages,49.5,269,13315.5,0
2026-04-19,SKU_1018,Coke Zero 300ml Value,Coca Cola,Beverages,48.14,274,13190.36,0
2026-04-20,SKU_1018,Coke Zero 300ml Value,Coca Cola,Beverages,51.03,264,13471.92,0
2026-04-21,SKU_1018,Coke Zero 300ml Value,Coca Cola,Beverages,46.8,278,13010.4,0
2026-04-22,SKU_1018,Coke Zero 300ml Value,Coca Cola,Beverages,48.04,274,13162.96,0
2026-04-23,SKU_1018,Coke Zero 300ml Value,Coca Cola,Beverages,50.27,310,15583.7,10
2026-04-24,SKU_1018,Coke Zero 300ml Value,Coca Cola,Beverages,50.53,266,13440.98,0
2026-04-25,SKU_1018,Coke Zero 300ml Value,Coca Cola,Beverages,47.11,311,14651.21,5
2026-04-26,SKU_1018,Coke Zero 300ml Value,Coca Cola,Beverages,46.07,292,13452.44,5
2026-04-27,SKU_1018,Coke Zero 300ml Value,Coca Cola,Beverages,49.1,271,13306.1,0
2026-04-28,SKU_1018,Coke Zero 300ml Value,Coca Cola,Beverages,50.42,270,13613.4,0
2026-04-29,SKU_1018,Coke Zero 300ml Value,Coca Cola,Beverages,48.05,274,13165.7,0
2026-04-30,SKU_1018,Coke Zero 300ml Value,Coca Cola,Beverages,47.49,276,13107.24,0
2026-05-01,SKU_1018,Coke Zero 300ml Value,Coca Cola,Beverages,51.34,289,14837.26,5
2026-05-02,SKU_1018,Coke Zero 300ml Value,Coca Cola,Beverages,48.64,304,14786.56,10
2026-05-03,SKU_1018,Coke Zero 300ml Value,Coca Cola,Beverages,49.1,302,14828.2,10
2026-05-04,SKU_1018,Coke Zero 300ml Value,Coca Cola,Beverages,50.5,269,13584.5,0
2026-05-05,SKU_1018,Coke Zero 300ml Value,Coca Cola,Beverages,46.17,280,12927.6,0
2026-05-06,SKU_1018,Coke Zero 300ml Value,Coca Cola,Beverages,48.92,272,13306.24,0
2026-05-07,SKU_1018,Coke Zero 300ml Value,Coca Cola,Beverages,47.17,276,13018.92,0
2026-05-08,SKU_1018,Coke Zero 300ml Value,Coca Cola,Beverages,51.06,265,13530.9,0
2026-05-09,SKU_1018,Coke Zero 300ml Value,Coca Cola,Beverages,47.55,276,13123.8,0
2026-05-10,SKU_1018,Coke Zero 300ml Value,Coca Cola,Beverages,49.13,272,13363.36,0
2026-05-11,SKU_1018,Coke Zero 300ml Value,Coca Cola,Beverages,46.8,296,13852.8,5
2026-05-12,SKU_1018,Coke Zero 300ml Value,Coca Cola,Beverages,47.25,277,13088.25,0
2026-05-13,SKU_1018,Coke Zero 300ml Value,Coca Cola,Beverages,50.39,266,13403.74,0
2026-05-14,SKU_1018,Coke Zero 300ml Value,Coca Cola,Beverages,50.61,266,13462.26,0
2026-05-15,SKU_1018,Coke Zero 300ml Value,Coca Cola,Beverages,49.89,297,14817.33,10
2026-05-16,SKU_1018,Coke Zero 300ml Value,Coca Cola,Beverages,47.6,302,14375.2,10
2026-05-17,SKU_1018,Coke Zero 300ml Value,Coca Cola,Beverages,46.68,279,13023.72,0
2026-05-18,SKU_1018,Coke Zero 300ml Value,Coca Cola,Beverages,49.58,271,13436.18,0
