datasets/sales.csv
date,product_id,product_name,brand,category,selling_price,units_sold,revenue,promotion_discount_pct
2025-11-20,SKU_1019,Coke Zero 300ml Family,Coca Cola,Beverages,58.43,278,16243.54,5
2025-11-21,SKU_1019,Coke Zero 300ml Family,Coca Cola,Beverages,58.92,255,15024.6,0
2025-11-22,SKU_1019,Coke Zero 300ml Family,Coca Cola,Beverages,64.27,242,15553.34,0
2025-11-23,SKU_1019,Coke Zero 300ml Family,Coca Cola,Beverages,58.14,258,15000.12,0
2025-11-24,SKU_1019,Coke Zero 300ml Family,Coca Cola,Beverages,57.97,279,16173.63,10
2025-11-25,SKU_1019,Coke Zero 300ml Family,Coca Cola,Beverages,57.03,259,14770.77,0
2025-11-26,SKU_1019,Coke Zero 300ml Family,Coca Cola,Beverages,64.24,270,17344.8,10
2025-11-27,SKU_1019,Coke Zero 300ml Family,Coca Cola,Beverages,63.41,260,16486.6,5
2025-11-28,SKU_1019,Coke Zero 300ml Family,Coca Cola,Beverages,59.07,285,16834.95,5
2025-11-29,SKU_1019,Coke Zero 300ml Family,Coca Cola,Beverages,57.84,258,14922.72,0
2025-11-30,SKU_1019,Coke Zero 300ml Family,Coca Cola,Beverages,57.93,257,14888.01,0
2025-12-01,SKU_1019,Coke Zero 300ml Family,Coca Cola,Beverages,62.93,211,13278.23,0
2025-12-02,SKU_1019,Coke Zero 300ml Family,Coca Cola,Beverages,63.61,240,15266.4,10
2025-12-03,SKU_1019,Coke Zero 300ml Family,Coca Cola,Beverages,59.09,238,14063.42,5
2025-12-04,SKU_1019,Coke Zero 300ml Family,Coca Cola,Beverages,57.31,226,12952.06,0
2025-12-05,SKU_1019,Coke Zero 300ml Family,Coca Cola,Beverages,57.08,258,14726.64,10
2025-12-06,SKU_1019,Coke Zero 300ml Family,Coca Cola,Beverages,59.16,221,13074.36,0
2025-12-07,SKU_1019,Coke Zero 300ml Family,Coca Cola,Beverages,58.72,223,13094.56,0
2025-12-08,SKU_1019,Coke Zero 300ml Family,Coca Cola,Beverages,64.24,211,13554.64,0
2025-12-09,SKU_1019,Coke Zero 300ml Family,Coca Cola,Beverages,58.18,224,13032.32,0
2025-12-10,SKU_1019,Coke Zero 300ml Family,Coca Cola,Beverages,62.95,230,14478.5,5
2025-12-11,SKU_1019,Coke Zero 300ml Family,Coca Cola,Beverages,61.23,218,13348.14,0
2025-12-12,SKU_1019,Coke Zero 300ml Family,Coca Cola,Beverages,57.71,225,12984.75,0
2025-12-13,SKU_1019,Coke Zero 300ml Family,Coca Cola,Beverages,63.31,214,13548.34,0
2025-12-14,SKU_1019,Coke Zero 300ml Family,Coca Cola,Beverages,63.59,242,15388.78,5
2025-12-15,SKU_1019,Coke Zero 300ml Family,Coca Cola,Beverages,58.29,223,12998.67,0
2025-12-16,SKU_1019,Coke Zero 300ml Family,Coca Cola,Beverages,59.18,221,13078.78,0
2025-12-17,SKU_1019,Coke Zero 300ml Family,Coca Cola,Beverages,60.39,242,14614.38,5
2025-12-18,SKU_1019,Coke Zero 300ml Family,Coca Cola,Beverages,58.66,222,13022.52,0
2025-12-19,SKU_1019,Coke Zero 300ml Family,Coca Cola,Beverages,60.19,219,13181.61,0
2025-12-20,SKU_1019,Coke Zero 300ml Family,Coca Cola,Beverages,62.77,248,15566.96,10
2025-12-21,SKU_1019,Coke Zero 300ml Family,Coca Cola,Beverages,59.97,220,13193.4,0
2025-12-22,SKU_1019,Coke Zero 300ml Family,Coca Cola,Beverages,58.6,258,15118.8,5
2025-12-23,SKU_1019,Coke Zero 300ml Family,Coca Cola,Beverages,63.83,212,13531.96,0
2025-12-24,SKU_1019,Coke Zero 300ml Family,Coca Cola,Beverages,60.89,246,14978.94,5
2025-12-25,SKU_1019,Coke Zero 300ml Family,Coca Cola,Beverages,58.6,222,13009.2,0
2025-12-26,SKU_1019,Coke Zero 300ml Family,Coca Cola,Beverages,61.69,230,14188.7,5
2025-12-27,SKU_1019,Coke Zero 300ml Family,Coca Cola,Beverages,63.15,214,13514.1,0
2025-12-28,SKU_1019,Coke Zero 300ml Family,Coca Cola,Beverages,59.76,220,13147.2,0
2025-12-29,SKU_1019,Coke Zero 300ml Family,Coca Cola,Beverages,64.01,251,16066.51,5
2025-12-30,SKU_1019,Coke Zero 300ml Family,Coca Cola,Beverages,57.19,228,13039.32,0
2025-12-31,SKU_1019,Coke Zero 300ml Family,Coca Cola,Beverages,62.03,216,13398.48,0
2026-01-01,SKU_1019,Coke Zero 300ml Family,Coca Cola,Beverages,60.03,229,13746.87,5
2026-01-02,SKU_1019,Coke Zero 300ml Family,Coca Cola,Beverages,60.83,229,13930.07,5
2026-01-03,SKU_1019,Coke Zero 300ml Family,Coca Cola,Beverages,60.41,219,13229.79,0
2026-01-04,SKU_1019,Coke Zero 300ml Family,Coca Cola,Beverages,59.86,235,14067.1,5
2026-01-05,SKU_1019,Coke Zero 300ml Family,Coca Cola,Beverages,58.31,253,14752.43,10
2026-01-06,SKU_1019,Coke Zero 300ml Family,Coca Cola,Beverages,61.14,217,13267.38,0
2026-01-07,SKU_1019,Coke Zero 300ml Family,Coca Cola,Beverages,64.64,210,13574.4,0
2026-01-08,SKU_1019,Coke Zero 300ml Family,Coca Cola,Beverages,57.7,226,13040.2,0
2026-01-09,SKU_1019,Coke Zero 300ml Family,Coca Cola,Beverages,61.8,215,13287.0,0
2026-01-10,SKU_1019,Coke Zero 300ml Family,Coca Cola,Beverages,57.62,240,13828.8,5
2026-01-11,SKU_1019,Coke Zero 300ml Family,Coca Cola,Beverages,59.29,221,13103.09,0
2026-01-12,SKU_1019,Coke Zero 300ml Family,Coca Cola,Beverages,63.79,232,14799.28,5
2026-01-13,SKU_1019,Coke Zero 300ml Family,Coca Cola,Beverages,58.3,222,12942.6,0
2026-01-14,SKU_1019,Coke Zero 300ml Family,Coca Cola,Beverages,61.84,215,13295.6,0
2026-01-15,SKU_1019,Coke Zero 300ml Family,Coca Cola,Beverages,59.25,259,15345.75,5
2026-01-16,SKU_1019,Coke Zero 300ml Family,Coca Cola,Beverages,58.31,222,12944.82,0
2026-01-17,SKU_1019,Coke Zero 300ml Family,Coca Cola,Beverages,61.7,217,13388.9,0
2026-01-18,SKU_1019,Coke Zero 300ml Family,Coca Cola,Beverages,59.1,235,13888.5,10
2026-01-19,SKU_1019,Coke Zero 300ml Family,Coca Cola,Beverages,63.08,212,13372.96,0
2026-01-20,SKU_1019,Coke Zero 300ml Family,Coca Cola,Beverages,62.64,215,13467.6,0
2026-01-21,SKU_1019,Coke Zero 300ml Family,Coca Cola,Beverages,58.92,221,13021.32,0
2026-01-22,SKU_1019,Coke Zero 300ml Family,Coca Cola,Beverages,62.98,213,13414.74,0
2026-01-23,SKU_1019,Coke Zero 300ml Family,Coca Cola,Beverages,60.91,231,14070.21,5
2026-01-24,SKU_1019,Coke Zero 300ml Family,Coca Cola,Beverages,58.3,223,13000.9,0
2026-01-25,SKU_1019,Coke Zero 300ml Family,Coca Cola,Beverages,58.89,222,13073.58,0
2026-01-26,SKU_1019,Coke Zero 300ml Family,Coca Cola,Beverages,61.48,217,13341.16,0
2026-01-27,SKU_1019,Coke Zero 300ml Family,Coca Cola,Beverages,60.55,218,13199.9,0
2026-01-28,SKU_1019,Coke Zero 300ml Family,Coca Cola,Beverages,58.26,224,13050.24,0
2026-01-29,SKU_1019,Coke Zero 300ml Family,Coca Cola,Beverages,57.52,225,12942.0,0
2026-01-30,SKU_1019,Coke Zero 300ml Family,Coca Cola,Beverages,59.24,252,14928.48,5
2026-01-31,SKU_1019,Coke Zero 300ml Family,Coca Cola,Beverages,62.88,251,15782.88,5
2026-02-01,SKU_1019,Coke Zero 300ml Family,Coca Cola,Beverages,61.1,237,14480.7,10
2026-02-02,SKU_1019,Coke Zero 300ml Family,Coca Cola,Beverages,63.13,246,15529.98,5
2026-02-03,SKU_1019,Coke Zero 300ml Family,Coca Cola,Beverages,58.96,223,13148.08,0
2026-02-04,SKU_1019,Coke Zero 300ml Family,Coca Cola,Beverages,60.92,217,13219.64,0
2026-02-05,SKU_1019,Coke Zero 300ml Family,Coca Cola,Beverages,58.61,223,13070.03,0
2026-02-06,SKU_1019,Coke Zero 300ml Family,Coca Cola,Beverages,63.57,236,15002.52,5
2026-02-07,SKU_1019,Coke Zero 300ml Family,Coca Cola,Beverages,59.93,220,13184.6,0
2026-02-08,SKU_1019,Coke Zero 300ml Family,Coca Cola,Beverages,60.8,217,13193.6,0
2026-02-09,SKU_1019,Coke Zero 300ml Family,Coca Cola,Beverages,60.4,219,13227.6,0
2026-02-10,SKU_1019,Coke Zero 300ml Family,Coca Cola,Beverages,60.51,218,13191.18,0
2026-02-11,SKU_1019,Coke Zero 300ml Family,Coca Cola,Beverages,62.06,215,13342.9,0
2026-02-12,SKU_1019,Coke Zero 300ml Family,Coca Cola,Beverages,58.11,243,14120.73,5
2026-02-13,SKU_1019,Coke Zero 300ml Family,Coca Cola,Beverages,60.8,239,14531.2,5
2026-02-14,SKU_1019,Coke Zero 300ml Family,Coca Cola,Beverages,63.88,251,16033.88,5
2026-02-15,SKU_1019,Coke Zero 300ml Family,Coca Cola,Beverages,57.4,227,13029.8,0
2026-02-16,SKU_1019,Coke Zero 300ml Family,Coca Cola,Beverages,59.3,260,15418.0,5
2026-02-17,SKU_1019,Coke Zero 300ml Family,Coca Cola,Beverages,60.02,231,13864.62,5
2026-02-18,SKU_1019,Coke Zero 300ml Family,Coca Cola,Beverages,61.67,243,14985.81,10
2026-02-19,SKU_1019,Coke Zero 300ml Family,Coca Cola,Beverages,60.72,229,13904.88,5
2026-02-20,SKU_1019,Coke Zero 300ml Family,Coca Cola,Beverages,59.75,235,14041.25,10
2026-02-21,SKU_1019,Coke Zero 300ml Family,Coca Cola,Beverages,57.09,242,13815.78,10
2026-02-22,SKU_1019,Coke Zero 300ml Family,Coca Cola,Beverages,57.47,246,14137.62,10
2026-02-23,SKU_1019,Coke Zero 300ml Family,Coca Cola,Beverages,57.19,249,14240.31,10
2026-02-24,SKU_1019,Coke Zero 300ml Family,Coca Cola,Beverages,59.71,220,13136.2,0
2026-02-25,SKU_1019,Coke Zero 300ml Family,Coca Cola,Beverages,57.4,225,12915.0,0
2026-02-26,SKU_1019,Coke Zero 300ml Family,Coca Cola,Beverages,63.89,243,15525.27,5
2026-02-27,SKU_1019,Coke Zero 300ml Family,Coca Cola,Beverages,61.01,250,15252.5,10
2026-02-28,SKU_1019,Coke Zero 300ml Family,Coca Cola,Beverages,62.84,213,13384.92,0
2026-03-01,SKU_1019,Coke Zero 300ml Family,Coca Cola,Beverages,64.28,244,15684.32,5
2026-03-02,SKU_1019,Coke Zero 300ml Family,Coca Cola,Beverages,62.64,214,13404.96,0
2026-03-03,SKU_1019,Coke Zero 300ml Family,Coca Cola,Beverages,62.94,236,14853.84,10
2026-03-04,SKU_1019,Coke Zero 300ml Family,Coca Cola,Beverages,59.15,221,13072.15,0
2026-03-05,SKU_1019,Coke Zero 300ml Family,Coca Cola,Beverages,59.36,221,13118.56,0
2026-03-06,SKU_1019,Coke Zero 300ml Family,Coca Cola,Beverages,60.26,219,13196.94,0
2026-03-07,SKU_1019,Coke Zero 300ml Family,Coca Cola,Beverages,60.33,219,13212.27,0
2026-03-08,SKU_1019,Coke Zero 300ml Family,Coca Cola,Beverages,57.0,224,12768.0,0
2026-03-09,SKU_1019,Coke Zero 300ml Family,Coca Cola,Beverages,59.07,222,13113.54,0
2026-03-10,SKU_1019,Coke Zero 300ml Family,Coca Cola,Beverages,58.71,223,13092.33,0
2026-03-11,SKU_1019,Coke Zero 300ml Family,Coca Cola,Beverages,64.21,210,13484.1,0
2026-03-12,SKU_1019,Coke Zero 300ml Family,Coca Cola,Beverages,62.22,213,13252.86,0
2026-03-13,SKU_1019,Coke Zero 300ml Family,Coca Cola,Beverages,61.81,254,15699.74,5
2026-03-14,SKU_1019,Coke Zero 300ml Family,Coca Cola,Beverages,64.46,247,15921.62,10
2026-03-15,SKU_1019,Coke Zero 300ml Family,Coca Cola,Beverages,64.03,209,13382.27,0
2026-03-16,SKU_1019,Coke Zero 300ml Family,Coca Cola,Beverages,61.11,243,14849.73,10
2026-03-17,SKU_1019,Coke Zero 300ml Family,Coca Cola,Beverages,62.32,213,13274.16,0
2026-03-18,SKU_1019,Coke Zero 300ml Family,Coca Cola,Beverages,58.76,239,14043.64,5
2026-03-19,SKU_1019,Coke Zero 300ml Family,Coca Cola,Beverages,59.56,253,15068.68,5
2026-03-20,SKU_1019,Coke Zero 300ml Family,Coca Cola,Beverages,64.73,231,14952.63,10
2026-03-21,SKU_1019,Coke Zero 300ml Family,Coca Cola,Beverages,63.25,213,13472.25,0
2026-03-22,SKU_1019,Coke Zero 300ml Family,Coca Cola,Beverages,61.33,216,13247.28,0
2026-03-23,SKU_1019,Coke Zero 300ml Family,Coca Cola,Beverages,63.87,212,13540.44,0
2026-03-24,SKU_1019,Coke Zero 300ml Family,Coca Cola,Beverages,64.22,230,14770.6,10
2026-03-25,SKU_1019,Coke Zero 300ml Family,Coca Cola,Beverages,60.22,239,14392.58,10
2026-03-26,SKU_1019,Coke Zero 300ml Family,Coca Cola,Beverages,59.33,246,14595.18,10
2026-03-27,SKU_1019,Coke Zero 300ml Family,Coca Cola,Beverages,64.4,209,13459.6,0
2026-03-28,SKU_1019,Coke Zero 300ml Family,Coca Cola,Beverages,64.22,249,15990.78,5
2026-03-29,SKU_1019,Coke Zero 300ml Family,Coca Cola,Beverages,60.37,219,13221.03,0
2026-03-30,SKU_1019,Coke Zero 300ml Family,Coca Cola,Beverages,59.6,220,13112.0,0
2026-03-31,SKU_1019,Coke Zero 300ml Family,Coca Cola,Beverages,58.84,262,15416.08,5
2026-04-01,SKU_1019,Coke Zero 300ml Family,Coca Cola,Beverages,64.47,284,18309.48,5
2026-04-02,SKU_1019,Coke Zero 300ml Family,Coca Cola,Beverages,63.63,301,19152.63,10
2026-04-03,SKU_1019,Coke Zero 300ml Family,Coca Cola,Beverages,58.29,278,16204.62,0
2026-04-04,SKU_1019,Coke Zero 300ml Family,Coca Cola,Beverages,61.63,269,16578.47,0
2026-04-05,SKU_1019,Coke Zero 300ml Family,Coca Cola,Beverages,57.64,282,16254.48,0
2026-04-06,SKU_1019,Coke Zero 300ml Family,Coca Cola,Beverages,58.17,279,16229.43,0
2026-04-07,SKU_1019,Coke Zero 300ml Family,Coca Cola,Beverages,64.29,260,16715.4,0
2026-04-08,SKU_1019,Coke Zero 300ml Family,Coca Cola,Beverages,64.74,266,17220.84,0
2026-04-09,SKU_1019,Coke Zero 300ml Family,Coca Cola,Beverages,57.25,281,16087.25,0
2026-04-10,SKU_1019,Coke Zero 300ml Family,Coca Cola,Beverages,62.29,266,16569.14,0
2026-04-11,SKU_1019,Coke Zero 300ml Family,Coca Cola,Beverages,62.2,270,16794.0,0
2026-04-12,SKU_1019,Coke Zero 300ml Family,Coca Cola,Beverages,63.96,265,16949.4,0
2026-04-13,SKU_1019,Coke Zero 300ml Family,Coca Cola,Beverages,64.77,265,17164.05,0
2026-04-14,SKU_1019,Coke Zero 300ml Family,Coca Cola,Beverages,61.79,268,16559.72,0
2026-04-15,SKU_1019,Coke Zero 300ml Family,Coca Cola,Beverages,63.16,276,17432.16,5
2026-04-16,SKU_1019,Coke Zero 300ml Family,Coca Cola,Beverages,59.09,289,17077.01,10
2026-04-17,SKU_1019,Coke Zero 300ml Family,Coca Cola,Beverages,63.49,266,16888.34,0
2026-04-18,SKU_1019,Coke Zero 300ml Family,Coca Cola,Beverages,60.61,272,16485.92,0
2026-04-19,SKU_1019,Coke Zero 300ml Family,Coca Cola,Beverages,62.02,268,16621.36,0
2026-04-20,SKU_1019,Coke Zero 300ml Family,Coca Cola,Beverages,60.87,273,16617.51,0
2026-04-21,SKU_1019,Coke Zero 300ml Family,Coca Cola,Beverages,57.25,284,16259.0,0
2026-04-22,SKU_1019,Coke Zero 300ml Family,Coca Cola,Beverages,62.42,266,16603.72,0
2026-04-23,SKU_1019,Coke Zero 300ml Family,Coca Cola,Beverages,64.42,287,18488.54,5
2026-04-24,SKU_1019,Coke Zero 300ml Family,Coca Cola,Beverages,63.29,267,16898.43,0
2026-04-25,SKU_1019,Coke Zero 300ml Family,Coca Cola,Beverages,62.2,284,17664.8,5
2026-04-26,SKU_1019,Coke Zero 300ml Family,Coca Cola,Beverages,62.49,270,16872.3,0
2026-04-27,SKU_1019,Coke Zero 300ml Family,Coca Cola,Beverages,61.58,271,16688.18,0
2026-04-28,SKU_1019,Coke Zero 300ml Family,Coca Cola,Beverages,64.79,264,17104.56,0
2026-04-29,SKU_1019,Coke Zero 300ml Family,Coca Cola,Beverages,59.2,276,16339.2,0
2026-04-30,SKU_1019,Coke Zero 300ml Family,Coca Cola,Beverages,61.52,293,18025.36,5
2026-05-01,SKU_1019,Coke Zero 300ml Family,Coca Cola,Beverages,57.96,314,18199.44,10
2026-05-02,SKU_1019,Coke Zero 300ml Family,Coca Cola,Beverages,61.58,269,16565.02,0
2026-05-03,SKU_1019,Coke Zero 300ml Family,Coca Cola,Beverages,63.99,262,16765.38,0
2026-05-04,SKU_1019,Coke Zero 300ml Family,Coca Cola,Beverages,58.22,278,16185.16,0
2026-05-05,SKU_1019,Coke Zero 300ml Family,Coca Cola,Beverages,57.38,284,16295.92,0
2026-05-06,SKU_1019,Coke Zero 300ml Family,Coca Cola,Beverages,60.04,305,18312.2,5
2026-05-07,SKU_1019,Coke Zero 300ml Family,Coca Cola,Beverages,64.54,259,16715.86,0
2026-05-08,SKU_1019,Coke Zero 300ml Family,Coca Cola,Beverages,60.51,304,18395.04,5
2026-05-09,SKU_1019,Coke Zero 300ml Family,Coca Cola,Beverages,59.46,313,18610.98,10
2026-05-10,SKU_1019,Coke Zero 300ml Family,Coca Cola,Beverages,62.46,270,16864.2,0
2026-05-11,SKU_1019,Coke Zero 300ml Family,Coca Cola,Beverages,64.44,301,19396.44,5
2026-05-12,SKU_1019,Coke Zero 300ml Family,Coca Cola,Beverages,64.71,264,17083.44,0
2026-05-13,SKU_1019,Coke Zero 300ml Family,Coca Cola,Beverages,58.87,278,16365.86,0
2026-05-14,SKU_1019,Coke Zero 300ml Family,Coca Cola,Beverages,64.08,272,17429.76,5
2026-05-15,SKU_1019,Coke Zero 300ml Family,Coca Cola,Beverages,63.01,265,16697.65,0
2026-05-16,SKU_1019,Coke Zero 300ml Family,Coca Cola,Beverages,63.24,266,16821.84,0
2026-05-17,SKU_1019,Coke Zero 300ml Family,Coca Cola,Beverages,57.82,298,17230.36,10
2026-05-18,SKU_1019,Coke Zero 300ml Family,Coca Cola,Beverages,58.65,296,17360.4,10
