datasets/sales.csv
date,product_id,product_name,brand,category,selling_price,units_sold,revenue,promotion_discount_pct
2025-11-20,SKU_1020,Coke Zero Can 330ml Mini,Coca Cola,Beverages,32.1,280,8988.0,10
2025-11-21,SKU_1020,Coke Zero Can 330ml Mini,Coca Cola,Beverages,33.72,248,8362.56,0
2025-11-22,SKU_1020,Coke Zero Can 330ml Mini,Coca Cola,Beverages,31.79,271,8615.09,10
2025-11-23,SKU_1020,Coke Zero Can 330ml Mini,Coca Cola,Beverages,32.13,251,8064.63,0
2025-11-24,SKU_1020,Coke Zero Can 330ml Mini,Coca Cola,Beverages,31.09,283,8798.47,10
2025-11-25,SKU_1020,Coke Zero Can 330ml Mini,Coca Cola,Beverages,33.88,287,9723.56,5
2025-11-26,SKU_1020,Coke Zero Can 330ml Mini,Coca Cola,Beverages,31.82,268,8527.76,10
2025-11-27,SKU_1020,Coke Zero Can 330ml Mini,Coca Cola,Beverages,33.71,246,8292.66,0
2025-11-28,SKU_1020,Coke Zero Can 330ml Mini,Coca Cola,Beverages,31.76,252,8003.52,0
2025-11-29,SKU_1020,Coke Zero Can 330ml Mini,Coca Cola,Beverages,33.27,265,8816.55,10
2025-11-30,SKU_1020,Coke Zero Can 330ml Mini,Coca Cola,Beverages,31.54,252,7948.08,0
2025-12-01,SKU_1020,Coke Zero Can 330ml Mini,Coca Cola,Beverages,30.09,241,7251.69,5
2025-12-02,SKU_1020,Coke Zero Can 330ml Mini,Coca Cola,Beverages,31.55,219,6909.45,0
2025-12-03,SKU_1020,Coke Zero Can 330ml Mini,Coca Cola,Beverages,33.21,256,8501.76,10
2025-12-04,SKU_1020,Coke Zero Can 330ml Mini,Coca Cola,Beverages,31.63,219,6926.97,0
2025-12-05,SKU_1020,Coke Zero Can 330ml Mini,Coca Cola,Beverages,33.07,244,8069.08,5
2025-12-06,SKU_1020,Coke Zero Can 330ml Mini,Coca Cola,Beverages,30.8,221,6806.8,0
2025-12-07,SKU_1020,Coke Zero Can 330ml Mini,Coca Cola,Beverages,33.12,242,8015.04,5
2025-12-08,SKU_1020,Coke Zero Can 330ml Mini,Coca Cola,Beverages,32.9,217,7139.3,0
2025-12-09,SKU_1020,Coke Zero Can 330ml Mini,Coca Cola,Beverages,29.98,223,6685.54,0
2025-12-10,SKU_1020,Coke Zero Can 330ml Mini,Coca Cola,Beverages,32.57,216,7035.12,0
2025-12-11,SKU_1020,Coke Zero Can 330ml Mini,Coca Cola,Beverages,30.33,223,6763.59,0
2025-12-12,SKU_1020,Coke Zero Can 330ml Mini,Coca Cola,Beverages,30.62,221,6767.02,0
2025-12-13,SKU_1020,Coke Zero Can 330ml Mini,Coca Cola,Beverages,31.63,219,6926.97,0
2025-12-14,SKU_1020,Coke Zero Can 330ml Mini,Coca Cola,Beverages,32.91,217,7141.47,0
2025-12-15,SKU_1020,Coke Zero Can 330ml Mini,Coca Cola,Beverages,31.19,250,7797.5,10
2025-12-16,SKU_1020,Coke Zero Can 330ml Mini,Coca Cola,Beverages,30.21,223,6736.83,0
2025-12-17,SKU_1020,Coke Zero Can 330ml Mini,Coca Cola,Beverages,33.42,217,7252.14,0
2025-12-18,SKU_1020,Coke Zero Can 330ml Mini,Coca Cola,Beverages,30.2,223,6734.6,0
2025-12-19,SKU_1020,Coke Zero Can 330ml Mini,Coca Cola,Beverages,33.88,236,7995.68,5
2025-12-20,SKU_1020,Coke Zero Can 330ml Mini,Coca Cola,Beverages,30.42,246,7483.32,10
2025-12-21,SKU_1020,Coke Zero Can 330ml Mini,Coca Cola,Beverages,32.02,236,7556.72,10
2025-12-22,SKU_1020,Coke Zero Can 330ml Mini,Coca Cola,Beverages,33.14,216,7158.24,0
2025-12-23,SKU_1020,Coke Zero Can 330ml Mini,Coca Cola,Beverages,31.37,220,6901.4,0
2025-12-24,SKU_1020,Coke Zero Can 330ml Mini,Coca Cola,Beverages,32.16,218,7010.88,0
2025-12-25,SKU_1020,Coke Zero Can 330ml Mini,Coca Cola,Beverages,33.66,214,7203.24,0
2025-12-26,SKU_1020,Coke Zero Can 330ml Mini,Coca Cola,Beverages,33.99,215,7307.85,0
2025-12-27,SKU_1020,Coke Zero Can 330ml Mini,Coca Cola,Beverages,30.58,238,7278.04,10
2025-12-28,SKU_1020,Coke Zero Can 330ml Mini,Coca Cola,Beverages,31.89,218,6952.02,0
2025-12-29,SKU_1020,Coke Zero Can 330ml Mini,Coca Cola,Beverages,30.05,237,7121.85,5
2025-12-30,SKU_1020,Coke Zero Can 330ml Mini,Coca Cola,Beverages,33.23,231,7676.13,5
2025-12-31,SKU_1020,Coke Zero Can 330ml Mini,Coca Cola,Beverages,30.61,256,7836.16,5
2026-01-01,SKU_1020,Coke Zero Can 330ml Mini,Coca Cola,Beverages,32.33,217,7015.61,0
2026-01-02,SKU_1020,Coke Zero Can 330ml Mini,Coca Cola,Beverages,33.34,241,8034.94,5
2026-01-03,SKU_1020,Coke Zero Can 330ml Mini,Coca Cola,Beverages,33.08,216,7145.28,0
2026-01-04,SKU_1020,Coke Zero Can 330ml Mini,Coca Cola,Beverages,30.74,237,7285.38,5
2026-01-05,SKU_1020,Coke Zero Can 330ml Mini,Coca Cola,Beverages,29.94,223,6676.62,0
2026-01-06,SKU_1020,Coke Zero Can 330ml Mini,Coca Cola,Beverages,32.58,217,7069.86,0
2026-01-07,SKU_1020,Coke Zero Can 330ml Mini,Coca Cola,Beverages,33.9,213,7220.7,0
2026-01-08,SKU_1020,Coke Zero Can 330ml Mini,Coca Cola,Beverages,30.47,248,7556.56,10
2026-01-09,SKU_1020,Coke Zero Can 330ml Mini,Coca Cola,Beverages,33.06,241,7967.46,5
2026-01-10,SKU_1020,Coke Zero Can 330ml Mini,Coca Cola,Beverages,32.19,218,7017.42,0
2026-01-11,SKU_1020,Coke Zero Can 330ml Mini,Coca Cola,Beverages,30.42,222,6753.24,0
2026-01-12,SKU_1020,Coke Zero Can 330ml Mini,Coca Cola,Beverages,30.93,240,7423.2,5
2026-01-13,SKU_1020,Coke Zero Can 330ml Mini,Coca Cola,Beverages,30.08,222,6677.76,0
2026-01-14,SKU_1020,Coke Zero Can 330ml Mini,Coca Cola,Beverages,32.65,216,7052.4,0
2026-01-15,SKU_1020,Coke Zero Can 330ml Mini,Coca Cola,Beverages,33.27,214,7119.78,0
2026-01-16,SKU_1020,Coke Zero Can 330ml Mini,Coca Cola,Beverages,31.32,220,6890.4,0
2026-01-17,SKU_1020,Coke Zero Can 330ml Mini,Coca Cola,Beverages,33.92,234,7937.28,5
2026-01-18,SKU_1020,Coke Zero Can 330ml Mini,Coca Cola,Beverages,32.95,216,7117.2,0
2026-01-19,SKU_1020,Coke Zero Can 330ml Mini,Coca Cola,Beverages,33.94,215,7297.1,0
2026-01-20,SKU_1020,Coke Zero Can 330ml Mini,Coca Cola,Beverages,33.49,243,8138.07,10
2026-01-21,SKU_1020,Coke Zero Can 330ml Mini,Coca Cola,Beverages,33.41,216,7216.56,0
2026-01-22,SKU_1020,Coke Zero Can 330ml Mini,Coca Cola,Beverages,33.92,213,7224.96,0
2026-01-23,SKU_1020,Coke Zero Can 330ml Mini,Coca Cola,Beverages,33.56,216,7248.96,0
2026-01-24,SKU_1020,Coke Zero Can 330ml Mini,Coca Cola,Beverages,32.31,218,7043.58,0
2026-01-25,SKU_1020,Coke Zero Can 330ml Mini,Coca Cola,Beverages,31.06,255,7920.3,10
2026-01-26,SKU_1020,Coke Zero Can 330ml Mini,Coca Cola,Beverages,32.14,257,8259.98,10
2026-01-27,SKU_1020,Coke Zero Can 330ml Mini,Coca Cola,Beverages,32.29,217,7006.93,0
2026-01-28,SKU_1020,Coke Zero Can 330ml Mini,Coca Cola,Beverages,33.64,214,7198.96,0
2026-01-29,SKU_1020,Coke Zero Can 330ml Mini,Coca Cola,Beverages,33.59,214,7188.26,0
2026-01-30,SKU_1020,Coke Zero Can 330ml Mini,Coca Cola,Beverages,31.2,220,6864.0,0
2026-01-31,SKU_1020,Coke Zero Can 330ml Mini,Coca Cola,Beverages,32.62,217,7078.54,0
2026-02-01,SKU_1020,Coke Zero Can 330ml Mini,Coca Cola,Beverages,30.49,231,7043.19,10
2026-02-02,SKU_1020,Coke Zero Can 330ml Mini,Coca Cola,Beverages,30.36,257,7802.52,5
2026-02-03,SKU_1020,Coke Zero Can 330ml Mini,Coca Cola,Beverages,31.4,220,6908.0,0
2026-02-04,SKU_1020,Coke Zero Can 330ml Mini,Coca Cola,Beverages,30.58,222,6788.76,0
2026-02-05,SKU_1020,Coke Zero Can 330ml Mini,Coca Cola,Beverages,30.26,254,7686.04,10
2026-02-06,SKU_1020,Coke Zero Can 330ml Mini,Coca Cola,Beverages,33.47,215,7196.05,0
2026-02-07,SKU_1020,Coke Zero Can 330ml Mini,Coca Cola,Beverages,31.85,219,6975.15,0
2026-02-08,SKU_1020,Coke Zero Can 330ml Mini,Coca Cola,Beverages,30.62,239,7318.18,10
2026-02-09,SKU_1020,Coke Zero Can 330ml Mini,Coca Cola,Beverages,33.98,254,8630.92,10
2026-02-10,SKU_1020,Coke Zero Can 330ml Mini,Coca Cola,Beverages,31.04,221,6859.84,0
2026-02-11,SKU_1020,Coke Zero Can 330ml Mini,Coca Cola,Beverages,31.94,235,7505.9,5
2026-02-12,SKU_1020,Coke Zero Can 330ml Mini,Coca Cola,Beverages,32.44,237,7688.28,10
2026-02-13,SKU_1020,Coke Zero Can 330ml Mini,Coca Cola,Beverages,31.33,243,7613.19,10
2026-02-14,SKU_1020,Coke Zero Can 330ml Mini,Coca Cola,Beverages,33.65,215,7234.75,0
2026-02-15,SKU_1020,Coke Zero Can 330ml Mini,Coca Cola,Beverages,32.45,235,7625.75,5
2026-02-16,SKU_1020,Coke Zero Can 330ml Mini,Coca Cola,Beverages,32.58,217,7069.86,0
2026-02-17,SKU_1020,Coke Zero Can 330ml Mini,Coca Cola,Beverages,31.59,219,6918.21,0
2026-02-18,SKU_1020,Coke Zero Can 330ml Mini,Coca Cola,Beverages,32.76,230,7534.8,10
2026-02-19,SKU_1020,Coke Zero Can 330ml Mini,Coca Cola,Beverages,33.89,215,7286.35,0
2026-02-20,SKU_1020,Coke Zero Can 330ml Mini,Coca Cola,Beverages,30.87,221,6822.27,0
2026-02-21,SKU_1020,Coke Zero Can 330ml Mini,Coca Cola,Beverages,32.92,216,7110.72,0
2026-02-22,SKU_1020,Coke Zero Can 330ml Mini,Coca Cola,Beverages,33.88,215,7284.2,0
2026-02-23,SKU_1020,Coke Zero Can 330ml Mini,Coca Cola,Beverages,32.28,218,7037.04,0
2026-02-24,SKU_1020,Coke Zero Can 330ml Mini,Coca Cola,Beverages,33.32,217,7230.44,0
2026-02-25,SKU_1020,Coke Zero Can 330ml Mini,Coca Cola,Beverages,31.32,220,6890.4,0
2026-02-26,SKU_1020,Coke Zero Can 330ml Mini,Coca Cola,Beverages,32.89,216,7104.24,0
2026-02-27,SKU_1020,Coke Zero Can 330ml Mini,Coca Cola,Beverages,31.26,251,7846.26,10
2026-02-28,SKU_1020,Coke Zero Can 330ml Mini,Coca Cola,Beverages,31.05,221,6862.05,0
2026-03-01,SKU_1020,Coke Zero Can 330ml Mini,Coca Cola,Beverages,30.77,221,6800.17,0
2026-03-02,SKU_1020,Coke Zero Can 330ml Mini,Coca Cola,Beverages,31.93,229,7311.97,5
2026-03-03,SKU_1020,Coke Zero Can 330ml Mini,Coca Cola,Beverages,30.96,221,6842.16,0
2026-03-04,SKU_1020,Coke Zero Can 330ml Mini,Coca Cola,Beverages,30.18,223,6730.14,0
2026-03-05,SKU_1020,Coke Zero Can 330ml Mini,Coca Cola,Beverages,32.99,216,7125.84,0
2026-03-06,SKU_1020,Coke Zero Can 330ml Mini,Coca Cola,Beverages,31.62,219,6924.78,0
2026-03-07,SKU_1020,Coke Zero Can 330ml Mini,Coca Cola,Beverages,31.09,220,6839.8,0
2026-03-08,SKU_1020,Coke Zero Can 330ml Mini,Coca Cola,Beverages,31.86,219,6977.34,0
2026-03-09,SKU_1020,Coke Zero Can 330ml Mini,Coca Cola,Beverages,32.33,218,7047.94,0
2026-03-10,SKU_1020,Coke Zero Can 330ml Mini,Coca Cola,Beverages,31.77,219,6957.63,0
2026-03-11,SKU_1020,Coke Zero Can 330ml Mini,Coca Cola,Beverages,33.36,214,7139.04,0
2026-03-12,SKU_1020,Coke Zero Can 330ml Mini,Coca Cola,Beverages,30.58,221,6758.18,0
2026-03-13,SKU_1020,Coke Zero Can 330ml Mini,Coca Cola,Beverages,30.0,244,7320.0,5
2026-03-14,SKU_1020,Coke Zero Can 330ml Mini,Coca Cola,Beverages,30.82,251,7735.82,10
2026-03-15,SKU_1020,Coke Zero Can 330ml Mini,Coca Cola,Beverages,33.75,216,7290.0,0
2026-03-16,SKU_1020,Coke Zero Can 330ml Mini,Coca Cola,Beverages,32.06,218,6989.08,0
2026-03-17,SKU_1020,Coke Zero Can 330ml Mini,Coca Cola,Beverages,33.45,215,7191.75,0
2026-03-18,SKU_1020,Coke Zero Can 330ml Mini,Coca Cola,Beverages,32.98,257,8475.86,10
2026-03-19,SKU_1020,Coke Zero Can 330ml Mini,Coca Cola,Beverages,33.55,216,7246.8,0
2026-03-20,SKU_1020,Coke Zero Can 330ml Mini,Coca Cola,Beverages,30.96,258,7987.68,10
2026-03-21,SKU_1020,Coke Zero Can 330ml Mini,Coca Cola,Beverages,32.44,256,8304.64,10
2026-03-22,SKU_1020,Coke Zero Can 330ml Mini,Coca Cola,Beverages,30.67,231,7084.77,10
2026-03-23,SKU_1020,Coke Zero Can 330ml Mini,Coca Cola,Beverages,30.54,244,7451.76,10
2026-03-24,SKU_1020,Coke Zero Can 330ml Mini,Coca Cola,Beverages,32.25,218,7030.5,0
2026-03-25,SKU_1020,Coke Zero Can 330ml Mini,Coca Cola,Beverages,30.69,240,7365.6,5
2026-03-26,SKU_1020,Coke Zero Can 330ml Mini,Coca Cola,Beverages,32.78,217,7113.26,0
2026-03-27,SKU_1020,Coke Zero Can 330ml Mini,Coca Cola,Beverages,32.5,245,7962.5,10
2026-03-28,SKU_1020,Coke Zero Can 330ml Mini,Coca Cola,Beverages,32.23,247,7960.81,5
2026-03-29,SKU_1020,Coke Zero Can 330ml Mini,Coca Cola,Beverages,30.73,221,6791.33,0
2026-03-30,SKU_1020,Coke Zero Can 330ml Mini,Coca Cola,Beverages,33.44,216,7223.04,0
2026-03-31,SKU_1020,Coke Zero Can 330ml Mini,Coca Cola,Beverages,32.11,258,8284.38,5
2026-04-01,SKU_1020,Coke Zero Can 330ml Mini,Coca Cola,Beverages,32.23,272,8766.56,0
2026-04-02,SKU_1020,Coke Zero Can 330ml Mini,Coca Cola,Beverages,32.24,310,9994.4,5
2026-04-03,SKU_1020,Coke Zero Can 330ml Mini,Coca Cola,Beverages,30.1,311,9361.1,10
2026-04-04,SKU_1020,Coke Zero Can 330ml Mini,Coca Cola,Beverages,30.22,303,9156.66,10
2026-04-05,SKU_1020,Coke Zero Can 330ml Mini,Coca Cola,Beverages,32.87,271,8907.77,0
2026-04-06,SKU_1020,Coke Zero Can 330ml Mini,Coca Cola,Beverages,30.82,276,8506.32,0
2026-04-07,SKU_1020,Coke Zero Can 330ml Mini,Coca Cola,Beverages,29.97,279,8361.63,0
2026-04-08,SKU_1020,Coke Zero Can 330ml Mini,Coca Cola,Beverages,33.98,305,10363.9,5
2026-04-09,SKU_1020,Coke Zero Can 330ml Mini,Coca Cola,Beverages,30.78,276,8495.28,0
2026-04-10,SKU_1020,Coke Zero Can 330ml Mini,Coca Cola,Beverages,32.43,273,8853.39,0
2026-04-11,SKU_1020,Coke Zero Can 330ml Mini,Coca Cola,Beverages,33.16,270,8953.2,0
2026-04-12,SKU_1020,Coke Zero Can 330ml Mini,Coca Cola,Beverages,30.11,294,8852.34,10
2026-04-13,SKU_1020,Coke Zero Can 330ml Mini,Coca Cola,Beverages,32.62,271,8840.02,0
2026-04-14,SKU_1020,Coke Zero Can 330ml Mini,Coca Cola,Beverages,33.72,268,9036.96,0
2026-04-15,SKU_1020,Coke Zero Can 330ml Mini,Coca Cola,Beverages,33.18,269,8925.42,0
2026-04-16,SKU_1020,Coke Zero Can 330ml Mini,Coca Cola,Beverages,30.29,296,8965.84,10
2026-04-17,SKU_1020,Coke Zero Can 330ml Mini,Coca Cola,Beverages,29.93,279,8350.47,0
2026-04-18,SKU_1020,Coke Zero Can 330ml Mini,Coca Cola,Beverages,33.01,270,8912.7,0
2026-04-19,SKU_1020,Coke Zero Can 330ml Mini,Coca Cola,Beverages,30.04,288,8651.52,10
2026-04-20,SKU_1020,Coke Zero Can 330ml Mini,Coca Cola,Beverages,32.66,272,8883.52,0
2026-04-21,SKU_1020,Coke Zero Can 330ml Mini,Coca Cola,Beverages,30.88,276,8522.88,0
2026-04-22,SKU_1020,Coke Zero Can 330ml Mini,Coca Cola,Beverages,30.73,276,8481.48,0
2026-04-23,SKU_1020,Coke Zero Can 330ml Mini,Coca Cola,Beverages,31.13,292,9089.96,5
2026-04-24,SKU_1020,Coke Zero Can 330ml Mini,Coca Cola,Beverages,32.46,273,8861.58,0
2026-04-25,SKU_1020,Coke Zero Can 330ml Mini,Coca Cola,Beverages,31.43,275,8643.25,0
2026-04-26,SKU_1020,Coke Zero Can 330ml Mini,Coca Cola,Beverages,33.34,270,9001.8,0
2026-04-27,SKU_1020,Coke Zero Can 330ml Mini,Coca Cola,Beverages,33.34,281,9368.54,5
2026-04-28,SKU_1020,Coke Zero Can 330ml Mini,Coca Cola,Beverages,30.63,276,8453.88,0
2026-04-29,SKU_1020,Coke Zero Can 330ml Mini,Coca Cola,Beverages,32.73,270,8837.1,0
2026-04-30,SKU_1020,Coke Zero Can 330ml Mini,Coca Cola,Beverages,30.27,277,8384.79,0
2026-05-01,SKU_1020,Coke Zero Can 330ml Mini,Coca Cola,Beverages,30.55,276,8431.8,0
2026-05-02,SKU_1020,Coke Zero Can 330ml Mini,Coca Cola,Beverages,32.79,304,9968.16,10
2026-05-03,SKU_1020,Coke Zero Can 330ml Mini,Coca Cola,Beverages,32.2,310,9982.0,10
2026-05-04,SKU_1020,Coke Zero Can 330ml Mini,Coca Cola,Beverages,33.86,267,9040.62,0
2026-05-05,SKU_1020,Coke Zero Can 330ml Mini,Coca Cola,Beverages,33.55,297,9964.35,10
2026-05-06,SKU_1020,Coke Zero Can 330ml Mini,Coca Cola,Beverages,32.63,295,9625.85,5
2026-05-07,SKU_1020,Coke Zero Can 330ml Mini,Coca Cola,Beverages,30.63,295,9035.85,5
2026-05-08,SKU_1020,Coke Zero Can 330ml Mini,Coca Cola,Beverages,31.22,275,8585.5,0
2026-05-09,SKU_1020,Coke Zero Can 330ml Mini,Coca Cola,Beverages,30.73,300,9219.0,10
2026-05-10,SKU_1020,Coke Zero Can 330ml Mini,Coca Cola,Beverages,33.72,267,9003.24,0
2026-05-11,SKU_1020,Coke Zero Can 330ml Mini,Coca Cola,Beverages,33.19,271,8994.49,0
2026-05-12,SKU_1020,Coke Zero Can 330ml Mini,Coca Cola,Beverages,30.87,277,8550.99,0
2026-05-13,SKU_1020,Coke Zero Can 330ml Mini,Coca Cola,Beverages,32.22,305,9827.1,10
2026-05-14,SKU_1020,Coke Zero Can 330ml Mini,Coca Cola,Beverages,32.95,286,9423.7,10
2026-05-15,SKU_1020,Coke Zero Can 330ml Mini,Coca Cola,Beverages,32.13,273,8771.49,0
2026-05-16,SKU_1020,Coke Zero Can 330ml Mini,Coca Cola,Beverages,30.91,303,9365.73,10
2026-05-17,SKU_1020,Coke Zero Can 330ml Mini,Coca Cola,Beverages,33.55,282,9461.1,10
2026-05-18,SKU_1020,Coke Zero Can 330ml Mini,Coca Cola,Beverages,31.31,275,8610.25,0
