datasets/sales.csv
date,product_id,product_name,brand,category,selling_price,units_sold,revenue,promotion_discount_pct
2025-11-20,SKU_1021,Coke Zero Can 330ml Regular,Coca Cola,Beverages,44.28,254,11247.12,0
2025-11-21,SKU_1021,Coke Zero Can 330ml Regular,Coca Cola,Beverages,43.01,258,11096.58,0
2025-11-22,SKU_1021,Coke Zero Can 330ml Regular,Coca Cola,Beverages,43.57,257,11197.49,0
2025-11-23,SKU_1021,Coke Zero Can 330ml Regular,Coca Cola,Beverages,45.78,250,11445.0,0
2025-11-24,SKU_1021,Coke Zero Can 330ml Regular,Coca Cola,Beverages,45.22,252,11395.44,0
2025-11-25,SKU_1021,Coke Zero Can 330ml Regular,Coca Cola,Beverages,47.07,248,11673.36,0
2025-11-26,SKU_1021,Coke Zero Can 330ml Regular,Coca Cola,Beverages,46.74,247,11544.78,0
2025-11-27,SKU_1021,Coke Zero Can 330ml Regular,Coca Cola,Beverages,42.93,259,11118.87,0
2025-11-28,SKU_1021,Coke Zero Can 330ml Regular,Coca Cola,Beverages,47.29,246,11633.34,0
2025-11-29,SKU_1021,Coke Zero Can 330ml Regular,Coca Cola,Beverages,43.24,268,11588.32,10
2025-11-30,SKU_1021,Coke Zero Can 330ml Regular,Coca Cola,Beverages,43.23,256,11066.88,0
2025-12-01,SKU_1021,Coke Zero Can 330ml Regular,Coca Cola,Beverages,45.32,219,9925.08,0
2025-12-02,SKU_1021,Coke Zero Can 330ml Regular,Coca Cola,Beverages,43.08,234,10080.72,10
2025-12-03,SKU_1021,Coke Zero Can 330ml Regular,Coca Cola,Beverages,46.96,214,10049.44,0
2025-12-04,SKU_1021,Coke Zero Can 330ml Regular,Coca Cola,Beverages,44.97,250,11242.5,10
2025-12-05,SKU_1021,Coke Zero Can 330ml Regular,Coca Cola,Beverages,44.45,221,9823.45,0
2025-12-06,SKU_1021,Coke Zero Can 330ml Regular,Coca Cola,Beverages,43.25,255,11028.75,10
2025-12-07,SKU_1021,Coke Zero Can 330ml Regular,Coca Cola,Beverages,46.12,243,11207.16,5
2025-12-08,SKU_1021,Coke Zero Can 330ml Regular,Coca Cola,Beverages,48.07,215,10335.05,0
2025-12-09,SKU_1021,Coke Zero Can 330ml Regular,Coca Cola,Beverages,47.57,250,11892.5,10
2025-12-10,SKU_1021,Coke Zero Can 330ml Regular,Coca Cola,Beverages,43.0,224,9632.0,0
2025-12-11,SKU_1021,Coke Zero Can 330ml Regular,Coca Cola,Beverages,45.72,218,9966.96,0
2025-12-12,SKU_1021,Coke Zero Can 330ml Regular,Coca Cola,Beverages,46.26,218,10084.68,0
2025-12-13,SKU_1021,Coke Zero Can 330ml Regular,Coca Cola,Beverages,47.93,213,10209.09,0
2025-12-14,SKU_1021,Coke Zero Can 330ml Regular,Coca Cola,Beverages,43.27,224,9692.48,0
2025-12-15,SKU_1021,Coke Zero Can 330ml Regular,Coca Cola,Beverages,45.85,231,10591.35,10
2025-12-16,SKU_1021,Coke Zero Can 330ml Regular,Coca Cola,Beverages,44.13,221,9752.73,0
2025-12-17,SKU_1021,Coke Zero Can 330ml Regular,Coca Cola,Beverages,45.74,217,9925.58,0
2025-12-18,SKU_1021,Coke Zero Can 330ml Regular,Coca Cola,Beverages,46.62,216,10069.92,0
2025-12-19,SKU_1021,Coke Zero Can 330ml Regular,Coca Cola,Beverages,47.34,215,10178.1,0
2025-12-20,SKU_1021,Coke Zero Can 330ml Regular,Coca Cola,Beverages,45.98,229,10529.42,5
2025-12-21,SKU_1021,Coke Zero Can 330ml Regular,Coca Cola,Beverages,45.13,256,11553.28,10
2025-12-22,SKU_1021,Coke Zero Can 330ml Regular,Coca Cola,Beverages,46.34,217,10055.78,0
2025-12-23,SKU_1021,Coke Zero Can 330ml Regular,Coca Cola,Beverages,47.35,250,11837.5,10
2025-12-24,SKU_1021,Coke Zero Can 330ml Regular,Coca Cola,Beverages,46.47,230,10688.1,10
2025-12-25,SKU_1021,Coke Zero Can 330ml Regular,Coca Cola,Beverages,43.49,222,9654.78,0
2025-12-26,SKU_1021,Coke Zero Can 330ml Regular,Coca Cola,Beverages,48.18,211,10165.98,0
2025-12-27,SKU_1021,Coke Zero Can 330ml Regular,Coca Cola,Beverages,47.63,254,12098.02,10
2025-12-28,SKU_1021,Coke Zero Can 330ml Regular,Coca Cola,Beverages,45.85,218,9995.3,0
2025-12-29,SKU_1021,Coke Zero Can 330ml Regular,Coca Cola,Beverages,48.38,251,12143.38,10
2025-12-30,SKU_1021,Coke Zero Can 330ml Regular,Coca Cola,Beverages,45.52,218,9923.36,0
2025-12-31,SKU_1021,Coke Zero Can 330ml Regular,Coca Cola,Beverages,45.77,218,9977.86,0
2026-01-01,SKU_1021,Coke Zero Can 330ml Regular,Coca Cola,Beverages,45.84,218,9993.12,0
2026-01-02,SKU_1021,Coke Zero Can 330ml Regular,Coca Cola,Beverages,44.17,222,9805.74,0
2026-01-03,SKU_1021,Coke Zero Can 330ml Regular,Coca Cola,Beverages,46.83,215,10068.45,0
2026-01-04,SKU_1021,Coke Zero Can 330ml Regular,Coca Cola,Beverages,47.0,215,10105.0,0
2026-01-05,SKU_1021,Coke Zero Can 330ml Regular,Coca Cola,Beverages,45.13,219,9883.47,0
2026-01-06,SKU_1021,Coke Zero Can 330ml Regular,Coca Cola,Beverages,47.89,212,10152.68,0
2026-01-07,SKU_1021,Coke Zero Can 330ml Regular,Coca Cola,Beverages,44.9,243,10910.7,10
2026-01-08,SKU_1021,Coke Zero Can 330ml Regular,Coca Cola,Beverages,44.0,221,9724.0,0
2026-01-09,SKU_1021,Coke Zero Can 330ml Regular,Coca Cola,Beverages,43.23,243,10504.89,5
2026-01-10,SKU_1021,Coke Zero Can 330ml Regular,Coca Cola,Beverages,48.28,211,10187.08,0
2026-01-11,SKU_1021,Coke Zero Can 330ml Regular,Coca Cola,Beverages,44.82,220,9860.4,0
2026-01-12,SKU_1021,Coke Zero Can 330ml Regular,Coca Cola,Beverages,47.82,250,11955.0,5
2026-01-13,SKU_1021,Coke Zero Can 330ml Regular,Coca Cola,Beverages,44.09,222,9787.98,0
2026-01-14,SKU_1021,Coke Zero Can 330ml Regular,Coca Cola,Beverages,45.93,218,10012.74,0
2026-01-15,SKU_1021,Coke Zero Can 330ml Regular,Coca Cola,Beverages,48.36,210,10155.6,0
2026-01-16,SKU_1021,Coke Zero Can 330ml Regular,Coca Cola,Beverages,46.66,216,10078.56,0
2026-01-17,SKU_1021,Coke Zero Can 330ml Regular,Coca Cola,Beverages,45.16,219,9890.04,0
2026-01-18,SKU_1021,Coke Zero Can 330ml Regular,Coca Cola,Beverages,45.75,243,11117.25,10
2026-01-19,SKU_1021,Coke Zero Can 330ml Regular,Coca Cola,Beverages,48.11,215,10343.65,0
2026-01-20,SKU_1021,Coke Zero Can 330ml Regular,Coca Cola,Beverages,47.03,247,11616.41,10
2026-01-21,SKU_1021,Coke Zero Can 330ml Regular,Coca Cola,Beverages,45.68,218,9958.24,0
2026-01-22,SKU_1021,Coke Zero Can 330ml Regular,Coca Cola,Beverages,44.69,249,11127.81,5
2026-01-23,SKU_1021,Coke Zero Can 330ml Regular,Coca Cola,Beverages,47.62,215,10238.3,0
2026-01-24,SKU_1021,Coke Zero Can 330ml Regular,Coca Cola,Beverages,42.97,225,9668.25,0
2026-01-25,SKU_1021,Coke Zero Can 330ml Regular,Coca Cola,Beverages,48.56,213,10343.28,0
2026-01-26,SKU_1021,Coke Zero Can 330ml Regular,Coca Cola,Beverages,48.11,214,10295.54,0
2026-01-27,SKU_1021,Coke Zero Can 330ml Regular,Coca Cola,Beverages,43.89,242,10621.38,10
2026-01-28,SKU_1021,Coke Zero Can 330ml Regular,Coca Cola,Beverages,47.92,215,10302.8,0
2026-01-29,SKU_1021,Coke Zero Can 330ml Regular,Coca Cola,Beverages,47.47,213,10111.11,0
2026-01-30,SKU_1021,Coke Zero Can 330ml Regular,Coca Cola,Beverages,43.3,248,10738.4,10
2026-01-31,SKU_1021,Coke Zero Can 330ml Regular,Coca Cola,Beverages,46.97,225,10568.25,10
2026-02-01,SKU_1021,Coke Zero Can 330ml Regular,Coca Cola,Beverages,46.3,229,10602.7,10
2026-02-02,SKU_1021,Coke Zero Can 330ml Regular,Coca Cola,Beverages,46.44,217,10077.48,0
2026-02-03,SKU_1021,Coke Zero Can 330ml Regular,Coca Cola,Beverages,43.54,223,9709.42,0
2026-02-04,SKU_1021,Coke Zero Can 330ml Regular,Coca Cola,Beverages,42.98,224,9627.52,0
2026-02-05,SKU_1021,Coke Zero Can 330ml Regular,Coca Cola,Beverages,46.98,248,11651.04,10
2026-02-06,SKU_1021,Coke Zero Can 330ml Regular,Coca Cola,Beverages,45.7,218,9962.6,0
2026-02-07,SKU_1021,Coke Zero Can 330ml Regular,Coca Cola,Beverages,48.55,251,12186.05,10
2026-02-08,SKU_1021,Coke Zero Can 330ml Regular,Coca Cola,Beverages,45.13,257,11598.41,10
2026-02-09,SKU_1021,Coke Zero Can 330ml Regular,Coca Cola,Beverages,42.8,226,9672.8,0
2026-02-10,SKU_1021,Coke Zero Can 330ml Regular,Coca Cola,Beverages,47.55,212,10080.6,0
2026-02-11,SKU_1021,Coke Zero Can 330ml Regular,Coca Cola,Beverages,46.18,230,10621.4,5
2026-02-12,SKU_1021,Coke Zero Can 330ml Regular,Coca Cola,Beverages,45.97,256,11768.32,10
2026-02-13,SKU_1021,Coke Zero Can 330ml Regular,Coca Cola,Beverages,42.83,225,9636.75,0
2026-02-14,SKU_1021,Coke Zero Can 330ml Regular,Coca Cola,Beverages,45.51,218,9921.18,0
2026-02-15,SKU_1021,Coke Zero Can 330ml Regular,Coca Cola,Beverages,47.02,227,10673.54,10
2026-02-16,SKU_1021,Coke Zero Can 330ml Regular,Coca Cola,Beverages,48.37,210,10157.7,0
2026-02-17,SKU_1021,Coke Zero Can 330ml Regular,Coca Cola,Beverages,47.91,233,11163.03,5
2026-02-18,SKU_1021,Coke Zero Can 330ml Regular,Coca Cola,Beverages,46.32,217,10051.44,0
2026-02-19,SKU_1021,Coke Zero Can 330ml Regular,Coca Cola,Beverages,43.2,224,9676.8,0
2026-02-20,SKU_1021,Coke Zero Can 330ml Regular,Coca Cola,Beverages,47.84,232,11098.88,10
2026-02-21,SKU_1021,Coke Zero Can 330ml Regular,Coca Cola,Beverages,43.39,223,9675.97,0
2026-02-22,SKU_1021,Coke Zero Can 330ml Regular,Coca Cola,Beverages,45.07,219,9870.33,0
2026-02-23,SKU_1021,Coke Zero Can 330ml Regular,Coca Cola,Beverages,46.18,232,10713.76,5
2026-02-24,SKU_1021,Coke Zero Can 330ml Regular,Coca Cola,Beverages,43.75,223,9756.25,0
2026-02-25,SKU_1021,Coke Zero Can 330ml Regular,Coca Cola,Beverages,46.3,217,10047.1,0
2026-02-26,SKU_1021,Coke Zero Can 330ml Regular,Coca Cola,Beverages,44.15,221,9757.15,0
2026-02-27,SKU_1021,Coke Zero Can 330ml Regular,Coca Cola,Beverages,45.2,219,9898.8,0
2026-02-28,SKU_1021,Coke Zero Can 330ml Regular,Coca Cola,Beverages,46.82,214,10019.48,0
2026-03-01,SKU_1021,Coke Zero Can 330ml Regular,Coca Cola,Beverages,43.51,223,9702.73,0
2026-03-02,SKU_1021,Coke Zero Can 330ml Regular,Coca Cola,Beverages,47.6,213,10138.8,0
2026-03-03,SKU_1021,Coke Zero Can 330ml Regular,Coca Cola,Beverages,44.14,245,10814.3,5
2026-03-04,SKU_1021,Coke Zero Can 330ml Regular,Coca Cola,Beverages,48.4,243,11761.2,10
2026-03-05,SKU_1021,Coke Zero Can 330ml Regular,Coca Cola,Beverages,43.31,258,11173.98,5
2026-03-06,SKU_1021,Coke Zero Can 330ml Regular,Coca Cola,Beverages,47.7,212,10112.4,0
2026-03-07,SKU_1021,Coke Zero Can 330ml Regular,Coca Cola,Beverages,47.87,215,10292.05,0
2026-03-08,SKU_1021,Coke Zero Can 330ml Regular,Coca Cola,Beverages,44.86,232,10407.52,10
2026-03-09,SKU_1021,Coke Zero Can 330ml Regular,Coca Cola,Beverages,47.54,227,10791.58,5
2026-03-10,SKU_1021,Coke Zero Can 330ml Regular,Coca Cola,Beverages,46.76,217,10146.92,0
2026-03-11,SKU_1021,Coke Zero Can 330ml Regular,Coca Cola,Beverages,43.33,222,9619.26,0
2026-03-12,SKU_1021,Coke Zero Can 330ml Regular,Coca Cola,Beverages,44.24,221,9777.04,0
2026-03-13,SKU_1021,Coke Zero Can 330ml Regular,Coca Cola,Beverages,47.53,214,10171.42,0
2026-03-14,SKU_1021,Coke Zero Can 330ml Regular,Coca Cola,Beverages,45.3,242,10962.6,5
2026-03-15,SKU_1021,Coke Zero Can 330ml Regular,Coca Cola,Beverages,47.21,214,10102.94,0
2026-03-16,SKU_1021,Coke Zero Can 330ml Regular,Coca Cola,Beverages,46.38,215,9971.7,0
2026-03-17,SKU_1021,Coke Zero Can 330ml Regular,Coca Cola,Beverages,44.45,221,9823.45,0
2026-03-18,SKU_1021,Coke Zero Can 330ml Regular,Coca Cola,Beverages,44.17,222,9805.74,0
2026-03-19,SKU_1021,Coke Zero Can 330ml Regular,Coca Cola,Beverages,47.39,212,10046.68,0
2026-03-20,SKU_1021,Coke Zero Can 330ml Regular,Coca Cola,Beverages,44.75,253,11321.75,10
2026-03-21,SKU_1021,Coke Zero Can 330ml Regular,Coca Cola,Beverages,47.98,214,10267.72,0
2026-03-22,SKU_1021,Coke Zero Can 330ml Regular,Coca Cola,Beverages,43.99,255,11217.45,10
2026-03-23,SKU_1021,Coke Zero Can 330ml Regular,Coca Cola,Beverages,43.48,222,9652.56,0
2026-03-24,SKU_1021,Coke Zero Can 330ml Regular,Coca Cola,Beverages,45.39,255,11574.45,10
2026-03-25,SKU_1021,Coke Zero Can 330ml Regular,Coca Cola,Beverages,43.03,252,10843.56,10
2026-03-26,SKU_1021,Coke Zero Can 330ml Regular,Coca Cola,Beverages,46.89,214,10034.46,0
2026-03-27,SKU_1021,Coke Zero Can 330ml Regular,Coca Cola,Beverages,46.11,234,10789.74,5
2026-03-28,SKU_1021,Coke Zero Can 330ml Regular,Coca Cola,Beverages,46.16,249,11493.84,10
2026-03-29,SKU_1021,Coke Zero Can 330ml Regular,Coca Cola,Beverages,46.1,250,11525.0,5
2026-03-30,SKU_1021,Coke Zero Can 330ml Regular,Coca Cola,Beverages,46.4,216,10022.4,0
2026-03-31,SKU_1021,Coke Zero Can 330ml Regular,Coca Cola,Beverages,47.61,246,11712.06,10
2026-04-01,SKU_1021,Coke Zero Can 330ml Regular,Coca Cola,Beverages,47.02,280,13165.6,5
2026-04-02,SKU_1021,Coke Zero Can 330ml Regular,Coca Cola,Beverages,47.95,302,14480.9,10
2026-04-03,SKU_1021,Coke Zero Can 330ml Regular,Coca Cola,Beverages,44.89,292,13107.88,10
2026-04-04,SKU_1021,Coke Zero Can 330ml Regular,Coca Cola,Beverages,43.61,279,12167.19,0
2026-04-05,SKU_1021,Coke Zero Can 330ml Regular,Coca Cola,Beverages,42.87,280,12003.6,0
2026-04-06,SKU_1021,Coke Zero Can 330ml Regular,Coca Cola,Beverages,46.08,271,12487.68,0
2026-04-07,SKU_1021,Coke Zero Can 330ml Regular,Coca Cola,Beverages,48.33,263,12710.79,0
2026-04-08,SKU_1021,Coke Zero Can 330ml Regular,Coca Cola,Beverages,43.83,278,12184.74,0
2026-04-09,SKU_1021,Coke Zero Can 330ml Regular,Coca Cola,Beverages,44.47,298,13252.06,5
2026-04-10,SKU_1021,Coke Zero Can 330ml Regular,Coca Cola,Beverages,46.05,271,12479.55,0
2026-04-11,SKU_1021,Coke Zero Can 330ml Regular,Coca Cola,Beverages,45.14,299,13496.86,10
2026-04-12,SKU_1021,Coke Zero Can 330ml Regular,Coca Cola,Beverages,43.66,313,13665.58,5
2026-04-13,SKU_1021,Coke Zero Can 330ml Regular,Coca Cola,Beverages,45.19,289,13059.91,5
2026-04-14,SKU_1021,Coke Zero Can 330ml Regular,Coca Cola,Beverages,47.13,269,12677.97,0
2026-04-15,SKU_1021,Coke Zero Can 330ml Regular,Coca Cola,Beverages,45.79,312,14286.48,10
2026-04-16,SKU_1021,Coke Zero Can 330ml Regular,Coca Cola,Beverages,44.87,289,12967.43,10
2026-04-17,SKU_1021,Coke Zero Can 330ml Regular,Coca Cola,Beverages,46.59,270,12579.3,0
2026-04-18,SKU_1021,Coke Zero Can 330ml Regular,Coca Cola,Beverages,47.64,265,12624.6,0
2026-04-19,SKU_1021,Coke Zero Can 330ml Regular,Coca Cola,Beverages,48.0,263,12624.0,0
2026-04-20,SKU_1021,Coke Zero Can 330ml Regular,Coca Cola,Beverages,48.49,291,14110.59,10
2026-04-21,SKU_1021,Coke Zero Can 330ml Regular,Coca Cola,Beverages,45.29,274,12409.46,0
2026-04-22,SKU_1021,Coke Zero Can 330ml Regular,Coca Cola,Beverages,45.13,305,13764.65,10
2026-04-23,SKU_1021,Coke Zero Can 330ml Regular,Coca Cola,Beverages,43.61,279,12167.19,0
2026-04-24,SKU_1021,Coke Zero Can 330ml Regular,Coca Cola,Beverages,47.33,289,13678.37,5
2026-04-25,SKU_1021,Coke Zero Can 330ml Regular,Coca Cola,Beverages,45.13,274,12365.62,0
2026-04-26,SKU_1021,Coke Zero Can 330ml Regular,Coca Cola,Beverages,42.84,294,12594.96,5
2026-04-27,SKU_1021,Coke Zero Can 330ml Regular,Coca Cola,Beverages,46.68,269,12556.92,0
2026-04-28,SKU_1021,Coke Zero Can 330ml Regular,Coca Cola,Beverages,47.23,267,12610.41,0
2026-04-29,SKU_1021,Coke Zero Can 330ml Regular,Coca Cola,Beverages,46.09,270,12444.3,0
2026-04-30,SKU_1021,Coke Zero Can 330ml Regular,Coca Cola,Beverages,44.22,276,12204.72,0
2026-05-01,SKU_1021,Coke Zero Can 330ml Regular,Coca Cola,Beverages,45.08,309,13929.72,10
2026-05-02,SKU_1021,Coke Zero Can 330ml Regular,Coca Cola,Beverages,47.27,267,12621.09,0
2026-05-03,SKU_1021,Coke Zero Can 330ml Regular,Coca Cola,Beverages,46.41,272,12623.52,0
2026-05-04,SKU_1021,Coke Zero Can 330ml Regular,Coca Cola,Beverages,47.62,269,12809.78,0
2026-05-05,SKU_1021,Coke Zero Can 330ml Regular,Coca Cola,Beverages,42.76,305,13041.8,10
2026-05-06,SKU_1021,Coke Zero Can 330ml Regular,Coca Cola,Beverages,46.26,282,13045.32,5
2026-05-07,SKU_1021,Coke Zero Can 330ml Regular,Coca Cola,Beverages,48.59,293,14236.87,5
2026-05-08,SKU_1021,Coke Zero Can 330ml Regular,Coca Cola,Beverages,43.93,277,12168.61,0
2026-05-09,SKU_1021,Coke Zero Can 330ml Regular,Coca Cola,Beverages,47.51,268,12732.68,0
2026-05-10,SKU_1021,Coke Zero Can 330ml Regular,Coca Cola,Beverages,43.03,289,12435.67,10
2026-05-11,SKU_1021,Coke Zero Can 330ml Regular,Coca Cola,Beverages,46.33,271,12555.43,0
2026-05-12,SKU_1021,Coke Zero Can 330ml Regular,Coca Cola,Beverages,46.43,272,12628.96,0
2026-05-13,SKU_1021,Coke Zero Can 330ml Regular,Coca Cola,Beverages,43.07,280,12059.6,0
2026-05-14,SKU_1021,Coke Zero Can 330ml Regular,Coca Cola,Beverages,47.8,307,14674.6,10
2026-05-15,SKU_1021,Coke Zero Can 330ml Regular,Coca Cola,Beverages,45.34,274,12423.16,0
2026-05-16,SKU_1021,Coke Zero Can 330ml Regular,Coca Cola,Beverages,43.04,280,12051.2,0
2026-05-17,SKU_1021,Coke Zero Can 330ml Regular,Coca Cola,Beverages,44.33,301,13343.33,5
2026-05-18,SKU_1021,Coke Zero Can 330ml Regular,Coca Cola,Beverages,46.25,271,12533.75,0
