datasets/sales.csv
date,product_id,product_name,brand,category,selling_price,units_sold,revenue,promotion_discount_pct
2025-11-20,SKU_1022,Coke Zero Can 330ml Value,Coca Cola,Beverages,56.31,247,13908.57,0
2025-11-21,SKU_1022,Coke Zero Can 330ml Value,Coca Cola,Beverages,56.4,276,15566.4,5
2025-11-22,SKU_1022,Coke Zero Can 330ml Value,Coca Cola,Beverages,52.21,256,13365.76,0
2025-11-23,SKU_1022,Coke Zero Can 330ml Value,Coca Cola,Beverages,55.2,283,15621.6,5
2025-11-24,SKU_1022,Coke Zero Can 330ml Value,Coca Cola,Beverages,55.69,287,15983.03,5
2025-11-25,SKU_1022,Coke Zero Can 330ml Value,Coca Cola,Beverages,51.63,269,13888.47,10
2025-11-26,SKU_1022,Coke Zero Can 330ml Value,Coca Cola,Beverages,56.7,286,16216.2,5
2025-11-27,SKU_1022,Coke Zero Can 330ml Value,Coca Cola,Beverages,54.98,250,13745.0,0
2025-11-28,SKU_1022,Coke Zero Can 330ml Value,Coca Cola,Beverages,58.11,261,15166.71,5
2025-11-29,SKU_1022,Coke Zero Can 330ml Value,Coca Cola,Beverages,51.93,257,13346.01,0
2025-11-30,SKU_1022,Coke Zero Can 330ml Value,Coca Cola,Beverages,53.81,253,13613.93,0
2025-12-01,SKU_1022,Coke Zero Can 330ml Value,Coca Cola,Beverages,53.72,220,11818.4,0
2025-12-02,SKU_1022,Coke Zero Can 330ml Value,Coca Cola,Beverages,54.58,228,12444.24,5
2025-12-03,SKU_1022,Coke Zero Can 330ml Value,Coca Cola,Beverages,52.74,223,11761.02,0
2025-12-04,SKU_1022,Coke Zero Can 330ml Value,Coca Cola,Beverages,56.06,216,12108.96,0
2025-12-05,SKU_1022,Coke Zero Can 330ml Value,Coca Cola,Beverages,51.3,241,12363.3,5
2025-12-06,SKU_1022,Coke Zero Can 330ml Value,Coca Cola,Beverages,57.09,210,11988.9,0
2025-12-07,SKU_1022,Coke Zero Can 330ml Value,Coca Cola,Beverages,52.23,244,12744.12,10
2025-12-08,SKU_1022,Coke Zero Can 330ml Value,Coca Cola,Beverages,53.94,232,12514.08,5
2025-12-09,SKU_1022,Coke Zero Can 330ml Value,Coca Cola,Beverages,57.56,211,12145.16,0
2025-12-10,SKU_1022,Coke Zero Can 330ml Value,Coca Cola,Beverages,53.16,221,11748.36,0
2025-12-11,SKU_1022,Coke Zero Can 330ml Value,Coca Cola,Beverages,57.37,213,12219.81,0
2025-12-12,SKU_1022,Coke Zero Can 330ml Value,Coca Cola,Beverages,57.37,213,12219.81,0
2025-12-13,SKU_1022,Coke Zero Can 330ml Value,Coca Cola,Beverages,58.13,213,12381.69,0
2025-12-14,SKU_1022,Coke Zero Can 330ml Value,Coca Cola,Beverages,53.3,237,12632.1,5
2025-12-15,SKU_1022,Coke Zero Can 330ml Value,Coca Cola,Beverages,56.09,239,13405.51,5
2025-12-16,SKU_1022,Coke Zero Can 330ml Value,Coca Cola,Beverages,55.05,249,13707.45,5
2025-12-17,SKU_1022,Coke Zero Can 330ml Value,Coca Cola,Beverages,56.85,212,12052.2,0
2025-12-18,SKU_1022,Coke Zero Can 330ml Value,Coca Cola,Beverages,57.72,214,12352.08,0
2025-12-19,SKU_1022,Coke Zero Can 330ml Value,Coca Cola,Beverages,55.79,241,13445.39,10
2025-12-20,SKU_1022,Coke Zero Can 330ml Value,Coca Cola,Beverages,57.11,214,12221.54,0
2025-12-21,SKU_1022,Coke Zero Can 330ml Value,Coca Cola,Beverages,53.13,237,12591.81,5
2025-12-22,SKU_1022,Coke Zero Can 330ml Value,Coca Cola,Beverages,55.32,252,13940.64,5
2025-12-23,SKU_1022,Coke Zero Can 330ml Value,Coca Cola,Beverages,56.43,214,12076.02,0
2025-12-24,SKU_1022,Coke Zero Can 330ml Value,Coca Cola,Beverages,56.62,212,12003.44,0
2025-12-25,SKU_1022,Coke Zero Can 330ml Value,Coca Cola,Beverages,57.44,212,12177.28,0
2025-12-26,SKU_1022,Coke Zero Can 330ml Value,Coca Cola,Beverages,57.25,214,12251.5,0
2025-12-27,SKU_1022,Coke Zero Can 330ml Value,Coca Cola,Beverages,54.17,253,13705.01,10
2025-12-28,SKU_1022,Coke Zero Can 330ml Value,Coca Cola,Beverages,54.46,253,13778.38,5
2025-12-29,SKU_1022,Coke Zero Can 330ml Value,Coca Cola,Beverages,56.23,236,13270.28,5
2025-12-30,SKU_1022,Coke Zero Can 330ml Value,Coca Cola,Beverages,56.08,238,13347.04,5
2025-12-31,SKU_1022,Coke Zero Can 330ml Value,Coca Cola,Beverages,56.21,232,13040.72,5
2026-01-01,SKU_1022,Coke Zero Can 330ml Value,Coca Cola,Beverages,57.62,211,12157.82,0
2026-01-02,SKU_1022,Coke Zero Can 330ml Value,Coca Cola,Beverages,57.34,214,12270.76,0
2026-01-03,SKU_1022,Coke Zero Can 330ml Value,Coca Cola,Beverages,53.94,220,11866.8,0
2026-01-04,SKU_1022,Coke Zero Can 330ml Value,Coca Cola,Beverages,52.57,223,11723.11,0
2026-01-05,SKU_1022,Coke Zero Can 330ml Value,Coca Cola,Beverages,56.03,247,13839.41,5
2026-01-06,SKU_1022,Coke Zero Can 330ml Value,Coca Cola,Beverages,57.43,212,12175.16,0
2026-01-07,SKU_1022,Coke Zero Can 330ml Value,Coca Cola,Beverages,55.08,217,11952.36,0
2026-01-08,SKU_1022,Coke Zero Can 330ml Value,Coca Cola,Beverages,56.12,215,12065.8,0
2026-01-09,SKU_1022,Coke Zero Can 330ml Value,Coca Cola,Beverages,56.44,214,12078.16,0
2026-01-10,SKU_1022,Coke Zero Can 330ml Value,Coca Cola,Beverages,51.81,225,11657.25,0
2026-01-11,SKU_1022,Coke Zero Can 330ml Value,Coca Cola,Beverages,55.29,256,14154.24,10
2026-01-12,SKU_1022,Coke Zero Can 330ml Value,Coca Cola,Beverages,51.58,225,11605.5,0
2026-01-13,SKU_1022,Coke Zero Can 330ml Value,Coca Cola,Beverages,52.95,241,12760.95,10
2026-01-14,SKU_1022,Coke Zero Can 330ml Value,Coca Cola,Beverages,56.8,212,12041.6,0
2026-01-15,SKU_1022,Coke Zero Can 330ml Value,Coca Cola,Beverages,52.19,225,11742.75,0
2026-01-16,SKU_1022,Coke Zero Can 330ml Value,Coca Cola,Beverages,56.9,211,12005.9,0
2026-01-17,SKU_1022,Coke Zero Can 330ml Value,Coca Cola,Beverages,55.95,247,13819.65,10
2026-01-18,SKU_1022,Coke Zero Can 330ml Value,Coca Cola,Beverages,56.15,215,12072.25,0
2026-01-19,SKU_1022,Coke Zero Can 330ml Value,Coca Cola,Beverages,55.85,236,13180.6,10
2026-01-20,SKU_1022,Coke Zero Can 330ml Value,Coca Cola,Beverages,57.24,242,13852.08,10
2026-01-21,SKU_1022,Coke Zero Can 330ml Value,Coca Cola,Beverages,51.76,223,11542.48,0
2026-01-22,SKU_1022,Coke Zero Can 330ml Value,Coca Cola,Beverages,54.47,258,14053.26,5
2026-01-23,SKU_1022,Coke Zero Can 330ml Value,Coca Cola,Beverages,56.99,223,12708.77,5
2026-01-24,SKU_1022,Coke Zero Can 330ml Value,Coca Cola,Beverages,53.81,242,13022.02,10
2026-01-25,SKU_1022,Coke Zero Can 330ml Value,Coca Cola,Beverages,54.44,253,13773.32,10
2026-01-26,SKU_1022,Coke Zero Can 330ml Value,Coca Cola,Beverages,58.12,236,13716.32,10
2026-01-27,SKU_1022,Coke Zero Can 330ml Value,Coca Cola,Beverages,53.23,234,12455.82,10
2026-01-28,SKU_1022,Coke Zero Can 330ml Value,Coca Cola,Beverages,56.35,239,13467.65,5
2026-01-29,SKU_1022,Coke Zero Can 330ml Value,Coca Cola,Beverages,55.59,230,12785.7,10
2026-01-30,SKU_1022,Coke Zero Can 330ml Value,Coca Cola,Beverages,57.32,238,13642.16,5
2026-01-31,SKU_1022,Coke Zero Can 330ml Value,Coca Cola,Beverages,54.79,217,11889.43,0
2026-02-01,SKU_1022,Coke Zero Can 330ml Value,Coca Cola,Beverages,53.55,254,13601.7,5
2026-02-02,SKU_1022,Coke Zero Can 330ml Value,Coca Cola,Beverages,51.57,225,11603.25,0
2026-02-03,SKU_1022,Coke Zero Can 330ml Value,Coca Cola,Beverages,56.08,216,12113.28,0
2026-02-04,SKU_1022,Coke Zero Can 330ml Value,Coca Cola,Beverages,56.09,214,12003.26,0
2026-02-05,SKU_1022,Coke Zero Can 330ml Value,Coca Cola,Beverages,51.66,224,11571.84,0
2026-02-06,SKU_1022,Coke Zero Can 330ml Value,Coca Cola,Beverages,55.96,236,13206.56,5
2026-02-07,SKU_1022,Coke Zero Can 330ml Value,Coca Cola,Beverages,56.41,243,13707.63,5
2026-02-08,SKU_1022,Coke Zero Can 330ml Value,Coca Cola,Beverages,51.57,226,11654.82,0
2026-02-09,SKU_1022,Coke Zero Can 330ml Value,Coca Cola,Beverages,53.26,221,11770.46,0
2026-02-10,SKU_1022,Coke Zero Can 330ml Value,Coca Cola,Beverages,57.28,213,12200.64,0
2026-02-11,SKU_1022,Coke Zero Can 330ml Value,Coca Cola,Beverages,57.86,233,13481.38,10
2026-02-12,SKU_1022,Coke Zero Can 330ml Value,Coca Cola,Beverages,52.68,241,12695.88,10
2026-02-13,SKU_1022,Coke Zero Can 330ml Value,Coca Cola,Beverages,52.6,222,11677.2,0
2026-02-14,SKU_1022,Coke Zero Can 330ml Value,Coca Cola,Beverages,56.1,214,12005.4,0
2026-02-15,SKU_1022,Coke Zero Can 330ml Value,Coca Cola,Beverages,56.84,212,12050.08,0
2026-02-16,SKU_1022,Coke Zero Can 330ml Value,Coca Cola,Beverages,57.38,252,14459.76,10
2026-02-17,SKU_1022,Coke Zero Can 330ml Value,Coca Cola,Beverages,52.02,224,11652.48,0
2026-02-18,SKU_1022,Coke Zero Can 330ml Value,Coca Cola,Beverages,51.86,225,11668.5,0
2026-02-19,SKU_1022,Coke Zero Can 330ml Value,Coca Cola,Beverages,52.61,238,12521.18,5
2026-02-20,SKU_1022,Coke Zero Can 330ml Value,Coca Cola,Beverages,57.72,212,12236.64,0
2026-02-21,SKU_1022,Coke Zero Can 330ml Value,Coca Cola,Beverages,58.1,229,13304.9,10
2026-02-22,SKU_1022,Coke Zero Can 330ml Value,Coca Cola,Beverages,57.4,242,13890.8,10
2026-02-23,SKU_1022,Coke Zero Can 330ml Value,Coca Cola,Beverages,56.79,214,12153.06,0
2026-02-24,SKU_1022,Coke Zero Can 330ml Value,Coca Cola,Beverages,57.34,210,12041.4,0
2026-02-25,SKU_1022,Coke Zero Can 330ml Value,Coca Cola,Beverages,55.23,217,11984.91,0
2026-02-26,SKU_1022,Coke Zero Can 330ml Value,Coca Cola,Beverages,51.48,244,12561.12,10
2026-02-27,SKU_1022,Coke Zero Can 330ml Value,Coca Cola,Beverages,58.01,228,13226.28,10
2026-02-28,SKU_1022,Coke Zero Can 330ml Value,Coca Cola,Beverages,51.41,259,13315.19,5
2026-03-01,SKU_1022,Coke Zero Can 330ml Value,Coca Cola,Beverages,56.07,214,11998.98,0
2026-03-02,SKU_1022,Coke Zero Can 330ml Value,Coca Cola,Beverages,51.35,238,12221.3,10
2026-03-03,SKU_1022,Coke Zero Can 330ml Value,Coca Cola,Beverages,57.46,222,12756.12,10
2026-03-04,SKU_1022,Coke Zero Can 330ml Value,Coca Cola,Beverages,57.8,242,13987.6,5
2026-03-05,SKU_1022,Coke Zero Can 330ml Value,Coca Cola,Beverages,54.7,254,13893.8,10
2026-03-06,SKU_1022,Coke Zero Can 330ml Value,Coca Cola,Beverages,56.25,214,12037.5,0
2026-03-07,SKU_1022,Coke Zero Can 330ml Value,Coca Cola,Beverages,56.87,215,12227.05,0
2026-03-08,SKU_1022,Coke Zero Can 330ml Value,Coca Cola,Beverages,52.78,222,11717.16,0
2026-03-09,SKU_1022,Coke Zero Can 330ml Value,Coca Cola,Beverages,53.36,221,11792.56,0
2026-03-10,SKU_1022,Coke Zero Can 330ml Value,Coca Cola,Beverages,52.72,222,11703.84,0
2026-03-11,SKU_1022,Coke Zero Can 330ml Value,Coca Cola,Beverages,53.87,245,13198.15,5
2026-03-12,SKU_1022,Coke Zero Can 330ml Value,Coca Cola,Beverages,56.41,212,11958.92,0
2026-03-13,SKU_1022,Coke Zero Can 330ml Value,Coca Cola,Beverages,52.97,222,11759.34,0
2026-03-14,SKU_1022,Coke Zero Can 330ml Value,Coca Cola,Beverages,51.62,226,11666.12,0
2026-03-15,SKU_1022,Coke Zero Can 330ml Value,Coca Cola,Beverages,57.99,213,12351.87,0
2026-03-16,SKU_1022,Coke Zero Can 330ml Value,Coca Cola,Beverages,53.29,221,11777.09,0
2026-03-17,SKU_1022,Coke Zero Can 330ml Value,Coca Cola,Beverages,51.55,246,12681.3,5
2026-03-18,SKU_1022,Coke Zero Can 330ml Value,Coca Cola,Beverages,55.62,215,11958.3,0
2026-03-19,SKU_1022,Coke Zero Can 330ml Value,Coca Cola,Beverages,56.19,225,12642.75,10
2026-03-20,SKU_1022,Coke Zero Can 330ml Value,Coca Cola,Beverages,55.55,225,12498.75,5
2026-03-21,SKU_1022,Coke Zero Can 330ml Value,Coca Cola,Beverages,53.21,247,13142.87,10
2026-03-22,SKU_1022,Coke Zero Can 330ml Value,Coca Cola,Beverages,55.22,231,12755.82,5
2026-03-23,SKU_1022,Coke Zero Can 330ml Value,Coca Cola,Beverages,57.55,244,14042.2,10
2026-03-24,SKU_1022,Coke Zero Can 330ml Value,Coca Cola,Beverages,57.71,221,12753.91,5
2026-03-25,SKU_1022,Coke Zero Can 330ml Value,Coca Cola,Beverages,58.01,234,13574.34,10
2026-03-26,SKU_1022,Coke Zero Can 330ml Value,Coca Cola,Beverages,54.22,243,13175.46,10
2026-03-27,SKU_1022,Coke Zero Can 330ml Value,Coca Cola,Beverages,53.26,222,11823.72,0
2026-03-28,SKU_1022,Coke Zero Can 330ml Value,Coca Cola,Beverages,54.76,218,11937.68,0
2026-03-29,SKU_1022,Coke Zero Can 330ml Value,Coca Cola,Beverages,58.2,208,12105.6,0
2026-03-30,SKU_1022,Coke Zero Can 330ml Value,Coca Cola,Beverages,55.1,240,13224.0,10
2026-03-31,SKU_1022,Coke Zero Can 330ml Value,Coca Cola,Beverages,58.07,209,12136.63,0
2026-04-01,SKU_1022,Coke Zero Can 330ml Value,Coca Cola,Beverages,56.83,265,15059.95,0
2026-04-02,SKU_1022,Coke Zero Can 330ml Value,Coca Cola,Beverages,52.55,317,16658.35,10
2026-04-03,SKU_1022,Coke Zero Can 330ml Value,Coca Cola,Beverages,52.13,298,15534.74,5
2026-04-04,SKU_1022,Coke Zero Can 330ml Value,Coca Cola,Beverages,51.48,284,14620.32,0
2026-04-05,SKU_1022,Coke Zero Can 330ml Value,Coca Cola,Beverages,57.5,268,15410.0,0
2026-04-06,SKU_1022,Coke Zero Can 330ml Value,Coca Cola,Beverages,53.91,275,14825.25,0
2026-04-07,SKU_1022,Coke Zero Can 330ml Value,Coca Cola,Beverages,51.81,280,14506.8,0
2026-04-08,SKU_1022,Coke Zero Can 330ml Value,Coca Cola,Beverages,56.91,264,15024.24,0
2026-04-09,SKU_1022,Coke Zero Can 330ml Value,Coca Cola,Beverages,52.76,289,15247.64,5
2026-04-10,SKU_1022,Coke Zero Can 330ml Value,Coca Cola,Beverages,54.96,299,16433.04,5
2026-04-11,SKU_1022,Coke Zero Can 330ml Value,Coca Cola,Beverages,56.48,267,15080.16,0
2026-04-12,SKU_1022,Coke Zero Can 330ml Value,Coca Cola,Beverages,53.43,305,16296.15,10
2026-04-13,SKU_1022,Coke Zero Can 330ml Value,Coca Cola,Beverages,53.99,289,15603.11,5
2026-04-14,SKU_1022,Coke Zero Can 330ml Value,Coca Cola,Beverages,54.81,272,14908.32,0
2026-04-15,SKU_1022,Coke Zero Can 330ml Value,Coca Cola,Beverages,54.27,307,16660.89,5
2026-04-16,SKU_1022,Coke Zero Can 330ml Value,Coca Cola,Beverages,57.97,262,15188.14,0
2026-04-17,SKU_1022,Coke Zero Can 330ml Value,Coca Cola,Beverages,56.54,302,17075.08,10
2026-04-18,SKU_1022,Coke Zero Can 330ml Value,Coca Cola,Beverages,56.24,266,14959.84,0
2026-04-19,SKU_1022,Coke Zero Can 330ml Value,Coca Cola,Beverages,52.77,295,15567.15,10
2026-04-20,SKU_1022,Coke Zero Can 330ml Value,Coca Cola,Beverages,56.95,303,17255.85,10
2026-04-21,SKU_1022,Coke Zero Can 330ml Value,Coca Cola,Beverages,57.03,265,15112.95,0
2026-04-22,SKU_1022,Coke Zero Can 330ml Value,Coca Cola,Beverages,57.17,282,16121.94,10
2026-04-23,SKU_1022,Coke Zero Can 330ml Value,Coca Cola,Beverages,57.47,264,15172.08,0
2026-04-24,SKU_1022,Coke Zero Can 330ml Value,Coca Cola,Beverages,55.68,271,15089.28,0
2026-04-25,SKU_1022,Coke Zero Can 330ml Value,Coca Cola,Beverages,57.52,282,16220.64,5
2026-04-26,SKU_1022,Coke Zero Can 330ml Value,Coca Cola,Beverages,54.74,297,16257.78,10
2026-04-27,SKU_1022,Coke Zero Can 330ml Value,Coca Cola,Beverages,53.72,297,15954.84,5
2026-04-28,SKU_1022,Coke Zero Can 330ml Value,Coca Cola,Beverages,54.94,288,15822.72,5
2026-04-29,SKU_1022,Coke Zero Can 330ml Value,Coca Cola,Beverages,56.82,288,16364.16,5
2026-04-30,SKU_1022,Coke Zero Can 330ml Value,Coca Cola,Beverages,53.55,276,14779.8,0
2026-05-01,SKU_1022,Coke Zero Can 330ml Value,Coca Cola,Beverages,55.25,272,15028.0,0
2026-05-02,SKU_1022,Coke Zero Can 330ml Value,Coca Cola,Beverages,53.96,275,14839.0,0
2026-05-03,SKU_1022,Coke Zero Can 330ml Value,Coca Cola,Beverages,53.58,312,16716.96,10
2026-05-04,SKU_1022,Coke Zero Can 330ml Value,Coca Cola,Beverages,56.74,288,16341.12,5
2026-05-05,SKU_1022,Coke Zero Can 330ml Value,Coca Cola,Beverages,57.62,264,15211.68,0
2026-05-06,SKU_1022,Coke Zero Can 330ml Value,Coca Cola,Beverages,54.06,274,14812.44,0
2026-05-07,SKU_1022,Coke Zero Can 330ml Value,Coca Cola,Beverages,56.34,281,15831.54,5
2026-05-08,SKU_1022,Coke Zero Can 330ml Value,Coca Cola,Beverages,51.74,282,14590.68,0
2026-05-09,SKU_1022,Coke Zero Can 330ml Value,Coca Cola,Beverages,54.41,273,14853.93,0
2026-05-10,SKU_1022,Coke Zero Can 330ml Value,Coca Cola,Beverages,57.8,263,15201.4,0
2026-05-11,SKU_1022,Coke Zero Can 330ml Value,Coca Cola,Beverages,58.02,260,15085.2,0
2026-05-12,SKU_1022,Coke Zero Can 330ml Value,Coca Cola,Beverages,52.58,317,16667.86,10
2026-05-13,SKU_1022,Coke Zero Can 330ml Value,Coca Cola,Beverages,55.62,269,14961.78,0
2026-05-14,SKU_1022,Coke Zero Can 330ml Value,Coca Cola,Beverages,58.01,261,15140.61,0
2026-05-15,SKU_1022,Coke Zero Can 330ml Value,Coca Cola,Beverages,55.91,269,15039.79,0
2026-05-16,SKU_1022,Coke Zero Can 330ml Value,Coca Cola,Beverages,52.96,278,14722.88,0
2026-05-17,SKU_1022,Coke Zero Can 330ml Value,Coca Cola,Beverages,57.59,266,15318.94,0
2026-05-18,SKU_1022,Coke Zero Can 330ml Value,Coca Cola,Beverages,56.23,306,17206.38,10
