datasets/sales.csv
date,product_id,product_name,brand,category,selling_price,units_sold,revenue,promotion_discount_pct
2025-11-20,SKU_1023,Coke Zero Can 330ml Family,Coca Cola,Beverages,71.97,283,20367.51,10
2025-11-21,SKU_1023,Coke Zero Can 330ml Family,Coca Cola,Beverages,66.83,287,19180.21,5
2025-11-22,SKU_1023,Coke Zero Can 330ml Family,Coca Cola,Beverages,69.78,263,18352.14,5
2025-11-23,SKU_1023,Coke Zero Can 330ml Family,Coca Cola,Beverages,65.54,257,16843.78,0
2025-11-24,SKU_1023,Coke Zero Can 330ml Family,Coca Cola,Beverages,72.39,239,17301.21,0
2025-11-25,SKU_1023,Coke Zero Can 330ml Family,Coca Cola,Beverages,71.72,270,19364.4,5
2025-11-26,SKU_1023,Coke Zero Can 330ml Family,Coca Cola,Beverages,70.4,276,19430.4,5
2025-11-27,SKU_1023,Coke Zero Can 330ml Family,Coca Cola,Beverages,71.36,250,17840.0,5
2025-11-28,SKU_1023,Coke Zero Can 330ml Family,Coca Cola,Beverages,65.76,256,16834.56,0
2025-11-29,SKU_1023,Coke Zero Can 330ml Family,Coca Cola,Beverages,65.55,281,18419.55,10
2025-11-30,SKU_1023,Coke Zero Can 330ml Family,Coca Cola,Beverages,70.79,242,17131.18,0
2025-12-01,SKU_1023,Coke Zero Can 330ml Family,Coca Cola,Beverages,66.0,223,14718.0,0
2025-12-02,SKU_1023,Coke Zero Can 330ml Family,Coca Cola,Beverages,65.34,243,15877.62,10
2025-12-03,SKU_1023,Coke Zero Can 330ml Family,Coca Cola,Beverages,65.27,223,14555.21,0
2025-12-04,SKU_1023,Coke Zero Can 330ml Family,Coca Cola,Beverages,65.31,224,14629.44,0
2025-12-05,SKU_1023,Coke Zero Can 330ml Family,Coca Cola,Beverages,68.93,217,14957.81,0
2025-12-06,SKU_1023,Coke Zero Can 330ml Family,Coca Cola,Beverages,66.45,257,17077.65,10
2025-12-07,SKU_1023,Coke Zero Can 330ml Family,Coca Cola,Beverages,72.37,232,16789.84,10
2025-12-08,SKU_1023,Coke Zero Can 330ml Family,Coca Cola,Beverages,68.56,217,14877.52,0
2025-12-09,SKU_1023,Coke Zero Can 330ml Family,Coca Cola,Beverages,70.12,213,14935.56,0
2025-12-10,SKU_1023,Coke Zero Can 330ml Family,Coca Cola,Beverages,69.98,214,14975.72,0
2025-12-11,SKU_1023,Coke Zero Can 330ml Family,Coca Cola,Beverages,69.72,215,14989.8,0
2025-12-12,SKU_1023,Coke Zero Can 330ml Family,Coca Cola,Beverages,71.13,209,14866.17,0
2025-12-13,SKU_1023,Coke Zero Can 330ml Family,Coca Cola,Beverages,65.9,223,14695.7,0
2025-12-14,SKU_1023,Coke Zero Can 330ml Family,Coca Cola,Beverages,66.2,222,14696.4,0
2025-12-15,SKU_1023,Coke Zero Can 330ml Family,Coca Cola,Beverages,71.27,229,16320.83,10
2025-12-16,SKU_1023,Coke Zero Can 330ml Family,Coca Cola,Beverages,65.09,223,14515.07,0
2025-12-17,SKU_1023,Coke Zero Can 330ml Family,Coca Cola,Beverages,72.5,243,17617.5,10
2025-12-18,SKU_1023,Coke Zero Can 330ml Family,Coca Cola,Beverages,72.27,212,15321.24,0
2025-12-19,SKU_1023,Coke Zero Can 330ml Family,Coca Cola,Beverages,69.77,249,17372.73,10
2025-12-20,SKU_1023,Coke Zero Can 330ml Family,Coca Cola,Beverages,67.18,220,14779.6,0
2025-12-21,SKU_1023,Coke Zero Can 330ml Family,Coca Cola,Beverages,65.87,239,15742.93,10
2025-12-22,SKU_1023,Coke Zero Can 330ml Family,Coca Cola,Beverages,64.62,227,14668.74,0
2025-12-23,SKU_1023,Coke Zero Can 330ml Family,Coca Cola,Beverages,69.18,214,14804.52,0
2025-12-24,SKU_1023,Coke Zero Can 330ml Family,Coca Cola,Beverages,65.97,223,14711.31,0
2025-12-25,SKU_1023,Coke Zero Can 330ml Family,Coca Cola,Beverages,69.47,227,15769.69,5
2025-12-26,SKU_1023,Coke Zero Can 330ml Family,Coca Cola,Beverages,69.68,214,14911.52,0
2025-12-27,SKU_1023,Coke Zero Can 330ml Family,Coca Cola,Beverages,65.94,245,16155.3,5
2025-12-28,SKU_1023,Coke Zero Can 330ml Family,Coca Cola,Beverages,68.22,218,14871.96,0
2025-12-29,SKU_1023,Coke Zero Can 330ml Family,Coca Cola,Beverages,65.14,226,14721.64,0
2025-12-30,SKU_1023,Coke Zero Can 330ml Family,Coca Cola,Beverages,65.14,224,14591.36,0
2025-12-31,SKU_1023,Coke Zero Can 330ml Family,Coca Cola,Beverages,65.26,223,14552.98,0
2026-01-01,SKU_1023,Coke Zero Can 330ml Family,Coca Cola,Beverages,69.54,216,15020.64,0
2026-01-02,SKU_1023,Coke Zero Can 330ml Family,Coca Cola,Beverages,70.47,246,17335.62,10
2026-01-03,SKU_1023,Coke Zero Can 330ml Family,Coca Cola,Beverages,67.97,252,17128.44,10
2026-01-04,SKU_1023,Coke Zero Can 330ml Family,Coca Cola,Beverages,70.53,231,16292.43,10
2026-01-05,SKU_1023,Coke Zero Can 330ml Family,Coca Cola,Beverages,67.91,229,15551.39,10
2026-01-06,SKU_1023,Coke Zero Can 330ml Family,Coca Cola,Beverages,69.92,214,14962.88,0
2026-01-07,SKU_1023,Coke Zero Can 330ml Family,Coca Cola,Beverages,70.94,214,15181.16,0
2026-01-08,SKU_1023,Coke Zero Can 330ml Family,Coca Cola,Beverages,65.67,222,14578.74,0
2026-01-09,SKU_1023,Coke Zero Can 330ml Family,Coca Cola,Beverages,71.06,225,15988.5,10
2026-01-10,SKU_1023,Coke Zero Can 330ml Family,Coca Cola,Beverages,72.21,237,17113.77,10
2026-01-11,SKU_1023,Coke Zero Can 330ml Family,Coca Cola,Beverages,66.99,239,16010.61,10
2026-01-12,SKU_1023,Coke Zero Can 330ml Family,Coca Cola,Beverages,67.42,236,15911.12,10
2026-01-13,SKU_1023,Coke Zero Can 330ml Family,Coca Cola,Beverages,70.27,214,15037.78,0
2026-01-14,SKU_1023,Coke Zero Can 330ml Family,Coca Cola,Beverages,70.46,211,14867.06,0
2026-01-15,SKU_1023,Coke Zero Can 330ml Family,Coca Cola,Beverages,71.24,210,14960.4,0
2026-01-16,SKU_1023,Coke Zero Can 330ml Family,Coca Cola,Beverages,71.19,242,17227.98,10
2026-01-17,SKU_1023,Coke Zero Can 330ml Family,Coca Cola,Beverages,67.15,245,16451.75,10
2026-01-18,SKU_1023,Coke Zero Can 330ml Family,Coca Cola,Beverages,71.35,209,14912.15,0
2026-01-19,SKU_1023,Coke Zero Can 330ml Family,Coca Cola,Beverages,72.63,211,15324.93,0
2026-01-20,SKU_1023,Coke Zero Can 330ml Family,Coca Cola,Beverages,65.8,244,16055.2,10
2026-01-21,SKU_1023,Coke Zero Can 330ml Family,Coca Cola,Beverages,68.86,217,14942.62,0
2026-01-22,SKU_1023,Coke Zero Can 330ml Family,Coca Cola,Beverages,65.99,222,14649.78,0
2026-01-23,SKU_1023,Coke Zero Can 330ml Family,Coca Cola,Beverages,71.92,208,14959.36,0
2026-01-24,SKU_1023,Coke Zero Can 330ml Family,Coca Cola,Beverages,65.36,224,14640.64,0
2026-01-25,SKU_1023,Coke Zero Can 330ml Family,Coca Cola,Beverages,67.83,219,14854.77,0
2026-01-26,SKU_1023,Coke Zero Can 330ml Family,Coca Cola,Beverages,68.33,218,14895.94,0
2026-01-27,SKU_1023,Coke Zero Can 330ml Family,Coca Cola,Beverages,64.65,226,14610.9,0
2026-01-28,SKU_1023,Coke Zero Can 330ml Family,Coca Cola,Beverages,68.01,218,14826.18,0
2026-01-29,SKU_1023,Coke Zero Can 330ml Family,Coca Cola,Beverages,67.91,218,14804.38,0
2026-01-30,SKU_1023,Coke Zero Can 330ml Family,Coca Cola,Beverages,67.74,219,14835.06,0
2026-01-31,SKU_1023,Coke Zero Can 330ml Family,Coca Cola,Beverages,68.78,216,14856.48,0
2026-02-01,SKU_1023,Coke Zero Can 330ml Family,Coca Cola,Beverages,67.13,220,14768.6,0
2026-02-02,SKU_1023,Coke Zero Can 330ml Family,Coca Cola,Beverages,71.39,210,14991.9,0
2026-02-03,SKU_1023,Coke Zero Can 330ml Family,Coca Cola,Beverages,66.07,223,14733.61,0
2026-02-04,SKU_1023,Coke Zero Can 330ml Family,Coca Cola,Beverages,64.41,224,14427.84,0
2026-02-05,SKU_1023,Coke Zero Can 330ml Family,Coca Cola,Beverages,69.53,254,17660.62,5
2026-02-06,SKU_1023,Coke Zero Can 330ml Family,Coca Cola,Beverages,68.48,238,16298.24,5
2026-02-07,SKU_1023,Coke Zero Can 330ml Family,Coca Cola,Beverages,67.84,231,15671.04,10
2026-02-08,SKU_1023,Coke Zero Can 330ml Family,Coca Cola,Beverages,67.38,220,14823.6,0
2026-02-09,SKU_1023,Coke Zero Can 330ml Family,Coca Cola,Beverages,67.39,220,14825.8,0
2026-02-10,SKU_1023,Coke Zero Can 330ml Family,Coca Cola,Beverages,72.42,210,15208.2,0
2026-02-11,SKU_1023,Coke Zero Can 330ml Family,Coca Cola,Beverages,65.33,248,16201.84,5
2026-02-12,SKU_1023,Coke Zero Can 330ml Family,Coca Cola,Beverages,64.15,225,14433.75,0
2026-02-13,SKU_1023,Coke Zero Can 330ml Family,Coca Cola,Beverages,70.87,223,15804.01,10
2026-02-14,SKU_1023,Coke Zero Can 330ml Family,Coca Cola,Beverages,64.46,251,16179.46,5
2026-02-15,SKU_1023,Coke Zero Can 330ml Family,Coca Cola,Beverages,66.14,222,14683.08,0
2026-02-16,SKU_1023,Coke Zero Can 330ml Family,Coca Cola,Beverages,70.82,214,15155.48,0
2026-02-17,SKU_1023,Coke Zero Can 330ml Family,Coca Cola,Beverages,67.84,219,14856.96,0
2026-02-18,SKU_1023,Coke Zero Can 330ml Family,Coca Cola,Beverages,68.66,216,14830.56,0
2026-02-19,SKU_1023,Coke Zero Can 330ml Family,Coca Cola,Beverages,68.05,219,14902.95,0
2026-02-20,SKU_1023,Coke Zero Can 330ml Family,Coca Cola,Beverages,71.75,212,15211.0,0
2026-02-21,SKU_1023,Coke Zero Can 330ml Family,Coca Cola,Beverages,70.31,213,14976.03,0
2026-02-22,SKU_1023,Coke Zero Can 330ml Family,Coca Cola,Beverages,68.59,217,14884.03,0
2026-02-23,SKU_1023,Coke Zero Can 330ml Family,Coca Cola,Beverages,66.29,222,14716.38,0
2026-02-24,SKU_1023,Coke Zero Can 330ml Family,Coca Cola,Beverages,67.04,221,14815.84,0
2026-02-25,SKU_1023,Coke Zero Can 330ml Family,Coca Cola,Beverages,67.29,220,14803.8,0
2026-02-26,SKU_1023,Coke Zero Can 330ml Family,Coca Cola,Beverages,68.44,233,15946.52,5
2026-02-27,SKU_1023,Coke Zero Can 330ml Family,Coca Cola,Beverages,65.13,224,14589.12,0
2026-02-28,SKU_1023,Coke Zero Can 330ml Family,Coca Cola,Beverages,69.08,254,17546.32,10
2026-03-01,SKU_1023,Coke Zero Can 330ml Family,Coca Cola,Beverages,68.76,249,17121.24,5
2026-03-02,SKU_1023,Coke Zero Can 330ml Family,Coca Cola,Beverages,67.89,219,14867.91,0
2026-03-03,SKU_1023,Coke Zero Can 330ml Family,Coca Cola,Beverages,65.92,223,14700.16,0
2026-03-04,SKU_1023,Coke Zero Can 330ml Family,Coca Cola,Beverages,65.87,224,14754.88,0
2026-03-05,SKU_1023,Coke Zero Can 330ml Family,Coca Cola,Beverages,69.45,255,17709.75,5
2026-03-06,SKU_1023,Coke Zero Can 330ml Family,Coca Cola,Beverages,66.36,245,16258.2,5
2026-03-07,SKU_1023,Coke Zero Can 330ml Family,Coca Cola,Beverages,71.35,225,16053.75,10
2026-03-08,SKU_1023,Coke Zero Can 330ml Family,Coca Cola,Beverages,68.73,226,15532.98,5
2026-03-09,SKU_1023,Coke Zero Can 330ml Family,Coca Cola,Beverages,64.41,252,16231.32,5
2026-03-10,SKU_1023,Coke Zero Can 330ml Family,Coca Cola,Beverages,67.86,219,14861.34,0
2026-03-11,SKU_1023,Coke Zero Can 330ml Family,Coca Cola,Beverages,69.63,216,15040.08,0
2026-03-12,SKU_1023,Coke Zero Can 330ml Family,Coca Cola,Beverages,71.1,239,16992.9,10
2026-03-13,SKU_1023,Coke Zero Can 330ml Family,Coca Cola,Beverages,69.97,215,15043.55,0
2026-03-14,SKU_1023,Coke Zero Can 330ml Family,Coca Cola,Beverages,64.45,228,14694.6,0
2026-03-15,SKU_1023,Coke Zero Can 330ml Family,Coca Cola,Beverages,69.26,227,15722.02,10
2026-03-16,SKU_1023,Coke Zero Can 330ml Family,Coca Cola,Beverages,71.33,211,15050.63,0
2026-03-17,SKU_1023,Coke Zero Can 330ml Family,Coca Cola,Beverages,69.16,216,14938.56,0
2026-03-18,SKU_1023,Coke Zero Can 330ml Family,Coca Cola,Beverages,66.9,221,14784.9,0
2026-03-19,SKU_1023,Coke Zero Can 330ml Family,Coca Cola,Beverages,69.48,234,16258.32,10
2026-03-20,SKU_1023,Coke Zero Can 330ml Family,Coca Cola,Beverages,69.8,253,17659.4,5
2026-03-21,SKU_1023,Coke Zero Can 330ml Family,Coca Cola,Beverages,72.13,232,16734.16,10
2026-03-22,SKU_1023,Coke Zero Can 330ml Family,Coca Cola,Beverages,69.73,214,14922.22,0
2026-03-23,SKU_1023,Coke Zero Can 330ml Family,Coca Cola,Beverages,68.19,218,14865.42,0
2026-03-24,SKU_1023,Coke Zero Can 330ml Family,Coca Cola,Beverages,71.26,245,17458.7,10
2026-03-25,SKU_1023,Coke Zero Can 330ml Family,Coca Cola,Beverages,66.69,261,17406.09,5
2026-03-26,SKU_1023,Coke Zero Can 330ml Family,Coca Cola,Beverages,65.0,224,14560.0,0
2026-03-27,SKU_1023,Coke Zero Can 330ml Family,Coca Cola,Beverages,72.48,226,16380.48,10
2026-03-28,SKU_1023,Coke Zero Can 330ml Family,Coca Cola,Beverages,66.3,223,14784.9,0
2026-03-29,SKU_1023,Coke Zero Can 330ml Family,Coca Cola,Beverages,67.96,250,16990.0,10
2026-03-30,SKU_1023,Coke Zero Can 330ml Family,Coca Cola,Beverages,69.31,255,17674.05,10
2026-03-31,SKU_1023,Coke Zero Can 330ml Family,Coca Cola,Beverages,65.12,225,14652.0,0
2026-04-01,SKU_1023,Coke Zero Can 330ml Family,Coca Cola,Beverages,64.71,284,18377.64,0
2026-04-02,SKU_1023,Coke Zero Can 330ml Family,Coca Cola,Beverages,65.57,280,18359.6,0
2026-04-03,SKU_1023,Coke Zero Can 330ml Family,Coca Cola,Beverages,64.36,307,19758.52,10
2026-04-04,SKU_1023,Coke Zero Can 330ml Family,Coca Cola,Beverages,71.32,263,18757.16,0
2026-04-05,SKU_1023,Coke Zero Can 330ml Family,Coca Cola,Beverages,65.05,281,18279.05,0
2026-04-06,SKU_1023,Coke Zero Can 330ml Family,Coca Cola,Beverages,69.92,267,18668.64,0
2026-04-07,SKU_1023,Coke Zero Can 330ml Family,Coca Cola,Beverages,64.96,324,21047.04,10
2026-04-08,SKU_1023,Coke Zero Can 330ml Family,Coca Cola,Beverages,72.67,264,19184.88,0
2026-04-09,SKU_1023,Coke Zero Can 330ml Family,Coca Cola,Beverages,70.13,292,20477.96,10
2026-04-10,SKU_1023,Coke Zero Can 330ml Family,Coca Cola,Beverages,69.35,292,20250.2,10
2026-04-11,SKU_1023,Coke Zero Can 330ml Family,Coca Cola,Beverages,72.03,258,18583.74,0
2026-04-12,SKU_1023,Coke Zero Can 330ml Family,Coca Cola,Beverages,72.69,281,20425.89,10
2026-04-13,SKU_1023,Coke Zero Can 330ml Family,Coca Cola,Beverages,69.62,277,19284.74,10
2026-04-14,SKU_1023,Coke Zero Can 330ml Family,Coca Cola,Beverages,71.28,300,21384.0,10
2026-04-15,SKU_1023,Coke Zero Can 330ml Family,Coca Cola,Beverages,67.63,288,19477.44,10
2026-04-16,SKU_1023,Coke Zero Can 330ml Family,Coca Cola,Beverages,65.54,279,18285.66,0
2026-04-17,SKU_1023,Coke Zero Can 330ml Family,Coca Cola,Beverages,68.71,271,18620.41,0
2026-04-18,SKU_1023,Coke Zero Can 330ml Family,Coca Cola,Beverages,69.14,291,20119.74,10
2026-04-19,SKU_1023,Coke Zero Can 330ml Family,Coca Cola,Beverages,67.97,274,18623.78,0
2026-04-20,SKU_1023,Coke Zero Can 330ml Family,Coca Cola,Beverages,64.67,291,18818.97,10
2026-04-21,SKU_1023,Coke Zero Can 330ml Family,Coca Cola,Beverages,67.8,274,18577.2,0
2026-04-22,SKU_1023,Coke Zero Can 330ml Family,Coca Cola,Beverages,71.4,266,18992.4,0
2026-04-23,SKU_1023,Coke Zero Can 330ml Family,Coca Cola,Beverages,67.46,297,20035.62,10
2026-04-24,SKU_1023,Coke Zero Can 330ml Family,Coca Cola,Beverages,64.93,282,18310.26,0
2026-04-25,SKU_1023,Coke Zero Can 330ml Family,Coca Cola,Beverages,72.32,292,21117.44,5
2026-04-26,SKU_1023,Coke Zero Can 330ml Family,Coca Cola,Beverages,71.3,265,18894.5,0
2026-04-27,SKU_1023,Coke Zero Can 330ml Family,Coca Cola,Beverages,69.39,283,19637.37,10
2026-04-28,SKU_1023,Coke Zero Can 330ml Family,Coca Cola,Beverages,68.19,312,21275.28,10
2026-04-29,SKU_1023,Coke Zero Can 330ml Family,Coca Cola,Beverages,72.89,286,20846.54,5
2026-04-30,SKU_1023,Coke Zero Can 330ml Family,Coca Cola,Beverages,69.7,290,20213.0,10
2026-05-01,SKU_1023,Coke Zero Can 330ml Family,Coca Cola,Beverages,66.14,277,18320.78,0
2026-05-02,SKU_1023,Coke Zero Can 330ml Family,Coca Cola,Beverages,71.06,265,18830.9,0
2026-05-03,SKU_1023,Coke Zero Can 330ml Family,Coca Cola,Beverages,67.87,303,20564.61,10
2026-05-04,SKU_1023,Coke Zero Can 330ml Family,Coca Cola,Beverages,66.3,305,20221.5,10
2026-05-05,SKU_1023,Coke Zero Can 330ml Family,Coca Cola,Beverages,66.09,279,18439.11,0
2026-05-06,SKU_1023,Coke Zero Can 330ml Family,Coca Cola,Beverages,65.06,318,20689.08,10
2026-05-07,SKU_1023,Coke Zero Can 330ml Family,Coca Cola,Beverages,71.66,277,19849.82,5
2026-05-08,SKU_1023,Coke Zero Can 330ml Family,Coca Cola,Beverages,66.69,315,21007.35,10
2026-05-09,SKU_1023,Coke Zero Can 330ml Family,Coca Cola,Beverages,67.82,296,20074.72,10
2026-05-10,SKU_1023,Coke Zero Can 330ml Family,Coca Cola,Beverages,67.49,275,18559.75,0
2026-05-11,SKU_1023,Coke Zero Can 330ml Family,Coca Cola,Beverages,72.33,262,18950.46,0
2026-05-12,SKU_1023,Coke Zero Can 330ml Family,Coca Cola,Beverages,68.1,273,18591.3,0
2026-05-13,SKU_1023,Coke Zero Can 330ml Family,Coca Cola,Beverages,68.02,273,18569.46,0
2026-05-14,SKU_1023,Coke Zero Can 330ml Family,Coca Cola,Beverages,65.02,280,18205.6,0
2026-05-15,SKU_1023,Coke Zero Can 330ml Family,Coca Cola,Beverages,69.21,289,20001.69,5
2026-05-16,SKU_1023,Coke Zero Can 330ml Family,Coca Cola,Beverages,68.89,312,21493.68,10
2026-05-17,SKU_1023,Coke Zero Can 330ml Family,Coca Cola,Beverages,69.16,269,18604.04,0
2026-05-18,SKU_1023,Coke Zero Can 330ml Family,Coca Cola,Beverages,66.46,294,19539.24,10
