datasets/sales.csv
date,product_id,product_name,brand,category,selling_price,units_sold,revenue,promotion_discount_pct
2025-11-20,SKU_1024,Pepsi 250ml Mini,Pepsi,Beverages,14.42,251,3619.42,0
2025-11-21,SKU_1024,Pepsi 250ml Mini,Pepsi,Beverages,15.09,250,3772.5,0
2025-11-22,SKU_1024,Pepsi 250ml Mini,Pepsi,Beverages,15.1,278,4197.8,5
2025-11-23,SKU_1024,Pepsi 250ml Mini,Pepsi,Beverages,14.35,288,4132.8,10
2025-11-24,SKU_1024,Pepsi 250ml Mini,Pepsi,Beverages,13.42,254,3408.68,0
2025-11-25,SKU_1024,Pepsi 250ml Mini,Pepsi,Beverages,15.12,250,3780.0,0
2025-11-26,SKU_1024,Pepsi 250ml Mini,Pepsi,Beverages,13.95,283,3947.85,10
2025-11-27,SKU_1024,Pepsi 250ml Mini,Pepsi,Beverages,14.78,250,3695.0,0
2025-11-28,SKU_1024,Pepsi 250ml Mini,Pepsi,Beverages,14.6,251,3664.6,0
2025-11-29,SKU_1024,Pepsi 250ml Mini,Pepsi,Beverages,14.16,252,3568.32,0
2025-11-30,SKU_1024,Pepsi 250ml Mini,Pepsi,Beverages,13.92,253,3521.76,0
2025-12-01,SKU_1024,Pepsi 250ml Mini,Pepsi,Beverages,14.97,231,3458.07,10
2025-12-02,SKU_1024,Pepsi 250ml Mini,Pepsi,Beverages,14.03,219,3072.57,0
2025-12-03,SKU_1024,Pepsi 250ml Mini,Pepsi,Beverages,14.96,218,3261.28,0
2025-12-04,SKU_1024,Pepsi 250ml Mini,Pepsi,Beverages,14.67,218,3198.06,0
2025-12-05,SKU_1024,Pepsi 250ml Mini,Pepsi,Beverages,13.53,220,2976.6,0
2025-12-06,SKU_1024,Pepsi 250ml Mini,Pepsi,Beverages,14.48,218,3156.64,0
2025-12-07,SKU_1024,Pepsi 250ml Mini,Pepsi,Beverages,13.8,242,3339.6,5
2025-12-08,SKU_1024,Pepsi 250ml Mini,Pepsi,Beverages,14.84,256,3799.04,5
2025-12-09,SKU_1024,Pepsi 250ml Mini,Pepsi,Beverages,14.96,231,3455.76,10
2025-12-10,SKU_1024,Pepsi 250ml Mini,Pepsi,Beverages,14.57,252,3671.64,10
2025-12-11,SKU_1024,Pepsi 250ml Mini,Pepsi,Beverages,14.29,259,3701.11,10
2025-12-12,SKU_1024,Pepsi 250ml Mini,Pepsi,Beverages,14.95,242,3617.9,5
2025-12-13,SKU_1024,Pepsi 250ml Mini,Pepsi,Beverages,14.82,218,3230.76,0
2025-12-14,SKU_1024,Pepsi 250ml Mini,Pepsi,Beverages,13.44,258,3467.52,10
2025-12-15,SKU_1024,Pepsi 250ml Mini,Pepsi,Beverages,15.11,217,3278.87,0
2025-12-16,SKU_1024,Pepsi 250ml Mini,Pepsi,Beverages,14.43,258,3722.94,5
2025-12-17,SKU_1024,Pepsi 250ml Mini,Pepsi,Beverages,13.78,249,3431.22,10
2025-12-18,SKU_1024,Pepsi 250ml Mini,Pepsi,Beverages,14.76,240,3542.4,10
2025-12-19,SKU_1024,Pepsi 250ml Mini,Pepsi,Beverages,14.57,218,3176.26,0
2025-12-20,SKU_1024,Pepsi 250ml Mini,Pepsi,Beverages,14.99,217,3252.83,0
2025-12-21,SKU_1024,Pepsi 250ml Mini,Pepsi,Beverages,14.55,218,3171.9,0
2025-12-22,SKU_1024,Pepsi 250ml Mini,Pepsi,Beverages,13.92,220,3062.4,0
2025-12-23,SKU_1024,Pepsi 250ml Mini,Pepsi,Beverages,14.76,218,3217.68,0
2025-12-24,SKU_1024,Pepsi 250ml Mini,Pepsi,Beverages,14.42,218,3143.56,0
2025-12-25,SKU_1024,Pepsi 250ml Mini,Pepsi,Beverages,13.41,242,3245.22,5
2025-12-26,SKU_1024,Pepsi 250ml Mini,Pepsi,Beverages,13.75,220,3025.0,0
2025-12-27,SKU_1024,Pepsi 250ml Mini,Pepsi,Beverages,13.94,220,3066.8,0
2025-12-28,SKU_1024,Pepsi 250ml Mini,Pepsi,Beverages,14.07,219,3081.33,0
2025-12-29,SKU_1024,Pepsi 250ml Mini,Pepsi,Beverages,14.82,253,3749.46,10
2025-12-30,SKU_1024,Pepsi 250ml Mini,Pepsi,Beverages,14.02,219,3070.38,0
2025-12-31,SKU_1024,Pepsi 250ml Mini,Pepsi,Beverages,14.05,219,3076.95,0
2026-01-01,SKU_1024,Pepsi 250ml Mini,Pepsi,Beverages,13.48,221,2979.08,0
2026-01-02,SKU_1024,Pepsi 250ml Mini,Pepsi,Beverages,13.98,230,3215.4,5
2026-01-03,SKU_1024,Pepsi 250ml Mini,Pepsi,Beverages,13.39,240,3213.6,10
2026-01-04,SKU_1024,Pepsi 250ml Mini,Pepsi,Beverages,14.77,236,3485.72,10
2026-01-05,SKU_1024,Pepsi 250ml Mini,Pepsi,Beverages,13.63,242,3298.46,5
2026-01-06,SKU_1024,Pepsi 250ml Mini,Pepsi,Beverages,14.54,247,3591.38,10
2026-01-07,SKU_1024,Pepsi 250ml Mini,Pepsi,Beverages,14.09,219,3085.71,0
2026-01-08,SKU_1024,Pepsi 250ml Mini,Pepsi,Beverages,13.89,220,3055.8,0
2026-01-09,SKU_1024,Pepsi 250ml Mini,Pepsi,Beverages,13.33,221,2945.93,0
2026-01-10,SKU_1024,Pepsi 250ml Mini,Pepsi,Beverages,13.87,254,3522.98,5
2026-01-11,SKU_1024,Pepsi 250ml Mini,Pepsi,Beverages,14.11,219,3090.09,0
2026-01-12,SKU_1024,Pepsi 250ml Mini,Pepsi,Beverages,14.34,219,3140.46,0
2026-01-13,SKU_1024,Pepsi 250ml Mini,Pepsi,Beverages,14.7,217,3189.9,0
2026-01-14,SKU_1024,Pepsi 250ml Mini,Pepsi,Beverages,14.72,218,3208.96,0
2026-01-15,SKU_1024,Pepsi 250ml Mini,Pepsi,Beverages,14.07,219,3081.33,0
2026-01-16,SKU_1024,Pepsi 250ml Mini,Pepsi,Beverages,13.77,255,3511.35,5
2026-01-17,SKU_1024,Pepsi 250ml Mini,Pepsi,Beverages,13.54,241,3263.14,5
2026-01-18,SKU_1024,Pepsi 250ml Mini,Pepsi,Beverages,14.58,249,3630.42,5
2026-01-19,SKU_1024,Pepsi 250ml Mini,Pepsi,Beverages,13.91,220,3060.2,0
2026-01-20,SKU_1024,Pepsi 250ml Mini,Pepsi,Beverages,14.98,233,3490.34,5
2026-01-21,SKU_1024,Pepsi 250ml Mini,Pepsi,Beverages,14.86,218,3239.48,0
2026-01-22,SKU_1024,Pepsi 250ml Mini,Pepsi,Beverages,13.84,243,3363.12,5
2026-01-23,SKU_1024,Pepsi 250ml Mini,Pepsi,Beverages,15.06,236,3554.16,5
2026-01-24,SKU_1024,Pepsi 250ml Mini,Pepsi,Beverages,14.03,231,3240.93,10
2026-01-25,SKU_1024,Pepsi 250ml Mini,Pepsi,Beverages,14.01,219,3068.19,0
2026-01-26,SKU_1024,Pepsi 250ml Mini,Pepsi,Beverages,13.81,220,3038.2,0
2026-01-27,SKU_1024,Pepsi 250ml Mini,Pepsi,Beverages,13.98,256,3578.88,10
2026-01-28,SKU_1024,Pepsi 250ml Mini,Pepsi,Beverages,15.04,247,3714.88,10
2026-01-29,SKU_1024,Pepsi 250ml Mini,Pepsi,Beverages,14.01,229,3208.29,10
2026-01-30,SKU_1024,Pepsi 250ml Mini,Pepsi,Beverages,13.5,246,3321.0,5
2026-01-31,SKU_1024,Pepsi 250ml Mini,Pepsi,Beverages,14.59,218,3180.62,0
2026-02-01,SKU_1024,Pepsi 250ml Mini,Pepsi,Beverages,13.66,249,3401.34,10
2026-02-02,SKU_1024,Pepsi 250ml Mini,Pepsi,Beverages,14.91,218,3250.38,0
2026-02-03,SKU_1024,Pepsi 250ml Mini,Pepsi,Beverages,14.99,218,3267.82,0
2026-02-04,SKU_1024,Pepsi 250ml Mini,Pepsi,Beverages,15.11,217,3278.87,0
2026-02-05,SKU_1024,Pepsi 250ml Mini,Pepsi,Beverages,14.85,229,3400.65,5
2026-02-06,SKU_1024,Pepsi 250ml Mini,Pepsi,Beverages,13.57,220,2985.4,0
2026-02-07,SKU_1024,Pepsi 250ml Mini,Pepsi,Beverages,13.4,221,2961.4,0
2026-02-08,SKU_1024,Pepsi 250ml Mini,Pepsi,Beverages,14.64,218,3191.52,0
2026-02-09,SKU_1024,Pepsi 250ml Mini,Pepsi,Beverages,13.71,253,3468.63,10
2026-02-10,SKU_1024,Pepsi 250ml Mini,Pepsi,Beverages,14.0,220,3080.0,0
2026-02-11,SKU_1024,Pepsi 250ml Mini,Pepsi,Beverages,14.14,219,3096.66,0
2026-02-12,SKU_1024,Pepsi 250ml Mini,Pepsi,Beverages,13.97,235,3282.95,10
2026-02-13,SKU_1024,Pepsi 250ml Mini,Pepsi,Beverages,13.86,252,3492.72,10
2026-02-14,SKU_1024,Pepsi 250ml Mini,Pepsi,Beverages,14.67,218,3198.06,0
2026-02-15,SKU_1024,Pepsi 250ml Mini,Pepsi,Beverages,13.96,220,3071.2,0
2026-02-16,SKU_1024,Pepsi 250ml Mini,Pepsi,Beverages,13.39,239,3200.21,5
2026-02-17,SKU_1024,Pepsi 250ml Mini,Pepsi,Beverages,13.86,240,3326.4,5
2026-02-18,SKU_1024,Pepsi 250ml Mini,Pepsi,Beverages,14.65,218,3193.7,0
2026-02-19,SKU_1024,Pepsi 250ml Mini,Pepsi,Beverages,13.5,221,2983.5,0
2026-02-20,SKU_1024,Pepsi 250ml Mini,Pepsi,Beverages,15.0,217,3255.0,0
2026-02-21,SKU_1024,Pepsi 250ml Mini,Pepsi,Beverages,14.7,249,3660.3,5
2026-02-22,SKU_1024,Pepsi 250ml Mini,Pepsi,Beverages,15.01,217,3257.17,0
2026-02-23,SKU_1024,Pepsi 250ml Mini,Pepsi,Beverages,14.12,253,3572.36,5
2026-02-24,SKU_1024,Pepsi 250ml Mini,Pepsi,Beverages,13.68,220,3009.6,0
2026-02-25,SKU_1024,Pepsi 250ml Mini,Pepsi,Beverages,14.19,246,3490.74,10
2026-02-26,SKU_1024,Pepsi 250ml Mini,Pepsi,Beverages,13.99,220,3077.8,0
2026-02-27,SKU_1024,Pepsi 250ml Mini,Pepsi,Beverages,14.93,218,3254.74,0
2026-02-28,SKU_1024,Pepsi 250ml Mini,Pepsi,Beverages,14.49,219,3173.31,0
2026-03-01,SKU_1024,Pepsi 250ml Mini,Pepsi,Beverages,14.4,219,3153.6,0
2026-03-02,SKU_1024,Pepsi 250ml Mini,Pepsi,Beverages,14.8,218,3226.4,0
2026-03-03,SKU_1024,Pepsi 250ml Mini,Pepsi,Beverages,13.36,221,2952.56,0
2026-03-04,SKU_1024,Pepsi 250ml Mini,Pepsi,Beverages,13.89,220,3055.8,0
2026-03-05,SKU_1024,Pepsi 250ml Mini,Pepsi,Beverages,13.79,220,3033.8,0
2026-03-06,SKU_1024,Pepsi 250ml Mini,Pepsi,Beverages,14.84,217,3220.28,0
2026-03-07,SKU_1024,Pepsi 250ml Mini,Pepsi,Beverages,13.37,221,2954.77,0
2026-03-08,SKU_1024,Pepsi 250ml Mini,Pepsi,Beverages,14.24,243,3460.32,5
2026-03-09,SKU_1024,Pepsi 250ml Mini,Pepsi,Beverages,14.16,219,3101.04,0
2026-03-10,SKU_1024,Pepsi 250ml Mini,Pepsi,Beverages,14.83,218,3232.94,0
2026-03-11,SKU_1024,Pepsi 250ml Mini,Pepsi,Beverages,13.81,220,3038.2,0
2026-03-12,SKU_1024,Pepsi 250ml Mini,Pepsi,Beverages,13.78,236,3252.08,10
2026-03-13,SKU_1024,Pepsi 250ml Mini,Pepsi,Beverages,14.79,217,3209.43,0
2026-03-14,SKU_1024,Pepsi 250ml Mini,Pepsi,Beverages,14.16,251,3554.16,5
2026-03-15,SKU_1024,Pepsi 250ml Mini,Pepsi,Beverages,14.73,218,3211.14,0
2026-03-16,SKU_1024,Pepsi 250ml Mini,Pepsi,Beverages,13.74,220,3022.8,0
2026-03-17,SKU_1024,Pepsi 250ml Mini,Pepsi,Beverages,14.28,250,3570.0,10
2026-03-18,SKU_1024,Pepsi 250ml Mini,Pepsi,Beverages,13.76,255,3508.8,5
2026-03-19,SKU_1024,Pepsi 250ml Mini,Pepsi,Beverages,14.43,244,3520.92,10
2026-03-20,SKU_1024,Pepsi 250ml Mini,Pepsi,Beverages,14.24,230,3275.2,10
2026-03-21,SKU_1024,Pepsi 250ml Mini,Pepsi,Beverages,13.86,248,3437.28,5
2026-03-22,SKU_1024,Pepsi 250ml Mini,Pepsi,Beverages,14.58,218,3178.44,0
2026-03-23,SKU_1024,Pepsi 250ml Mini,Pepsi,Beverages,13.8,220,3036.0,0
2026-03-24,SKU_1024,Pepsi 250ml Mini,Pepsi,Beverages,13.76,220,3027.2,0
2026-03-25,SKU_1024,Pepsi 250ml Mini,Pepsi,Beverages,14.87,250,3717.5,10
2026-03-26,SKU_1024,Pepsi 250ml Mini,Pepsi,Beverages,15.05,217,3265.85,0
2026-03-27,SKU_1024,Pepsi 250ml Mini,Pepsi,Beverages,13.79,250,3447.5,10
2026-03-28,SKU_1024,Pepsi 250ml Mini,Pepsi,Beverages,13.71,237,3249.27,10
2026-03-29,SKU_1024,Pepsi 250ml Mini,Pepsi,Beverages,13.73,220,3020.6,0
2026-03-30,SKU_1024,Pepsi 250ml Mini,Pepsi,Beverages,15.08,241,3634.28,10
2026-03-31,SKU_1024,Pepsi 250ml Mini,Pepsi,Beverages,13.35,221,2950.35,0
2026-04-01,SKU_1024,Pepsi 250ml Mini,Pepsi,Beverages,15.02,272,4085.44,0
2026-04-02,SKU_1024,Pepsi 250ml Mini,Pepsi,Beverages,14.24,274,3901.76,0
2026-04-03,SKU_1024,Pepsi 250ml Mini,Pepsi,Beverages,14.6,273,3985.8,0
2026-04-04,SKU_1024,Pepsi 250ml Mini,Pepsi,Beverages,13.61,275,3742.75,0
2026-04-05,SKU_1024,Pepsi 250ml Mini,Pepsi,Beverages,13.33,276,3679.08,0
2026-04-06,SKU_1024,Pepsi 250ml Mini,Pepsi,Beverages,13.33,301,4012.33,5
2026-04-07,SKU_1024,Pepsi 250ml Mini,Pepsi,Beverages,14.09,274,3860.66,0
2026-04-08,SKU_1024,Pepsi 250ml Mini,Pepsi,Beverages,14.22,313,4450.86,10
2026-04-09,SKU_1024,Pepsi 250ml Mini,Pepsi,Beverages,14.76,285,4206.6,5
2026-04-10,SKU_1024,Pepsi 250ml Mini,Pepsi,Beverages,13.32,276,3676.32,0
2026-04-11,SKU_1024,Pepsi 250ml Mini,Pepsi,Beverages,13.64,275,3751.0,0
2026-04-12,SKU_1024,Pepsi 250ml Mini,Pepsi,Beverages,13.83,275,3803.25,0
2026-04-13,SKU_1024,Pepsi 250ml Mini,Pepsi,Beverages,14.93,272,4060.96,0
2026-04-14,SKU_1024,Pepsi 250ml Mini,Pepsi,Beverages,14.48,273,3953.04,0
2026-04-15,SKU_1024,Pepsi 250ml Mini,Pepsi,Beverages,14.37,291,4181.67,5
2026-04-16,SKU_1024,Pepsi 250ml Mini,Pepsi,Beverages,14.07,304,4277.28,10
2026-04-17,SKU_1024,Pepsi 250ml Mini,Pepsi,Beverages,13.55,313,4241.15,5
2026-04-18,SKU_1024,Pepsi 250ml Mini,Pepsi,Beverages,15.09,272,4104.48,0
2026-04-19,SKU_1024,Pepsi 250ml Mini,Pepsi,Beverages,13.36,276,3687.36,0
2026-04-20,SKU_1024,Pepsi 250ml Mini,Pepsi,Beverages,14.13,274,3871.62,0
2026-04-21,SKU_1024,Pepsi 250ml Mini,Pepsi,Beverages,13.31,277,3686.87,0
2026-04-22,SKU_1024,Pepsi 250ml Mini,Pepsi,Beverages,15.02,293,4400.86,10
2026-04-23,SKU_1024,Pepsi 250ml Mini,Pepsi,Beverages,14.1,274,3863.4,0
2026-04-24,SKU_1024,Pepsi 250ml Mini,Pepsi,Beverages,14.94,311,4646.34,5
2026-04-25,SKU_1024,Pepsi 250ml Mini,Pepsi,Beverages,14.52,273,3963.96,0
2026-04-26,SKU_1024,Pepsi 250ml Mini,Pepsi,Beverages,13.43,316,4243.88,5
2026-04-27,SKU_1024,Pepsi 250ml Mini,Pepsi,Beverages,13.98,275,3844.5,0
2026-04-28,SKU_1024,Pepsi 250ml Mini,Pepsi,Beverages,14.58,272,3965.76,0
2026-04-29,SKU_1024,Pepsi 250ml Mini,Pepsi,Beverages,15.1,299,4514.9,5
2026-04-30,SKU_1024,Pepsi 250ml Mini,Pepsi,Beverages,13.89,293,4069.77,10
2026-05-01,SKU_1024,Pepsi 250ml Mini,Pepsi,Beverages,14.71,302,4442.42,10
2026-05-02,SKU_1024,Pepsi 250ml Mini,Pepsi,Beverages,13.33,277,3692.41,0
2026-05-03,SKU_1024,Pepsi 250ml Mini,Pepsi,Beverages,14.08,274,3857.92,0
2026-05-04,SKU_1024,Pepsi 250ml Mini,Pepsi,Beverages,14.31,302,4321.62,10
2026-05-05,SKU_1024,Pepsi 250ml Mini,Pepsi,Beverages,14.43,298,4300.14,10
2026-05-06,SKU_1024,Pepsi 250ml Mini,Pepsi,Beverages,14.73,295,4345.35,10
2026-05-07,SKU_1024,Pepsi 250ml Mini,Pepsi,Beverages,14.32,287,4109.84,10
2026-05-08,SKU_1024,Pepsi 250ml Mini,Pepsi,Beverages,14.16,309,4375.44,5
2026-05-09,SKU_1024,Pepsi 250ml Mini,Pepsi,Beverages,14.42,273,3936.66,0
2026-05-10,SKU_1024,Pepsi 250ml Mini,Pepsi,Beverages,14.76,272,4014.72,0
2026-05-11,SKU_1024,Pepsi 250ml Mini,Pepsi,Beverages,14.13,312,4408.56,5
2026-05-12,SKU_1024,Pepsi 250ml Mini,Pepsi,Beverages,13.99,275,3847.25,0
2026-05-13,SKU_1024,Pepsi 250ml Mini,Pepsi,Beverages,13.53,276,3734.28,0
2026-05-14,SKU_1024,Pepsi 250ml Mini,Pepsi,Beverages,14.09,274,3860.66,0
2026-05-15,SKU_1024,Pepsi 250ml Mini,Pepsi,Beverages,14.13,302,4267.26,10
2026-05-16,SKU_1024,Pepsi 250ml Mini,Pepsi,Beverages,14.32,283,4052.56,5
2026-05-17,SKU_1024,Pepsi 250ml Mini,Pepsi,Beverages,13.85,275,3808.75,0
2026-05-18,SKU_1024,Pepsi 250ml Mini,Pepsi,Beverages,14.69,293,4304.17,10
