datasets/sales.csv
date,product_id,product_name,brand,category,selling_price,units_sold,revenue,promotion_discount_pct
2025-11-20,SKU_1025,Pepsi 250ml Regular,Pepsi,Beverages,21.43,269,5764.67,5
2025-11-21,SKU_1025,Pepsi 250ml Regular,Pepsi,Beverages,19.87,253,5027.11,0
2025-11-22,SKU_1025,Pepsi 250ml Regular,Pepsi,Beverages,20.2,252,5090.4,0
2025-11-23,SKU_1025,Pepsi 250ml Regular,Pepsi,Beverages,20.74,251,5205.74,0
2025-11-24,SKU_1025,Pepsi 250ml Regular,Pepsi,Beverages,20.0,252,5040.0,0
2025-11-25,SKU_1025,Pepsi 250ml Regular,Pepsi,Beverages,19.25,269,5178.25,10
2025-11-26,SKU_1025,Pepsi 250ml Regular,Pepsi,Beverages,19.73,275,5425.75,10
2025-11-27,SKU_1025,Pepsi 250ml Regular,Pepsi,Beverages,21.44,249,5338.56,0
2025-11-28,SKU_1025,Pepsi 250ml Regular,Pepsi,Beverages,19.42,274,5321.08,5
2025-11-29,SKU_1025,Pepsi 250ml Regular,Pepsi,Beverages,20.33,252,5123.16,0
2025-11-30,SKU_1025,Pepsi 250ml Regular,Pepsi,Beverages,21.11,249,5256.39,0
2025-12-01,SKU_1025,Pepsi 250ml Regular,Pepsi,Beverages,20.87,218,4549.66,0
2025-12-02,SKU_1025,Pepsi 250ml Regular,Pepsi,Beverages,19.27,221,4258.67,0
2025-12-03,SKU_1025,Pepsi 250ml Regular,Pepsi,Beverages,19.97,220,4393.4,0
2025-12-04,SKU_1025,Pepsi 250ml Regular,Pepsi,Beverages,19.83,220,4362.6,0
2025-12-05,SKU_1025,Pepsi 250ml Regular,Pepsi,Beverages,19.01,222,4220.22,0
2025-12-06,SKU_1025,Pepsi 250ml Regular,Pepsi,Beverages,21.2,217,4600.4,0
2025-12-07,SKU_1025,Pepsi 250ml Regular,Pepsi,Beverages,20.85,218,4545.3,0
2025-12-08,SKU_1025,Pepsi 250ml Regular,Pepsi,Beverages,19.16,221,4234.36,0
2025-12-09,SKU_1025,Pepsi 250ml Regular,Pepsi,Beverages,20.07,234,4696.38,5
2025-12-10,SKU_1025,Pepsi 250ml Regular,Pepsi,Beverages,19.55,235,4594.25,5
2025-12-11,SKU_1025,Pepsi 250ml Regular,Pepsi,Beverages,20.31,239,4854.09,10
2025-12-12,SKU_1025,Pepsi 250ml Regular,Pepsi,Beverages,21.31,216,4602.96,0
2025-12-13,SKU_1025,Pepsi 250ml Regular,Pepsi,Beverages,19.01,251,4771.51,10
2025-12-14,SKU_1025,Pepsi 250ml Regular,Pepsi,Beverages,21.46,216,4635.36,0
2025-12-15,SKU_1025,Pepsi 250ml Regular,Pepsi,Beverages,19.42,238,4621.96,5
2025-12-16,SKU_1025,Pepsi 250ml Regular,Pepsi,Beverages,19.23,222,4269.06,0
2025-12-17,SKU_1025,Pepsi 250ml Regular,Pepsi,Beverages,20.01,219,4382.19,0
2025-12-18,SKU_1025,Pepsi 250ml Regular,Pepsi,Beverages,19.02,221,4203.42,0
2025-12-19,SKU_1025,Pepsi 250ml Regular,Pepsi,Beverages,21.45,216,4633.2,0
2025-12-20,SKU_1025,Pepsi 250ml Regular,Pepsi,Beverages,19.24,221,4252.04,0
2025-12-21,SKU_1025,Pepsi 250ml Regular,Pepsi,Beverages,20.59,218,4488.62,0
2025-12-22,SKU_1025,Pepsi 250ml Regular,Pepsi,Beverages,21.55,216,4654.8,0
2025-12-23,SKU_1025,Pepsi 250ml Regular,Pepsi,Beverages,19.48,220,4285.6,0
2025-12-24,SKU_1025,Pepsi 250ml Regular,Pepsi,Beverages,20.93,229,4792.97,5
2025-12-25,SKU_1025,Pepsi 250ml Regular,Pepsi,Beverages,21.13,218,4606.34,0
2025-12-26,SKU_1025,Pepsi 250ml Regular,Pepsi,Beverages,19.09,249,4753.41,5
2025-12-27,SKU_1025,Pepsi 250ml Regular,Pepsi,Beverages,19.82,238,4717.16,5
2025-12-28,SKU_1025,Pepsi 250ml Regular,Pepsi,Beverages,21.36,216,4613.76,0
2025-12-29,SKU_1025,Pepsi 250ml Regular,Pepsi,Beverages,21.28,216,4596.48,0
2025-12-30,SKU_1025,Pepsi 250ml Regular,Pepsi,Beverages,20.46,219,4480.74,0
2025-12-31,SKU_1025,Pepsi 250ml Regular,Pepsi,Beverages,19.59,247,4838.73,10
2026-01-01,SKU_1025,Pepsi 250ml Regular,Pepsi,Beverages,20.22,235,4751.7,10
2026-01-02,SKU_1025,Pepsi 250ml Regular,Pepsi,Beverages,21.25,217,4611.25,0
2026-01-03,SKU_1025,Pepsi 250ml Regular,Pepsi,Beverages,20.55,252,5178.6,5
2026-01-04,SKU_1025,Pepsi 250ml Regular,Pepsi,Beverages,19.3,221,4265.3,0
2026-01-05,SKU_1025,Pepsi 250ml Regular,Pepsi,Beverages,21.49,254,5458.46,10
2026-01-06,SKU_1025,Pepsi 250ml Regular,Pepsi,Beverages,19.37,221,4280.77,0
2026-01-07,SKU_1025,Pepsi 250ml Regular,Pepsi,Beverages,21.11,218,4601.98,0
2026-01-08,SKU_1025,Pepsi 250ml Regular,Pepsi,Beverages,19.09,221,4218.89,0
2026-01-09,SKU_1025,Pepsi 250ml Regular,Pepsi,Beverages,19.91,242,4818.22,10
2026-01-10,SKU_1025,Pepsi 250ml Regular,Pepsi,Beverages,19.58,258,5051.64,5
2026-01-11,SKU_1025,Pepsi 250ml Regular,Pepsi,Beverages,19.77,220,4349.4,0
2026-01-12,SKU_1025,Pepsi 250ml Regular,Pepsi,Beverages,20.14,219,4410.66,0
2026-01-13,SKU_1025,Pepsi 250ml Regular,Pepsi,Beverages,19.88,246,4890.48,5
2026-01-14,SKU_1025,Pepsi 250ml Regular,Pepsi,Beverages,19.16,245,4694.2,10
2026-01-15,SKU_1025,Pepsi 250ml Regular,Pepsi,Beverages,19.1,221,4221.1,0
2026-01-16,SKU_1025,Pepsi 250ml Regular,Pepsi,Beverages,20.53,219,4496.07,0
2026-01-17,SKU_1025,Pepsi 250ml Regular,Pepsi,Beverages,21.32,232,4946.24,10
2026-01-18,SKU_1025,Pepsi 250ml Regular,Pepsi,Beverages,20.42,218,4451.56,0
2026-01-19,SKU_1025,Pepsi 250ml Regular,Pepsi,Beverages,21.08,217,4574.36,0
2026-01-20,SKU_1025,Pepsi 250ml Regular,Pepsi,Beverages,20.06,219,4393.14,0
2026-01-21,SKU_1025,Pepsi 250ml Regular,Pepsi,Beverages,19.86,259,5143.74,5
2026-01-22,SKU_1025,Pepsi 250ml Regular,Pepsi,Beverages,19.72,220,4338.4,0
2026-01-23,SKU_1025,Pepsi 250ml Regular,Pepsi,Beverages,20.17,219,4417.23,0
2026-01-24,SKU_1025,Pepsi 250ml Regular,Pepsi,Beverages,19.95,220,4389.0,0
2026-01-25,SKU_1025,Pepsi 250ml Regular,Pepsi,Beverages,20.47,218,4462.46,0
2026-01-26,SKU_1025,Pepsi 250ml Regular,Pepsi,Beverages,20.54,218,4477.72,0
2026-01-27,SKU_1025,Pepsi 250ml Regular,Pepsi,Beverages,21.35,217,4632.95,0
2026-01-28,SKU_1025,Pepsi 250ml Regular,Pepsi,Beverages,20.28,219,4441.32,0
2026-01-29,SKU_1025,Pepsi 250ml Regular,Pepsi,Beverages,20.73,218,4519.14,0
2026-01-30,SKU_1025,Pepsi 250ml Regular,Pepsi,Beverages,19.26,221,4256.46,0
2026-01-31,SKU_1025,Pepsi 250ml Regular,Pepsi,Beverages,20.2,232,4686.4,5
2026-02-01,SKU_1025,Pepsi 250ml Regular,Pepsi,Beverages,20.56,218,4482.08,0
2026-02-02,SKU_1025,Pepsi 250ml Regular,Pepsi,Beverages,19.85,251,4982.35,5
2026-02-03,SKU_1025,Pepsi 250ml Regular,Pepsi,Beverages,20.01,219,4382.19,0
2026-02-04,SKU_1025,Pepsi 250ml Regular,Pepsi,Beverages,19.44,241,4685.04,10
2026-02-05,SKU_1025,Pepsi 250ml Regular,Pepsi,Beverages,21.39,217,4641.63,0
2026-02-06,SKU_1025,Pepsi 250ml Regular,Pepsi,Beverages,20.82,218,4538.76,0
2026-02-07,SKU_1025,Pepsi 250ml Regular,Pepsi,Beverages,21.6,215,4644.0,0
2026-02-08,SKU_1025,Pepsi 250ml Regular,Pepsi,Beverages,19.47,242,4711.74,10
2026-02-09,SKU_1025,Pepsi 250ml Regular,Pepsi,Beverages,21.27,217,4615.59,0
2026-02-10,SKU_1025,Pepsi 250ml Regular,Pepsi,Beverages,21.24,216,4587.84,0
2026-02-11,SKU_1025,Pepsi 250ml Regular,Pepsi,Beverages,19.21,221,4245.41,0
2026-02-12,SKU_1025,Pepsi 250ml Regular,Pepsi,Beverages,21.24,216,4587.84,0
2026-02-13,SKU_1025,Pepsi 250ml Regular,Pepsi,Beverages,21.51,234,5033.34,10
2026-02-14,SKU_1025,Pepsi 250ml Regular,Pepsi,Beverages,20.14,219,4410.66,0
2026-02-15,SKU_1025,Pepsi 250ml Regular,Pepsi,Beverages,19.08,234,4464.72,5
2026-02-16,SKU_1025,Pepsi 250ml Regular,Pepsi,Beverages,20.99,217,4554.83,0
2026-02-17,SKU_1025,Pepsi 250ml Regular,Pepsi,Beverages,20.21,219,4425.99,0
2026-02-18,SKU_1025,Pepsi 250ml Regular,Pepsi,Beverages,20.84,217,4522.28,0
2026-02-19,SKU_1025,Pepsi 250ml Regular,Pepsi,Beverages,20.67,218,4506.06,0
2026-02-20,SKU_1025,Pepsi 250ml Regular,Pepsi,Beverages,19.13,222,4246.86,0
2026-02-21,SKU_1025,Pepsi 250ml Regular,Pepsi,Beverages,21.49,216,4641.84,0
2026-02-22,SKU_1025,Pepsi 250ml Regular,Pepsi,Beverages,21.01,231,4853.31,10
2026-02-23,SKU_1025,Pepsi 250ml Regular,Pepsi,Beverages,19.01,222,4220.22,0
2026-02-24,SKU_1025,Pepsi 250ml Regular,Pepsi,Beverages,21.28,246,5234.88,10
2026-02-25,SKU_1025,Pepsi 250ml Regular,Pepsi,Beverages,20.82,217,4517.94,0
2026-02-26,SKU_1025,Pepsi 250ml Regular,Pepsi,Beverages,19.19,260,4989.4,10
2026-02-27,SKU_1025,Pepsi 250ml Regular,Pepsi,Beverages,19.24,221,4252.04,0
2026-02-28,SKU_1025,Pepsi 250ml Regular,Pepsi,Beverages,21.29,216,4598.64,0
2026-03-01,SKU_1025,Pepsi 250ml Regular,Pepsi,Beverages,21.5,216,4644.0,0
2026-03-02,SKU_1025,Pepsi 250ml Regular,Pepsi,Beverages,21.36,216,4613.76,0
2026-03-03,SKU_1025,Pepsi 250ml Regular,Pepsi,Beverages,19.38,221,4282.98,0
2026-03-04,SKU_1025,Pepsi 250ml Regular,Pepsi,Beverages,19.09,249,4753.41,5
2026-03-05,SKU_1025,Pepsi 250ml Regular,Pepsi,Beverages,21.45,217,4654.65,0
2026-03-06,SKU_1025,Pepsi 250ml Regular,Pepsi,Beverages,20.03,230,4606.9,10
2026-03-07,SKU_1025,Pepsi 250ml Regular,Pepsi,Beverages,19.19,246,4720.74,5
2026-03-08,SKU_1025,Pepsi 250ml Regular,Pepsi,Beverages,19.68,220,4329.6,0
2026-03-09,SKU_1025,Pepsi 250ml Regular,Pepsi,Beverages,21.59,216,4663.44,0
2026-03-10,SKU_1025,Pepsi 250ml Regular,Pepsi,Beverages,20.86,217,4526.62,0
2026-03-11,SKU_1025,Pepsi 250ml Regular,Pepsi,Beverages,20.48,251,5140.48,10
2026-03-12,SKU_1025,Pepsi 250ml Regular,Pepsi,Beverages,21.5,216,4644.0,0
2026-03-13,SKU_1025,Pepsi 250ml Regular,Pepsi,Beverages,19.05,243,4629.15,5
2026-03-14,SKU_1025,Pepsi 250ml Regular,Pepsi,Beverages,20.97,217,4550.49,0
2026-03-15,SKU_1025,Pepsi 250ml Regular,Pepsi,Beverages,19.85,220,4367.0,0
2026-03-16,SKU_1025,Pepsi 250ml Regular,Pepsi,Beverages,21.15,218,4610.7,0
2026-03-17,SKU_1025,Pepsi 250ml Regular,Pepsi,Beverages,21.56,216,4656.96,0
2026-03-18,SKU_1025,Pepsi 250ml Regular,Pepsi,Beverages,21.34,217,4630.78,0
2026-03-19,SKU_1025,Pepsi 250ml Regular,Pepsi,Beverages,20.19,230,4643.7,10
2026-03-20,SKU_1025,Pepsi 250ml Regular,Pepsi,Beverages,20.63,250,5157.5,10
2026-03-21,SKU_1025,Pepsi 250ml Regular,Pepsi,Beverages,21.03,218,4584.54,0
2026-03-22,SKU_1025,Pepsi 250ml Regular,Pepsi,Beverages,19.8,220,4356.0,0
2026-03-23,SKU_1025,Pepsi 250ml Regular,Pepsi,Beverages,19.04,233,4436.32,10
2026-03-24,SKU_1025,Pepsi 250ml Regular,Pepsi,Beverages,20.67,218,4506.06,0
2026-03-25,SKU_1025,Pepsi 250ml Regular,Pepsi,Beverages,19.93,247,4922.71,10
2026-03-26,SKU_1025,Pepsi 250ml Regular,Pepsi,Beverages,21.38,216,4618.08,0
2026-03-27,SKU_1025,Pepsi 250ml Regular,Pepsi,Beverages,19.04,222,4226.88,0
2026-03-28,SKU_1025,Pepsi 250ml Regular,Pepsi,Beverages,19.23,221,4249.83,0
2026-03-29,SKU_1025,Pepsi 250ml Regular,Pepsi,Beverages,21.07,217,4572.19,0
2026-03-30,SKU_1025,Pepsi 250ml Regular,Pepsi,Beverages,19.73,240,4735.2,5
2026-03-31,SKU_1025,Pepsi 250ml Regular,Pepsi,Beverages,20.96,252,5281.92,10
2026-04-01,SKU_1025,Pepsi 250ml Regular,Pepsi,Beverages,21.55,307,6615.85,10
2026-04-02,SKU_1025,Pepsi 250ml Regular,Pepsi,Beverages,19.48,310,6038.8,10
2026-04-03,SKU_1025,Pepsi 250ml Regular,Pepsi,Beverages,20.1,274,5507.4,0
2026-04-04,SKU_1025,Pepsi 250ml Regular,Pepsi,Beverages,19.6,307,6017.2,5
2026-04-05,SKU_1025,Pepsi 250ml Regular,Pepsi,Beverages,21.09,272,5736.48,0
2026-04-06,SKU_1025,Pepsi 250ml Regular,Pepsi,Beverages,21.3,272,5793.6,0
2026-04-07,SKU_1025,Pepsi 250ml Regular,Pepsi,Beverages,19.92,275,5478.0,0
2026-04-08,SKU_1025,Pepsi 250ml Regular,Pepsi,Beverages,20.2,274,5534.8,0
2026-04-09,SKU_1025,Pepsi 250ml Regular,Pepsi,Beverages,20.81,286,5951.66,5
2026-04-10,SKU_1025,Pepsi 250ml Regular,Pepsi,Beverages,19.24,276,5310.24,0
2026-04-11,SKU_1025,Pepsi 250ml Regular,Pepsi,Beverages,19.59,276,5406.84,0
2026-04-12,SKU_1025,Pepsi 250ml Regular,Pepsi,Beverages,19.47,276,5373.72,0
2026-04-13,SKU_1025,Pepsi 250ml Regular,Pepsi,Beverages,19.26,277,5335.02,0
2026-04-14,SKU_1025,Pepsi 250ml Regular,Pepsi,Beverages,19.18,312,5984.16,10
2026-04-15,SKU_1025,Pepsi 250ml Regular,Pepsi,Beverages,19.32,310,5989.2,5
2026-04-16,SKU_1025,Pepsi 250ml Regular,Pepsi,Beverages,19.01,277,5265.77,0
2026-04-17,SKU_1025,Pepsi 250ml Regular,Pepsi,Beverages,20.13,297,5978.61,10
2026-04-18,SKU_1025,Pepsi 250ml Regular,Pepsi,Beverages,19.55,303,5923.65,10
2026-04-19,SKU_1025,Pepsi 250ml Regular,Pepsi,Beverages,19.21,277,5321.17,0
2026-04-20,SKU_1025,Pepsi 250ml Regular,Pepsi,Beverages,20.48,288,5898.24,5
2026-04-21,SKU_1025,Pepsi 250ml Regular,Pepsi,Beverages,20.83,299,6228.17,10
2026-04-22,SKU_1025,Pepsi 250ml Regular,Pepsi,Beverages,19.12,276,5277.12,0
2026-04-23,SKU_1025,Pepsi 250ml Regular,Pepsi,Beverages,21.38,308,6585.04,10
2026-04-24,SKU_1025,Pepsi 250ml Regular,Pepsi,Beverages,19.56,305,5965.8,5
2026-04-25,SKU_1025,Pepsi 250ml Regular,Pepsi,Beverages,21.45,295,6327.75,10
2026-04-26,SKU_1025,Pepsi 250ml Regular,Pepsi,Beverages,21.34,270,5761.8,0
2026-04-27,SKU_1025,Pepsi 250ml Regular,Pepsi,Beverages,19.86,275,5461.5,0
2026-04-28,SKU_1025,Pepsi 250ml Regular,Pepsi,Beverages,20.71,272,5633.12,0
2026-04-29,SKU_1025,Pepsi 250ml Regular,Pepsi,Beverages,19.44,276,5365.44,0
2026-04-30,SKU_1025,Pepsi 250ml Regular,Pepsi,Beverages,19.0,277,5263.0,0
2026-05-01,SKU_1025,Pepsi 250ml Regular,Pepsi,Beverages,20.6,273,5623.8,0
2026-05-02,SKU_1025,Pepsi 250ml Regular,Pepsi,Beverages,19.35,277,5359.95,0
2026-05-03,SKU_1025,Pepsi 250ml Regular,Pepsi,Beverages,19.66,293,5760.38,5
2026-05-04,SKU_1025,Pepsi 250ml Regular,Pepsi,Beverages,20.7,305,6313.5,10
2026-05-05,SKU_1025,Pepsi 250ml Regular,Pepsi,Beverages,19.29,276,5324.04,0
2026-05-06,SKU_1025,Pepsi 250ml Regular,Pepsi,Beverages,20.5,273,5596.5,0
2026-05-07,SKU_1025,Pepsi 250ml Regular,Pepsi,Beverages,20.75,272,5644.0,0
2026-05-08,SKU_1025,Pepsi 250ml Regular,Pepsi,Beverages,19.33,277,5354.41,0
2026-05-09,SKU_1025,Pepsi 250ml Regular,Pepsi,Beverages,19.72,275,5423.0,0
2026-05-10,SKU_1025,Pepsi 250ml Regular,Pepsi,Beverages,19.57,300,5871.0,5
2026-05-11,SKU_1025,Pepsi 250ml Regular,Pepsi,Beverages,19.93,275,5480.75,0
2026-05-12,SKU_1025,Pepsi 250ml Regular,Pepsi,Beverages,19.63,276,5417.88,0
2026-05-13,SKU_1025,Pepsi 250ml Regular,Pepsi,Beverages,21.34,282,6017.88,10
2026-05-14,SKU_1025,Pepsi 250ml Regular,Pepsi,Beverages,20.09,292,5866.28,5
2026-05-15,SKU_1025,Pepsi 250ml Regular,Pepsi,Beverages,20.03,274,5488.22,0
2026-05-16,SKU_1025,Pepsi 250ml Regular,Pepsi,Beverages,19.9,275,5472.5,0
2026-05-17,SKU_1025,Pepsi 250ml Regular,Pepsi,Beverages,21.43,292,6257.56,5
2026-05-18,SKU_1025,Pepsi 250ml Regular,Pepsi,Beverages,20.03,301,6029.03,10
