datasets/sales.csv
date,product_id,product_name,brand,category,selling_price,units_sold,revenue,promotion_discount_pct
2025-11-20,SKU_1026,Pepsi 250ml Value,Pepsi,Beverages,23.5,254,5969.0,0
2025-11-21,SKU_1026,Pepsi 250ml Value,Pepsi,Beverages,24.83,250,6207.5,0
2025-11-22,SKU_1026,Pepsi 250ml Value,Pepsi,Beverages,24.1,252,6073.2,0
2025-11-23,SKU_1026,Pepsi 250ml Value,Pepsi,Beverages,24.27,263,6383.01,10
2025-11-24,SKU_1026,Pepsi 250ml Value,Pepsi,Beverages,25.49,266,6780.34,10
2025-11-25,SKU_1026,Pepsi 250ml Value,Pepsi,Beverages,23.17,255,5908.35,0
2025-11-26,SKU_1026,Pepsi 250ml Value,Pepsi,Beverages,23.57,290,6835.3,10
2025-11-27,SKU_1026,Pepsi 250ml Value,Pepsi,Beverages,23.66,268,6340.88,5
2025-11-28,SKU_1026,Pepsi 250ml Value,Pepsi,Beverages,23.27,254,5910.58,0
2025-11-29,SKU_1026,Pepsi 250ml Value,Pepsi,Beverages,25.73,248,6381.04,0
2025-11-30,SKU_1026,Pepsi 250ml Value,Pepsi,Beverages,24.36,290,7064.4,10
2025-12-01,SKU_1026,Pepsi 250ml Value,Pepsi,Beverages,23.95,244,5843.8,5
2025-12-02,SKU_1026,Pepsi 250ml Value,Pepsi,Beverages,25.78,214,5516.92,0
2025-12-03,SKU_1026,Pepsi 250ml Value,Pepsi,Beverages,24.0,220,5280.0,0
2025-12-04,SKU_1026,Pepsi 250ml Value,Pepsi,Beverages,23.06,243,5603.58,5
2025-12-05,SKU_1026,Pepsi 250ml Value,Pepsi,Beverages,23.93,220,5264.6,0
2025-12-06,SKU_1026,Pepsi 250ml Value,Pepsi,Beverages,25.23,216,5449.68,0
2025-12-07,SKU_1026,Pepsi 250ml Value,Pepsi,Beverages,24.85,240,5964.0,5
2025-12-08,SKU_1026,Pepsi 250ml Value,Pepsi,Beverages,25.86,249,6439.14,10
2025-12-09,SKU_1026,Pepsi 250ml Value,Pepsi,Beverages,23.39,242,5660.38,5
2025-12-10,SKU_1026,Pepsi 250ml Value,Pepsi,Beverages,22.83,237,5410.71,5
2025-12-11,SKU_1026,Pepsi 250ml Value,Pepsi,Beverages,24.22,219,5304.18,0
2025-12-12,SKU_1026,Pepsi 250ml Value,Pepsi,Beverages,24.0,220,5280.0,0
2025-12-13,SKU_1026,Pepsi 250ml Value,Pepsi,Beverages,23.08,222,5123.76,0
2025-12-14,SKU_1026,Pepsi 250ml Value,Pepsi,Beverages,23.48,221,5189.08,0
2025-12-15,SKU_1026,Pepsi 250ml Value,Pepsi,Beverages,25.67,247,6340.49,10
2025-12-16,SKU_1026,Pepsi 250ml Value,Pepsi,Beverages,23.8,220,5236.0,0
2025-12-17,SKU_1026,Pepsi 250ml Value,Pepsi,Beverages,24.92,217,5407.64,0
2025-12-18,SKU_1026,Pepsi 250ml Value,Pepsi,Beverages,24.47,258,6313.26,10
2025-12-19,SKU_1026,Pepsi 250ml Value,Pepsi,Beverages,24.94,257,6409.58,10
2025-12-20,SKU_1026,Pepsi 250ml Value,Pepsi,Beverages,24.07,219,5271.33,0
2025-12-21,SKU_1026,Pepsi 250ml Value,Pepsi,Beverages,25.63,243,6228.09,10
2025-12-22,SKU_1026,Pepsi 250ml Value,Pepsi,Beverages,24.93,218,5434.74,0
2025-12-23,SKU_1026,Pepsi 250ml Value,Pepsi,Beverages,24.55,218,5351.9,0
2025-12-24,SKU_1026,Pepsi 250ml Value,Pepsi,Beverages,25.05,216,5410.8,0
2025-12-25,SKU_1026,Pepsi 250ml Value,Pepsi,Beverages,25.76,214,5512.64,0
2025-12-26,SKU_1026,Pepsi 250ml Value,Pepsi,Beverages,25.57,216,5523.12,0
2025-12-27,SKU_1026,Pepsi 250ml Value,Pepsi,Beverages,24.46,219,5356.74,0
2025-12-28,SKU_1026,Pepsi 250ml Value,Pepsi,Beverages,25.76,214,5512.64,0
2025-12-29,SKU_1026,Pepsi 250ml Value,Pepsi,Beverages,25.32,217,5494.44,0
2025-12-30,SKU_1026,Pepsi 250ml Value,Pepsi,Beverages,25.0,242,6050.0,10
2025-12-31,SKU_1026,Pepsi 250ml Value,Pepsi,Beverages,24.07,219,5271.33,0
2026-01-01,SKU_1026,Pepsi 250ml Value,Pepsi,Beverages,23.95,259,6203.05,5
2026-01-02,SKU_1026,Pepsi 250ml Value,Pepsi,Beverages,24.95,237,5913.15,5
2026-01-03,SKU_1026,Pepsi 250ml Value,Pepsi,Beverages,25.28,217,5485.76,0
2026-01-04,SKU_1026,Pepsi 250ml Value,Pepsi,Beverages,25.05,216,5410.8,0
2026-01-05,SKU_1026,Pepsi 250ml Value,Pepsi,Beverages,25.75,216,5562.0,0
2026-01-06,SKU_1026,Pepsi 250ml Value,Pepsi,Beverages,24.16,219,5291.04,0
2026-01-07,SKU_1026,Pepsi 250ml Value,Pepsi,Beverages,24.03,253,6079.59,10
2026-01-08,SKU_1026,Pepsi 250ml Value,Pepsi,Beverages,24.37,218,5312.66,0
2026-01-09,SKU_1026,Pepsi 250ml Value,Pepsi,Beverages,24.14,219,5286.66,0
2026-01-10,SKU_1026,Pepsi 250ml Value,Pepsi,Beverages,23.05,221,5094.05,0
2026-01-11,SKU_1026,Pepsi 250ml Value,Pepsi,Beverages,22.87,222,5077.14,0
2026-01-12,SKU_1026,Pepsi 250ml Value,Pepsi,Beverages,24.59,257,6319.63,10
2026-01-13,SKU_1026,Pepsi 250ml Value,Pepsi,Beverages,25.73,216,5557.68,0
2026-01-14,SKU_1026,Pepsi 250ml Value,Pepsi,Beverages,23.38,221,5166.98,0
2026-01-15,SKU_1026,Pepsi 250ml Value,Pepsi,Beverages,23.81,242,5762.02,10
2026-01-16,SKU_1026,Pepsi 250ml Value,Pepsi,Beverages,24.04,219,5264.76,0
2026-01-17,SKU_1026,Pepsi 250ml Value,Pepsi,Beverages,23.15,222,5139.3,0
2026-01-18,SKU_1026,Pepsi 250ml Value,Pepsi,Beverages,24.21,219,5301.99,0
2026-01-19,SKU_1026,Pepsi 250ml Value,Pepsi,Beverages,23.55,234,5510.7,10
2026-01-20,SKU_1026,Pepsi 250ml Value,Pepsi,Beverages,23.63,220,5198.6,0
2026-01-21,SKU_1026,Pepsi 250ml Value,Pepsi,Beverages,22.96,222,5097.12,0
2026-01-22,SKU_1026,Pepsi 250ml Value,Pepsi,Beverages,24.83,218,5412.94,0
2026-01-23,SKU_1026,Pepsi 250ml Value,Pepsi,Beverages,25.27,253,6393.31,5
2026-01-24,SKU_1026,Pepsi 250ml Value,Pepsi,Beverages,23.16,222,5141.52,0
2026-01-25,SKU_1026,Pepsi 250ml Value,Pepsi,Beverages,23.47,249,5844.03,5
2026-01-26,SKU_1026,Pepsi 250ml Value,Pepsi,Beverages,24.09,236,5685.24,5
2026-01-27,SKU_1026,Pepsi 250ml Value,Pepsi,Beverages,23.13,222,5134.86,0
2026-01-28,SKU_1026,Pepsi 250ml Value,Pepsi,Beverages,22.89,222,5081.58,0
2026-01-29,SKU_1026,Pepsi 250ml Value,Pepsi,Beverages,24.35,219,5332.65,0
2026-01-30,SKU_1026,Pepsi 250ml Value,Pepsi,Beverages,25.67,217,5570.39,0
2026-01-31,SKU_1026,Pepsi 250ml Value,Pepsi,Beverages,23.05,234,5393.7,5
2026-02-01,SKU_1026,Pepsi 250ml Value,Pepsi,Beverages,25.66,216,5542.56,0
2026-02-02,SKU_1026,Pepsi 250ml Value,Pepsi,Beverages,23.29,221,5147.09,0
2026-02-03,SKU_1026,Pepsi 250ml Value,Pepsi,Beverages,25.11,253,6352.83,10
2026-02-04,SKU_1026,Pepsi 250ml Value,Pepsi,Beverages,24.24,230,5575.2,5
2026-02-05,SKU_1026,Pepsi 250ml Value,Pepsi,Beverages,23.15,221,5116.15,0
2026-02-06,SKU_1026,Pepsi 250ml Value,Pepsi,Beverages,25.51,215,5484.65,0
2026-02-07,SKU_1026,Pepsi 250ml Value,Pepsi,Beverages,24.96,217,5416.32,0
2026-02-08,SKU_1026,Pepsi 250ml Value,Pepsi,Beverages,25.53,215,5488.95,0
2026-02-09,SKU_1026,Pepsi 250ml Value,Pepsi,Beverages,25.62,216,5533.92,0
2026-02-10,SKU_1026,Pepsi 250ml Value,Pepsi,Beverages,24.6,218,5362.8,0
2026-02-11,SKU_1026,Pepsi 250ml Value,Pepsi,Beverages,24.07,219,5271.33,0
2026-02-12,SKU_1026,Pepsi 250ml Value,Pepsi,Beverages,23.15,222,5139.3,0
2026-02-13,SKU_1026,Pepsi 250ml Value,Pepsi,Beverages,25.69,215,5523.35,0
2026-02-14,SKU_1026,Pepsi 250ml Value,Pepsi,Beverages,25.34,228,5777.52,10
2026-02-15,SKU_1026,Pepsi 250ml Value,Pepsi,Beverages,22.88,223,5102.24,0
2026-02-16,SKU_1026,Pepsi 250ml Value,Pepsi,Beverages,24.83,217,5388.11,0
2026-02-17,SKU_1026,Pepsi 250ml Value,Pepsi,Beverages,22.91,260,5956.6,5
2026-02-18,SKU_1026,Pepsi 250ml Value,Pepsi,Beverages,24.93,217,5409.81,0
2026-02-19,SKU_1026,Pepsi 250ml Value,Pepsi,Beverages,23.76,220,5227.2,0
2026-02-20,SKU_1026,Pepsi 250ml Value,Pepsi,Beverages,23.17,221,5120.57,0
2026-02-21,SKU_1026,Pepsi 250ml Value,Pepsi,Beverages,23.51,221,5195.71,0
2026-02-22,SKU_1026,Pepsi 250ml Value,Pepsi,Beverages,25.2,243,6123.6,5
2026-02-23,SKU_1026,Pepsi 250ml Value,Pepsi,Beverages,25.32,231,5848.92,5
2026-02-24,SKU_1026,Pepsi 250ml Value,Pepsi,Beverages,25.63,217,5561.71,0
2026-02-25,SKU_1026,Pepsi 250ml Value,Pepsi,Beverages,23.98,220,5275.6,0
2026-02-26,SKU_1026,Pepsi 250ml Value,Pepsi,Beverages,24.42,219,5347.98,0
2026-02-27,SKU_1026,Pepsi 250ml Value,Pepsi,Beverages,24.67,253,6241.51,5
2026-02-28,SKU_1026,Pepsi 250ml Value,Pepsi,Beverages,23.57,220,5185.4,0
2026-03-01,SKU_1026,Pepsi 250ml Value,Pepsi,Beverages,25.82,216,5577.12,0
2026-03-02,SKU_1026,Pepsi 250ml Value,Pepsi,Beverages,25.64,217,5563.88,0
2026-03-03,SKU_1026,Pepsi 250ml Value,Pepsi,Beverages,24.8,234,5803.2,5
2026-03-04,SKU_1026,Pepsi 250ml Value,Pepsi,Beverages,24.98,247,6170.06,10
2026-03-05,SKU_1026,Pepsi 250ml Value,Pepsi,Beverages,24.7,218,5384.6,0
2026-03-06,SKU_1026,Pepsi 250ml Value,Pepsi,Beverages,25.46,216,5499.36,0
2026-03-07,SKU_1026,Pepsi 250ml Value,Pepsi,Beverages,25.24,217,5477.08,0
2026-03-08,SKU_1026,Pepsi 250ml Value,Pepsi,Beverages,24.12,219,5282.28,0
2026-03-09,SKU_1026,Pepsi 250ml Value,Pepsi,Beverages,25.83,215,5553.45,0
2026-03-10,SKU_1026,Pepsi 250ml Value,Pepsi,Beverages,25.63,227,5818.01,5
2026-03-11,SKU_1026,Pepsi 250ml Value,Pepsi,Beverages,24.4,254,6197.6,5
2026-03-12,SKU_1026,Pepsi 250ml Value,Pepsi,Beverages,25.79,215,5544.85,0
2026-03-13,SKU_1026,Pepsi 250ml Value,Pepsi,Beverages,25.39,217,5509.63,0
2026-03-14,SKU_1026,Pepsi 250ml Value,Pepsi,Beverages,23.11,221,5107.31,0
2026-03-15,SKU_1026,Pepsi 250ml Value,Pepsi,Beverages,24.04,236,5673.44,10
2026-03-16,SKU_1026,Pepsi 250ml Value,Pepsi,Beverages,25.59,246,6295.14,10
2026-03-17,SKU_1026,Pepsi 250ml Value,Pepsi,Beverages,25.8,246,6346.8,5
2026-03-18,SKU_1026,Pepsi 250ml Value,Pepsi,Beverages,25.28,216,5460.48,0
2026-03-19,SKU_1026,Pepsi 250ml Value,Pepsi,Beverages,24.47,244,5970.68,5
2026-03-20,SKU_1026,Pepsi 250ml Value,Pepsi,Beverages,23.42,221,5175.82,0
2026-03-21,SKU_1026,Pepsi 250ml Value,Pepsi,Beverages,23.21,221,5129.41,0
2026-03-22,SKU_1026,Pepsi 250ml Value,Pepsi,Beverages,25.86,214,5534.04,0
2026-03-23,SKU_1026,Pepsi 250ml Value,Pepsi,Beverages,25.77,224,5772.48,10
2026-03-24,SKU_1026,Pepsi 250ml Value,Pepsi,Beverages,24.78,217,5377.26,0
2026-03-25,SKU_1026,Pepsi 250ml Value,Pepsi,Beverages,23.59,251,5921.09,10
2026-03-26,SKU_1026,Pepsi 250ml Value,Pepsi,Beverages,25.48,216,5503.68,0
2026-03-27,SKU_1026,Pepsi 250ml Value,Pepsi,Beverages,23.36,232,5419.52,5
2026-03-28,SKU_1026,Pepsi 250ml Value,Pepsi,Beverages,23.98,240,5755.2,10
2026-03-29,SKU_1026,Pepsi 250ml Value,Pepsi,Beverages,23.46,238,5583.48,5
2026-03-30,SKU_1026,Pepsi 250ml Value,Pepsi,Beverages,25.4,253,6426.2,5
2026-03-31,SKU_1026,Pepsi 250ml Value,Pepsi,Beverages,25.29,217,5487.93,0
2026-04-01,SKU_1026,Pepsi 250ml Value,Pepsi,Beverages,24.46,291,7117.86,5
2026-04-02,SKU_1026,Pepsi 250ml Value,Pepsi,Beverages,23.13,308,7124.04,5
2026-04-03,SKU_1026,Pepsi 250ml Value,Pepsi,Beverages,23.78,275,6539.5,0
2026-04-04,SKU_1026,Pepsi 250ml Value,Pepsi,Beverages,25.21,271,6831.91,0
2026-04-05,SKU_1026,Pepsi 250ml Value,Pepsi,Beverages,23.26,277,6443.02,0
2026-04-06,SKU_1026,Pepsi 250ml Value,Pepsi,Beverages,23.49,307,7211.43,5
2026-04-07,SKU_1026,Pepsi 250ml Value,Pepsi,Beverages,22.98,295,6779.1,5
2026-04-08,SKU_1026,Pepsi 250ml Value,Pepsi,Beverages,24.58,273,6710.34,0
2026-04-09,SKU_1026,Pepsi 250ml Value,Pepsi,Beverages,24.0,275,6600.0,0
2026-04-10,SKU_1026,Pepsi 250ml Value,Pepsi,Beverages,25.27,272,6873.44,0
2026-04-11,SKU_1026,Pepsi 250ml Value,Pepsi,Beverages,23.58,275,6484.5,0
2026-04-12,SKU_1026,Pepsi 250ml Value,Pepsi,Beverages,25.72,269,6918.68,0
2026-04-13,SKU_1026,Pepsi 250ml Value,Pepsi,Beverages,23.07,278,6413.46,0
2026-04-14,SKU_1026,Pepsi 250ml Value,Pepsi,Beverages,23.02,277,6376.54,0
2026-04-15,SKU_1026,Pepsi 250ml Value,Pepsi,Beverages,23.83,314,7482.62,10
2026-04-16,SKU_1026,Pepsi 250ml Value,Pepsi,Beverages,24.89,300,7467.0,5
2026-04-17,SKU_1026,Pepsi 250ml Value,Pepsi,Beverages,25.87,296,7657.52,5
2026-04-18,SKU_1026,Pepsi 250ml Value,Pepsi,Beverages,24.35,273,6647.55,0
2026-04-19,SKU_1026,Pepsi 250ml Value,Pepsi,Beverages,24.29,274,6655.46,0
2026-04-20,SKU_1026,Pepsi 250ml Value,Pepsi,Beverages,22.86,277,6332.22,0
2026-04-21,SKU_1026,Pepsi 250ml Value,Pepsi,Beverages,24.88,286,7115.68,5
2026-04-22,SKU_1026,Pepsi 250ml Value,Pepsi,Beverages,23.22,277,6431.94,0
2026-04-23,SKU_1026,Pepsi 250ml Value,Pepsi,Beverages,23.76,292,6937.92,10
2026-04-24,SKU_1026,Pepsi 250ml Value,Pepsi,Beverages,25.15,293,7368.95,10
2026-04-25,SKU_1026,Pepsi 250ml Value,Pepsi,Beverages,24.24,296,7175.04,5
2026-04-26,SKU_1026,Pepsi 250ml Value,Pepsi,Beverages,22.91,294,6735.54,5
2026-04-27,SKU_1026,Pepsi 250ml Value,Pepsi,Beverages,23.03,294,6770.82,5
2026-04-28,SKU_1026,Pepsi 250ml Value,Pepsi,Beverages,23.05,277,6384.85,0
2026-04-29,SKU_1026,Pepsi 250ml Value,Pepsi,Beverages,23.21,277,6429.17,0
2026-04-30,SKU_1026,Pepsi 250ml Value,Pepsi,Beverages,24.24,314,7611.36,10
2026-05-01,SKU_1026,Pepsi 250ml Value,Pepsi,Beverages,24.45,296,7237.2,10
2026-05-02,SKU_1026,Pepsi 250ml Value,Pepsi,Beverages,23.9,275,6572.5,0
2026-05-03,SKU_1026,Pepsi 250ml Value,Pepsi,Beverages,25.73,269,6921.37,0
2026-05-04,SKU_1026,Pepsi 250ml Value,Pepsi,Beverages,23.43,296,6935.28,5
2026-05-05,SKU_1026,Pepsi 250ml Value,Pepsi,Beverages,23.76,306,7270.56,10
2026-05-06,SKU_1026,Pepsi 250ml Value,Pepsi,Beverages,25.06,271,6791.26,0
2026-05-07,SKU_1026,Pepsi 250ml Value,Pepsi,Beverages,23.37,276,6450.12,0
2026-05-08,SKU_1026,Pepsi 250ml Value,Pepsi,Beverages,23.29,277,6451.33,0
2026-05-09,SKU_1026,Pepsi 250ml Value,Pepsi,Beverages,25.43,305,7756.15,5
2026-05-10,SKU_1026,Pepsi 250ml Value,Pepsi,Beverages,23.98,305,7313.9,10
2026-05-11,SKU_1026,Pepsi 250ml Value,Pepsi,Beverages,24.22,284,6878.48,5
2026-05-12,SKU_1026,Pepsi 250ml Value,Pepsi,Beverages,25.02,313,7831.26,5
2026-05-13,SKU_1026,Pepsi 250ml Value,Pepsi,Beverages,24.55,273,6702.15,0
2026-05-14,SKU_1026,Pepsi 250ml Value,Pepsi,Beverages,24.5,295,7227.5,5
2026-05-15,SKU_1026,Pepsi 250ml Value,Pepsi,Beverages,23.73,314,7451.22,5
2026-05-16,SKU_1026,Pepsi 250ml Value,Pepsi,Beverages,23.77,311,7392.47,5
2026-05-17,SKU_1026,Pepsi 250ml Value,Pepsi,Beverages,23.43,309,7239.87,5
2026-05-18,SKU_1026,Pepsi 250ml Value,Pepsi,Beverages,25.89,270,6990.3,0
2025-11-20,SKU_1027,Pepsi 250ml Family,Pepsi,Beverages,28.63,256,7329.28,0
2025-11-21,SKU_1027,Pepsi 250ml Family,Pepsi,Beverages,29.73,253,7521.69,0
2025-11-22,SKU_1027,Pepsi 250ml Family,Pepsi,Beverages,28.65,257,7363.05,0
2025-11-23,SKU_1027,Pepsi 250ml Family,Pepsi,Beverages,30.7,275,8442.5,5
2025-11-24,SKU_1027,Pepsi 250ml Family,Pepsi,Beverages,28.81,286,8239.66,10
2025-11-25,SKU_1027,Pepsi 250ml Family,Pepsi,Beverages,29.9,270,8073.0,5
2025-11-26,SKU_1027,Pepsi 250ml Family,Pepsi,Beverages,29.75,253,7526.75,0
2025-11-27,SKU_1027,Pepsi 250ml Family,Pepsi,Beverages,30.81,250,7702.5,0
2025-11-28,SKU_1027,Pepsi 250ml Family,Pepsi,Beverages,29.94,268,8023.92,10
2025-11-29,SKU_1027,Pepsi 250ml Family,Pepsi,Beverages,30.3,271,8211.3,5
2025-11-30,SKU_1027,Pepsi 250ml Family,Pepsi,Beverages,29.42,254,7472.68,0
2025-12-01,SKU_1027,Pepsi 250ml Family,Pepsi,Beverages,30.89,254,7846.06,10
2025-12-02,SKU_1027,Pepsi 250ml Family,Pepsi,Beverages,30.68,218,6688.24,0
2025-12-03,SKU_1027,Pepsi 250ml Family,Pepsi,Beverages,30.89,218,6734.02,0
2025-12-04,SKU_1027,Pepsi 250ml Family,Pepsi,Beverages,30.11,219,6594.09,0
2025-12-05,SKU_1027,Pepsi 250ml Family,Pepsi,Beverages,32.29,213,6877.77,0
2025-12-06,SKU_1027,Pepsi 250ml Family,Pepsi,Beverages,31.41,217,6815.97,0
2025-12-07,SKU_1027,Pepsi 250ml Family,Pepsi,Beverages,31.56,215,6785.4,0
2025-12-08,SKU_1027,Pepsi 250ml Family,Pepsi,Beverages,30.89,246,7598.94,10
2025-12-09,SKU_1027,Pepsi 250ml Family,Pepsi,Beverages,29.45,221,6508.45,0
2025-12-10,SKU_1027,Pepsi 250ml Family,Pepsi,Beverages,29.58,220,6507.6,0
2025-12-11,SKU_1027,Pepsi 250ml Family,Pepsi,Beverages,30.74,236,7254.64,5
2025-12-12,SKU_1027,Pepsi 250ml Family,Pepsi,Beverages,28.57,238,6799.66,10
2025-12-13,SKU_1027,Pepsi 250ml Family,Pepsi,Beverages,29.07,221,6424.47,0
2025-12-14,SKU_1027,Pepsi 250ml Family,Pepsi,Beverages,30.45,252,7673.4,5
2025-12-15,SKU_1027,Pepsi 250ml Family,Pepsi,Beverages,32.15,243,7812.45,10
2025-12-16,SKU_1027,Pepsi 250ml Family,Pepsi,Beverages,31.51,216,6806.16,0
2025-12-17,SKU_1027,Pepsi 250ml Family,Pepsi,Beverages,28.89,221,6384.69,0
2025-12-18,SKU_1027,Pepsi 250ml Family,Pepsi,Beverages,32.39,227,7352.53,5
2025-12-19,SKU_1027,Pepsi 250ml Family,Pepsi,Beverages,28.74,256,7357.44,5
2025-12-20,SKU_1027,Pepsi 250ml Family,Pepsi,Beverages,28.67,243,6966.81,10
2025-12-21,SKU_1027,Pepsi 250ml Family,Pepsi,Beverages,29.25,242,7078.5,5
2025-12-22,SKU_1027,Pepsi 250ml Family,Pepsi,Beverages,29.81,220,6558.2,0
